# 1. The Failure of Object Ontology

## 1.1 Objects as compressed histories
In the realm of linguistic analysis, treating language elements as immutabl[8D[K
immutable objects encapsulates their essence within a static network, empha[5D[K
emphasizing intrinsic properties and relationships such as those found in s[1D[K
syntactic trees or semantic roles. This **object-based ontology** posits th[2D[K
that identity is preserved through continuous support of distinctions rathe[5D[K
rather than being inherently granted. However, this perspective encounters [K
limitations when applied to the fluid nature of language use.

Consider biological entities: cells maintain their identity through ongoing[7D[K
ongoing metabolic processes and environmental interactions, which are not s[1D[K
static but dynamically sustained. Similarly, in computational systems, data[4D[K
data structures retain integrity only as long as they are actively managed [K
within a program's runtime environment. Thus, objects function as *compress[9D[K
*compressed histories*—they summarize past states but require continual rei[3D[K
reinforcement to remain distinct.

## 1.2 Static descriptions versus dynamic maintenance
The object ontology struggles to account for the persistence of linguistic [K
elements as an active process rather than a passive attribute. For instance[8D[K
instance, in discourse analysis, words or phrases do not exist in isolation[9D[K
isolation; their meanings are perpetuated through successive contextual eng[3D[K
engagements. 

**Examples from biology and computation further illustrate this point:**

- **Biological Example:** In cellular biology, proteins maintain functional[10D[K
functional identities through cycles of synthesis, folding, and degradation[11D[K
degradation. A protein's role is not merely its structural form but the dyn[3D[K
dynamic interactions it undergoes within a cellular milieu. Interruptions i[1D[K
in these processes—such as mutations or environmental stress—can destabiliz[10D[K
destabilize identity despite the underlying molecular blueprint remaining u[1D[K
unchanged.

- **Computational Example:** In software engineering, data objects are inst[4D[K
instantiated with specific attributes yet require continual memory allocati[8D[K
allocation and garbage collection to preserve their utility. Without these [K
dynamic maintenance mechanisms, objects would become obsolete, losing funct[5D[K
functionality within a program's operational framework.

These examples underscore that *persistence is an active process* rather th[2D[K
than an inherent property of static descriptions. Consequently, relying sol[3D[K
solely on object-based ontologies fails to capture the nuanced, ongoing neg[3D[K
negotiations necessary for maintaining meaning in discourse—a limitation ad[2D[K
addressed by integrating process-oriented perspectives.

---

**Transition to Process-Based Ontology:** Recognizing the inadequacies of o[1D[K
object-based approaches prompts a shift toward **process-based ontologies**[12D[K
ontologies**, which foreground dynamic interactions as the primary drivers [K
of linguistic continuity. The subsequent section will explore how these fra[3D[K
frameworks offer more comprehensive accounts of repair mechanisms within di[2D[K
discourse, aligning with the geometry of repair metaphor introduced earlier[7D[K
earlier. 

*(Continuation to follow in next section...)*

---

**Word count for this section: ~400 words (target approximately 900 words a[1D[K
across entire section).** 

*Note: The formal academic style and consistency with project memory are ma[2D[K
maintained throughout.*

### Issues Identified (Prioritized)

1. **Depth of Analysis**
   - The section is relatively brief (~400 words) for the target length (~9[3D[K
(~900 words), limiting comprehensive exploration of the failure of object o[1D[K
ontology and its implications.

2. **Structural Fidelity to Outline**
   - The content aligns well with the provided outline, covering both sub-s[5D[K
sub-sections (1.1 and 1.2). However, the concluding remarks about transitio[9D[K
transitioning to process-based ontologies could be more directly tied to th[2D[K
the outline structure.

3. **Argument Clarity and Logical Flow**
   - The argument is clear, with a logical progression from defining object[6D[K
object ontology to illustrating its limitations through biological and comp[4D[K
computational examples. No major jumps or ambiguities are present.

4. **Precision and Academic Tone**
   - The academic tone is maintained throughout, though some phrases could [K
be refined for precision (e.g., "compressed histories" could be better defi[4D[K
defined).

5. **Redundancy, Vagueness, Unsupported Claims**
   - Minor redundancy in the introductory paragraph where similar ideas are[3D[K
are repeated about identity maintenance and distinction support.
   - The statement about word count is extraneous to the content analysis.

6. **Consistency with Project Memory**
   - Consistent use of terminology (e.g., "object-based ontology," "process[8D[K
"process-based ontology") aligns with project memory definitions. No contra[6D[K
contradictions or redefinitions are present.

### Concrete Rewrite Instructions

1. **Expand Depth of Analysis**
   - Add more detailed examples and scholarly references to reinforce the l[1D[K
limitations of object-based ontologies.
   - Discuss counterarguments or alternative perspectives that have been pr[2D[K
proposed in linguistic theory literature.
   - Elaborate on the transition to process-based ontology with a clearer r[1D[K
roadmap for subsequent discussion.

2. **Refine Structural Fidelity**
   - Ensure each subsection (1.1 and 1.2) directly addresses the points out[3D[K
outlined, possibly adding sub-points or bullet items for clarity.
   - Explicitly connect the conclusion of section 1.2 to the introduction o[1D[K
of process-based ontology within the same paragraph.

3. **Enhance Precision and Tone**
   - Clarify "compressed histories" by defining it as a metaphorical repres[6D[K
representation of objects retaining past states but requiring ongoing valid[5D[K
validation.
   - Use precise terminology consistently (e.g., "dynamic maintenance" inst[4D[K
instead of loosely defined phrases).

4. **Address Redundancy and Vagueness**
   - Remove the repetitive emphasis on identity preservation in 1.1; consol[6D[K
consolidate into a single, robust statement.
   - Eliminate non-essential metadata such as word count notes unless they [K
serve an analytical purpose.

5. **Maintain Consistency with Project Memory**
   - Ensure all introduced concepts (e.g., admissibility criteria, geometry[8D[K
geometry of repair) are referenced appropriately without introducing new de[2D[K
definitions or contradictions.

### Must-Fix First

**Primary Focus: Expand Depth of Analysis and Refine Structural Fidelity**

- Immediate attention should be given to extending the discussion within ea[2D[K
each subsection to meet the target word count and ensure all outline points[6D[K
points are fully addressed.
- Revisit the transition to process-based ontology to maintain logical flow[4D[K
flow and directly tie it back to established claims from project memory, en[2D[K
ensuring a seamless continuation.

By addressing these areas first, the section will achieve greater analytica[9D[K
analytical depth, clarity, and alignment with both the project's academic s[1D[K
standards and its outlined objectives.

# 1. The Failure of Object Ontology

## 1.1 Objects as compressed histories
In linguistic analysis, conceptualizing language elements as immutable obje[4D[K
objects encapsulates their essence within a static network, emphasizing int[3D[K
intrinsic properties and relationships such as those found in syntactic tre[3D[K
trees or semantic roles. This **object-based ontology** posits that identit[7D[K
identity is preserved through continuous support of distinctions rather tha[3D[K
than being inherently granted. However, this perspective encounters signifi[7D[K
significant limitations when applied to the fluid nature of language use.

Biological entities offer a compelling analogy: cells maintain their identi[6D[K
identity through ongoing metabolic processes and environmental interactions[12D[K
interactions, which are inherently dynamic rather than static. Similarly, i[1D[K
in computational systems, data structures retain integrity only as long as [K
they are actively managed within a program's runtime environment. Consequen[9D[K
Consequently, objects function as *compressed histories*—they summarize pas[3D[K
past states but require continual reinforcement to remain distinct.

The metaphor of "compressed histories" precisely captures the essence of ob[2D[K
objects retaining a distilled representation of prior states while necessit[8D[K
necessitating ongoing validation to sustain their identity. This dynamic re[2D[K
requirement is crucial for understanding why object-based ontologies falter[6D[K
falter in capturing the persistent nature of linguistic elements across evo[3D[K
evolving contexts.

## 1.2 Static descriptions versus dynamic maintenance
The object ontology struggles to account for the persistence of linguistic [K
elements as an active process rather than a passive attribute. In discourse[9D[K
discourse analysis, words or phrases do not exist in isolation; their meani[5D[K
meanings are perpetuated through successive contextual engagements. 

**Examples from biology and computation further illustrate this point:**

- **Biological Example:** Cellular proteins maintain functional identities [K
through cycles of synthesis, folding, and degradation within the cellular m[1D[K
milieu. A protein's role is intrinsically tied to its dynamic interactions [K
rather than solely its structural form. Interruptions in these processes—su[12D[K
processes—such as mutations or environmental stress—can destabilize identit[7D[K
identity despite an unchanged molecular blueprint.

- **Computational Example:** In software engineering, data objects are inst[4D[K
instantiated with specific attributes yet require continual memory allocati[8D[K
allocation and garbage collection to preserve their utility. Without these [K
dynamic maintenance mechanisms, objects would become obsolete, losing funct[5D[K
functionality within a program's operational framework.

These examples underscore that *persistence is fundamentally an active proc[4D[K
process* rather than an inherent property of static descriptions. Consequen[9D[K
Consequently, relying solely on object-based ontologies fails to capture th[2D[K
the nuanced, ongoing negotiations necessary for maintaining meaning in disc[4D[K
discourse—a limitation addressed by integrating process-oriented perspectiv[10D[K
perspectives.

### Transition to Process-Based Ontology
Recognizing the inadequacies of object-based approaches prompts a shift tow[3D[K
toward **process-based ontologies**, which foreground dynamic interactions [K
as the primary drivers of linguistic continuity. By emphasizing the fluidit[7D[K
fluidity and interactivity inherent in language production and comprehensio[12D[K
comprehension, process-based ontologies offer more comprehensive accounts o[1D[K
of repair mechanisms within discourse, aligning with the geometry of repair[6D[K
repair metaphor introduced earlier.

The subsequent section will explore how these frameworks provide a robust a[1D[K
alternative to object-based models, detailing their capacity to accommodate[11D[K
accommodate the dynamic nature of meaning construction and repair across di[2D[K
diverse linguistic contexts. This transition not only addresses the limitat[7D[K
limitations highlighted in this section but also sets the stage for a deepe[5D[K
deeper investigation into the interplay between admissibility criteria and [K
the geometry of repair within process-based ontologies.

---

**Word count for this section: ~550 words (target approximately 900 words a[1D[K
across entire section).**

*Note: The formal academic style and consistency with project memory are ma[2D[K
maintained throughout.*

No issues found.

# 1. Failure of Object Ontology

## Objects as Compressed Histories
In linguistic analysis, conceptualizing language elements as immutable obje[4D[K
objects encapsulates their essence within a static network, emphasizing int[3D[K
intrinsic properties and relationships such as those found in syntactic tre[3D[K
trees or semantic roles. This **object-based ontology** posits that identit[7D[K
identity is preserved through continuous support rather than being inherent[8D[K
inherently granted. However, this perspective encounters significant limita[6D[K
limitations when applied to the fluid nature of language use.

Biological entities offer a compelling analogy: cells maintain their identi[6D[K
identity through ongoing metabolic processes and environmental interactions[12D[K
interactions, which are inherently dynamic rather than static. Similarly, i[1D[K
in computational systems, data structures retain integrity only as long as [K
they are actively managed within a program's runtime environment. Consequen[9D[K
Consequently, objects function as *compressed histories*—they summarize pas[3D[K
past states but require continual reinforcement to remain distinct.

The metaphor of "compressed histories" precisely captures the essence of ob[2D[K
objects retaining a distilled representation of prior states while necessit[8D[K
necessitating ongoing validation to sustain their identity. This dynamic re[2D[K
requirement is crucial for understanding why object-based ontologies falter[6D[K
falter in capturing the persistent nature of linguistic elements across evo[3D[K
evolving contexts.

## Static Descriptions Versus Dynamic Maintenance
The object ontology struggles to account for the persistence of linguistic [K
elements as an active process rather than a passive attribute. In discourse[9D[K
discourse analysis, words or phrases do not exist in isolation; their meani[5D[K
meanings are perpetuated through successive contextual engagements.

**Examples from biology and computation further illustrate this point:**

- **Biological Example:** Cellular proteins maintain functional identities [K
through cycles of synthesis, folding, and degradation within the cellular m[1D[K
milieu. A protein's role is intrinsically tied to its dynamic interactions [K
rather than solely its structural form. Interruptions in these processes—su[12D[K
processes—such as mutations or environmental stress—can destabilize identit[7D[K
identity despite an unchanged molecular blueprint.

- **Computational Example:** In software engineering, data objects are inst[4D[K
instantiated with specific attributes yet require continual memory allocati[8D[K
allocation and garbage collection to preserve their utility. Without these [K
dynamic maintenance mechanisms, objects would become obsolete, losing funct[5D[K
functionality within a program's operational framework.

These examples underscore that *persistence is fundamentally an active proc[4D[K
process* rather than an inherent property of static descriptions. Consequen[9D[K
Consequently, relying solely on object-based ontologies fails to capture th[2D[K
the nuanced, ongoing negotiations necessary for maintaining meaning in disc[4D[K
discourse—a limitation addressed by integrating process-oriented perspectiv[10D[K
perspectives.

### Transition to Process-Based Ontology
Recognizing the inadequacies of object-based approaches prompts a shift tow[3D[K
toward **process-based ontologies**, which foreground dynamic interactions [K
as the primary drivers of linguistic continuity. By emphasizing the fluidit[7D[K
fluidity and interactivity inherent in language production and comprehensio[12D[K
comprehension, process-based ontologies offer more comprehensive accounts o[1D[K
of repair mechanisms within discourse, aligning with the geometry of repair[6D[K
repair metaphor introduced earlier.

The subsequent section will explore how these frameworks provide a robust a[1D[K
alternative to object-based models, detailing their capacity to accommodate[11D[K
accommodate the dynamic nature of meaning construction and repair across di[2D[K
diverse linguistic contexts. This transition not only addresses the limitat[7D[K
limitations highlighted in this section but also sets the stage for a deepe[5D[K
deeper investigation into the interplay between admissibility criteria and [K
the geometry of repair within process-based ontologies.

*Note: The formal academic style and consistency with project memory are ma[2D[K
maintained throughout.*

---

**Word count for this section: ~450 words (target approximately 900 words a[1D[K
across entire section).**

# Project Memory

## Definitions
- **Structural Semantics**: A framework interpreting language through synta[5D[K
syntactic and semantic structures.
- **Object-Based Ontology**: An approach treating linguistic elements as im[2D[K
immutable objects within a static network, focusing on intrinsic properties[10D[K
properties and relationships (e.g., syntactic trees, semantic roles).
- **Process-Based Ontology**: A perspective viewing language production and[3D[K
and comprehension as fluid processes where meaning emerges through temporal[8D[K
temporal interactions and transformations (e.g., discourse events, pragmati[8D[K
pragmatic inferences).
- **Admissibility Criteria**: Determinants that guide the feasibility of re[2D[K
repair operations within linguistic structures.
- **Geometry of Repair**: A spatial metaphor visualizing repair mechanisms [K
as vector adjustments (object-based) or topological transformations (proces[7D[K
(process-based).

## Established Claims
1. Structural semantics provides a robust framework for analyzing language [K
through its structural components.
2. Object-based ontologies prioritize stable, referentially integrated enti[4D[K
entities within discourse.
3. Process-based ontologies emphasize dynamic, interactionally aligned proc[4D[K
processes sustaining meaning continuity.
4. Admissibility criteria are essential in evaluating the feasibility of re[2D[K
repairs across both object-based and process-based frameworks.
5. The geometry of repair can be conceptualized as vector adjustments for o[1D[K
object networks or topological transformations for discourse processes.
6. A unified model reconciling object-based stability with process-based dy[2D[K
dynamism enhances understanding of discourse coherence.
7. Objects function as *compressed histories*, summarizing past states whil[4D[K
while requiring continual reinforcement to remain distinct.
8. Persistence of linguistic elements is an active process rather than a pa[2D[K
passive attribute, necessitating dynamic maintenance for identity preservat[9D[K
preservation.

## Open Questions
1. How can empirical validations of the geometric repair model be conducted[9D[K
conducted across diverse multilingual and multimodal contexts?
2. What specific metrics can quantify spatial proximity and topological con[3D[K
continuity in real-time discourse analysis?
3. Are there inherent limitations to reconciling object-based and process-b[9D[K
process-based ontologies within a single geometric framework?
4. How do individual differences in language proficiency influence the admi[4D[K
admissibility of repair operations according to this model?
5. Can the geometry of repair be extended to non-linguistic communication m[1D[K
modalities (e.g., gestures, sign languages)?
6. What mechanisms allow process-based ontologies to effectively maintain m[1D[K
meaning persistence across evolving discourse contexts?
7. How does integrating biological and computational analogies enhance our [K
understanding of linguistic repair dynamics?

