==========================================
Monotonic Git Commit Pipeline
Repository : diagnostic-coordinates
List       : file-list.txt
==========================================
----------------------------------------
file-list.txt
[misc] file list
On branch main
Your branch is ahead of 'origin/main' by 1 commit.
  (use "git push" to publish your local commits)

Untracked files:
  (use "git add <file>..." to include in what will be committed)
	commit-20260802-173630.log
	commit-20260802-173640.log
	monotonic_commit.sh
	version-01/
	version-02/
	version-03/

nothing added to commit but untracked files present (use "git add" to track)
