==========================================
Monotonic Commit Pipeline
Repository : diagnostic-coordinates
==========================================
--------------------------------------------------
version-01/outline.txt
[misc] outline
[main c6df90e] [misc] outline
 1 file changed, 112 insertions(+)
 create mode 100644 version-01/outline.txt
--------------------------------------------------
version-01/output.md
[docs] output
[main 8db3356] [docs] output
 1 file changed, 274 insertions(+)
 create mode 100644 version-01/output.md
--------------------------------------------------
version-01/write_essay.sh
[bash] write essay
[main 847e566] [bash] write essay
 1 file changed, 34 insertions(+)
 create mode 100755 version-01/write_essay.sh
--------------------------------------------------
version-02/.pipeline_work/.ollama_err
[misc] 
[main 1e134d2] [misc]
 1 file changed, 1 insertion(+)
 create mode 100644 version-02/.pipeline_work/.ollama_err
--------------------------------------------------
version-02/.pipeline_work/logs/section.prompt.txt
[misc] section.prompt
[main 63cd046] [misc] section.prompt
 1 file changed, 222 insertions(+)
 create mode 100644 version-02/.pipeline_work/logs/section.prompt.txt
--------------------------------------------------
version-02/.pipeline_work/logs/section_01/01_draft_prompt.txt
[misc] 01 draft prompt
[main 4798baf] [misc] 01 draft prompt
 1 file changed, 39 insertions(+)
 create mode 100644 version-02/.pipeline_work/logs/section_01/01_draft_prompt.txt
--------------------------------------------------
version-02/.pipeline_work/logs/section_01/02_draft.md
[docs] 02 draft
[main 750808f] [docs] 02 draft
 1 file changed, 97 insertions(+)
 create mode 100644 version-02/.pipeline_work/logs/section_01/02_draft.md
--------------------------------------------------
version-02/.pipeline_work/logs/section_01/03_critique_prompt.txt
[misc] 03 critique prompt
[main 2f3c898] [misc] 03 critique prompt
 1 file changed, 130 insertions(+)
 create mode 100644 version-02/.pipeline_work/logs/section_01/03_critique_prompt.txt
--------------------------------------------------
version-02/.pipeline_work/logs/section_01/04_critique.md
[docs] 04 critique
[main 9ea6009] [docs] 04 critique
 1 file changed, 70 insertions(+)
 create mode 100644 version-02/.pipeline_work/logs/section_01/04_critique.md
--------------------------------------------------
version-02/.pipeline_work/logs/section_01/05_revise_prompt.txt
[misc] 05 revise prompt
[main 4f65908] [misc] 05 revise prompt
 1 file changed, 191 insertions(+)
 create mode 100644 version-02/.pipeline_work/logs/section_01/05_revise_prompt.txt
--------------------------------------------------
version-02/.pipeline_work/logs/section_01/06_revised.md
[docs] 06 revised
[main 1ae0806] [docs] 06 revised
 1 file changed, 101 insertions(+)
 create mode 100644 version-02/.pipeline_work/logs/section_01/06_revised.md
--------------------------------------------------
version-02/.pipeline_work/logs/section_01/90_consistency_prompt.txt
[misc] 90 consistency prompt
[main 680eef5] [misc] 90 consistency prompt
 1 file changed, 122 insertions(+)
 create mode 100644 version-02/.pipeline_work/logs/section_01/90_consistency_prompt.txt
--------------------------------------------------
version-02/.pipeline_work/logs/section_01/91_consistency.md
[docs] 91 consistency
[main 86d400d] [docs] 91 consistency
 1 file changed, 2 insertions(+)
 create mode 100644 version-02/.pipeline_work/logs/section_01/91_consistency.md
--------------------------------------------------
version-02/.pipeline_work/logs/section_01/95_polish_prompt.txt
[misc] 95 polish prompt
[main bbc1ee2] [misc] 95 polish prompt
 1 file changed, 123 insertions(+)
 create mode 100644 version-02/.pipeline_work/logs/section_01/95_polish_prompt.txt
--------------------------------------------------
version-02/.pipeline_work/logs/section_01/98_memory_prompt.txt
[misc] 98 memory prompt
[main a4ffcfd] [misc] 98 memory prompt
 1 file changed, 123 insertions(+)
 create mode 100644 version-02/.pipeline_work/logs/section_01/98_memory_prompt.txt
--------------------------------------------------
version-02/.pipeline_work/logs/section_01/99_memory_updated.md
[docs] 99 memory updated
[main d35107b] [docs] 99 memory updated
 1 file changed, 38 insertions(+)
 create mode 100644 version-02/.pipeline_work/logs/section_01/99_memory_updated.md
--------------------------------------------------
version-02/.pipeline_work/logs/section_01/section.log
[misc] section
[main 3c8a357] [misc] section
 1 file changed, 409 insertions(+)
 create mode 100644 version-02/.pipeline_work/logs/section_01/section.log
--------------------------------------------------
version-02/.pipeline_work/logs/section_02/01_draft_prompt.txt
[misc] 01 draft prompt
[main f8c4e08] [misc] 01 draft prompt
 1 file changed, 81 insertions(+)
 create mode 100644 version-02/.pipeline_work/logs/section_02/01_draft_prompt.txt
--------------------------------------------------
version-02/.pipeline_work/logs/section_02/02_draft.md
[docs] 02 draft
[main aaa84ec] [docs] 02 draft
 1 file changed, 63 insertions(+)
 create mode 100644 version-02/.pipeline_work/logs/section_02/02_draft.md
--------------------------------------------------
version-02/.pipeline_work/logs/section_02/03_critique_prompt.txt
[misc] 03 critique prompt
[main 3ebd180] [misc] 03 critique prompt
 1 file changed, 125 insertions(+)
 create mode 100644 version-02/.pipeline_work/logs/section_02/03_critique_prompt.txt
--------------------------------------------------
version-02/.pipeline_work/logs/section_02/04_critique.md
[docs] 04 critique
[main 1603529] [docs] 04 critique
 1 file changed, 60 insertions(+)
 create mode 100644 version-02/.pipeline_work/logs/section_02/04_critique.md
--------------------------------------------------
version-02/.pipeline_work/logs/section_02/05_revise_prompt.txt
[misc] 05 revise prompt
[main c4c6e07] [misc] 05 revise prompt
 1 file changed, 174 insertions(+)
 create mode 100644 version-02/.pipeline_work/logs/section_02/05_revise_prompt.txt
--------------------------------------------------
version-02/.pipeline_work/logs/section_02/06_revised.md
[docs] 06 revised
[main a646839] [docs] 06 revised
 1 file changed, 71 insertions(+)
 create mode 100644 version-02/.pipeline_work/logs/section_02/06_revised.md
--------------------------------------------------
version-02/.pipeline_work/logs/section_02/90_consistency_prompt.txt
[misc] 90 consistency prompt
[main eadab5a] [misc] 90 consistency prompt
 1 file changed, 119 insertions(+)
 create mode 100644 version-02/.pipeline_work/logs/section_02/90_consistency_prompt.txt
--------------------------------------------------
version-02/.pipeline_work/logs/section_02/91_consistency.md
[docs] 91 consistency
[main 33caa36] [docs] 91 consistency
 1 file changed, 12 insertions(+)
 create mode 100644 version-02/.pipeline_work/logs/section_02/91_consistency.md
--------------------------------------------------
version-02/.pipeline_work/logs/section_02/95_polish_prompt.txt
[misc] 95 polish prompt
[main 3ea5acf] [misc] 95 polish prompt
 1 file changed, 120 insertions(+)
 create mode 100644 version-02/.pipeline_work/logs/section_02/95_polish_prompt.txt
--------------------------------------------------
version-02/.pipeline_work/logs/section_02/98_memory_prompt.txt
[misc] 98 memory prompt
[main 09212a1] [misc] 98 memory prompt
 1 file changed, 117 insertions(+)
 create mode 100644 version-02/.pipeline_work/logs/section_02/98_memory_prompt.txt
--------------------------------------------------
version-02/.pipeline_work/logs/section_02/99_memory_updated.md
[docs] 99 memory updated
[main 21da1d8] [docs] 99 memory updated
 1 file changed, 55 insertions(+)
 create mode 100644 version-02/.pipeline_work/logs/section_02/99_memory_updated.md
--------------------------------------------------
version-02/.pipeline_work/logs/section_02/section.log
[misc] section
[main 70a7d71] [misc] section
 1 file changed, 329 insertions(+)
 create mode 100644 version-02/.pipeline_work/logs/section_02/section.log
--------------------------------------------------
version-02/.pipeline_work/logs/section_03/01_draft_prompt.txt
[misc] 01 draft prompt
[main 293bdac] [misc] 01 draft prompt
 1 file changed, 103 insertions(+)
 create mode 100644 version-02/.pipeline_work/logs/section_03/01_draft_prompt.txt
--------------------------------------------------
version-02/.pipeline_work/logs/section_03/02_draft.md
[docs] 02 draft
[main ea02862] [docs] 02 draft
 1 file changed, 83 insertions(+)
 create mode 100644 version-02/.pipeline_work/logs/section_03/02_draft.md
--------------------------------------------------
version-02/.pipeline_work/logs/section_03/03_critique_prompt.txt
[misc] 03 critique prompt
[main e0e6ef4] [misc] 03 critique prompt
 1 file changed, 167 insertions(+)
 create mode 100644 version-02/.pipeline_work/logs/section_03/03_critique_prompt.txt
--------------------------------------------------
version-02/.pipeline_work/logs/section_03/04_critique.md
[docs] 04 critique
[main 2fa0eef] [docs] 04 critique
 1 file changed, 104 insertions(+)
 create mode 100644 version-02/.pipeline_work/logs/section_03/04_critique.md
--------------------------------------------------
version-02/.pipeline_work/logs/section_03/05_revise_prompt.txt
[misc] 05 revise prompt
[main fbe8fc9] [misc] 05 revise prompt
 1 file changed, 255 insertions(+)
 create mode 100644 version-02/.pipeline_work/logs/section_03/05_revise_prompt.txt
--------------------------------------------------
version-02/.pipeline_work/logs/section_03/06_revised.md
[docs] 06 revised
[main 8bdd151] [docs] 06 revised
 1 file changed, 68 insertions(+)
 create mode 100644 version-02/.pipeline_work/logs/section_03/06_revised.md
--------------------------------------------------
version-02/.pipeline_work/logs/section_03/90_consistency_prompt.txt
[misc] 90 consistency prompt
[main 30a13a4] [misc] 90 consistency prompt
 1 file changed, 133 insertions(+)
 create mode 100644 version-02/.pipeline_work/logs/section_03/90_consistency_prompt.txt
--------------------------------------------------
version-02/.pipeline_work/logs/section_03/91_consistency.md
[docs] 91 consistency
[main 683b4b4] [docs] 91 consistency
 1 file changed, 38 insertions(+)
 create mode 100644 version-02/.pipeline_work/logs/section_03/91_consistency.md
--------------------------------------------------
version-02/.pipeline_work/logs/section_03/92_consistency_fix_prompt.txt
[misc] 92 consistency fix prompt
[main 595f924] [misc] 92 consistency fix prompt
 1 file changed, 110 insertions(+)
 create mode 100644 version-02/.pipeline_work/logs/section_03/92_consistency_fix_prompt.txt
--------------------------------------------------
version-02/.pipeline_work/logs/section_03/93_consistency_fixed.md
[docs] 93 consistency fixed
[main 0f05873] [docs] 93 consistency fixed
 1 file changed, 68 insertions(+)
 create mode 100644 version-02/.pipeline_work/logs/section_03/93_consistency_fixed.md
--------------------------------------------------
version-02/.pipeline_work/logs/section_03/95_polish_prompt.txt
[misc] 95 polish prompt
[main b1e0557] [misc] 95 polish prompt
 1 file changed, 134 insertions(+)
 create mode 100644 version-02/.pipeline_work/logs/section_03/95_polish_prompt.txt
--------------------------------------------------
version-02/.pipeline_work/logs/section_03/98_memory_prompt.txt
[misc] 98 memory prompt
[main 0acf1d6] [misc] 98 memory prompt
 1 file changed, 133 insertions(+)
 create mode 100644 version-02/.pipeline_work/logs/section_03/98_memory_prompt.txt
--------------------------------------------------
version-02/.pipeline_work/logs/section_03/99_memory_updated.md
[docs] 99 memory updated
[main 1c1bf5e] [docs] 99 memory updated
 1 file changed, 78 insertions(+)
 create mode 100644 version-02/.pipeline_work/logs/section_03/99_memory_updated.md
--------------------------------------------------
version-02/.pipeline_work/logs/section_03/section.log
[rust] section
[main ae3a38b] [rust] section
 1 file changed, 506 insertions(+)
 create mode 100644 version-02/.pipeline_work/logs/section_03/section.log
--------------------------------------------------
version-02/.pipeline_work/logs/section_04/01_draft_prompt.txt
[misc] 01 draft prompt
[main 50600c0] [misc] 01 draft prompt
 1 file changed, 124 insertions(+)
 create mode 100644 version-02/.pipeline_work/logs/section_04/01_draft_prompt.txt
--------------------------------------------------
version-02/.pipeline_work/logs/section_04/02_draft.md
[docs] 02 draft
[main f64def7] [docs] 02 draft
 1 file changed, 82 insertions(+)
 create mode 100644 version-02/.pipeline_work/logs/section_04/02_draft.md
--------------------------------------------------
version-02/.pipeline_work/logs/section_04/03_critique_prompt.txt
[misc] 03 critique prompt
[main 746d5cf] [misc] 03 critique prompt
 1 file changed, 187 insertions(+)
 create mode 100644 version-02/.pipeline_work/logs/section_04/03_critique_prompt.txt
--------------------------------------------------
version-02/.pipeline_work/logs/section_04/04_critique.md
[docs] 04 critique
[main 8b72dc6] [docs] 04 critique
 1 file changed, 61 insertions(+)
 create mode 100644 version-02/.pipeline_work/logs/section_04/04_critique.md
--------------------------------------------------
version-02/.pipeline_work/logs/section_04/05_revise_prompt.txt
[misc] 05 revise prompt
[main 971da43] [misc] 05 revise prompt
 1 file changed, 234 insertions(+)
 create mode 100644 version-02/.pipeline_work/logs/section_04/05_revise_prompt.txt
--------------------------------------------------
version-02/.pipeline_work/logs/section_04/06_revised.md
[docs] 06 revised
[main 826aded] [docs] 06 revised
 1 file changed, 65 insertions(+)
 create mode 100644 version-02/.pipeline_work/logs/section_04/06_revised.md
--------------------------------------------------
version-02/.pipeline_work/logs/section_04/90_consistency_prompt.txt
[misc] 90 consistency prompt
[main cf2e5c5] [misc] 90 consistency prompt
 1 file changed, 153 insertions(+)
 create mode 100644 version-02/.pipeline_work/logs/section_04/90_consistency_prompt.txt
--------------------------------------------------
version-02/.pipeline_work/logs/section_04/91_consistency.md
[docs] 91 consistency
[main 176097f] [docs] 91 consistency
 1 file changed, 2 insertions(+)
 create mode 100644 version-02/.pipeline_work/logs/section_04/91_consistency.md
--------------------------------------------------
version-02/.pipeline_work/logs/section_04/95_polish_prompt.txt
[misc] 95 polish prompt
[main 25175e1] [misc] 95 polish prompt
 1 file changed, 154 insertions(+)
 create mode 100644 version-02/.pipeline_work/logs/section_04/95_polish_prompt.txt
--------------------------------------------------
version-02/.pipeline_work/logs/section_04/98_memory_prompt.txt
[misc] 98 memory prompt
[main 25133ea] [misc] 98 memory prompt
 1 file changed, 153 insertions(+)
 create mode 100644 version-02/.pipeline_work/logs/section_04/98_memory_prompt.txt
--------------------------------------------------
version-02/.pipeline_work/logs/section_04/99_memory_updated.md
[docs] 99 memory updated
[main f8f121a] [docs] 99 memory updated
 1 file changed, 81 insertions(+)
 create mode 100644 version-02/.pipeline_work/logs/section_04/99_memory_updated.md
--------------------------------------------------
version-02/.pipeline_work/logs/section_04/section.log
[misc] section
[main a3d084f] [misc] section
 1 file changed, 355 insertions(+)
 create mode 100644 version-02/.pipeline_work/logs/section_04/section.log
--------------------------------------------------
version-02/.pipeline_work/logs/section_05/01_draft_prompt.txt
[misc] 01 draft prompt
[main 120bdd8] [misc] 01 draft prompt
 1 file changed, 124 insertions(+)
 create mode 100644 version-02/.pipeline_work/logs/section_05/01_draft_prompt.txt
--------------------------------------------------
version-02/.pipeline_work/logs/section_05/02_draft.md
[docs] 02 draft
[main 63dbd02] [docs] 02 draft
 1 file changed, 72 insertions(+)
 create mode 100644 version-02/.pipeline_work/logs/section_05/02_draft.md
--------------------------------------------------
version-02/.pipeline_work/logs/section_05/03_critique_prompt.txt
[misc] 03 critique prompt
[main a4b56ca] [misc] 03 critique prompt
 1 file changed, 177 insertions(+)
 create mode 100644 version-02/.pipeline_work/logs/section_05/03_critique_prompt.txt
--------------------------------------------------
version-02/.pipeline_work/logs/section_05/04_critique.md
[docs] 04 critique
[main 4603cec] [docs] 04 critique
 1 file changed, 54 insertions(+)
 create mode 100644 version-02/.pipeline_work/logs/section_05/04_critique.md
--------------------------------------------------
version-02/.pipeline_work/logs/section_05/05_revise_prompt.txt
[misc] 05 revise prompt
[main b6efba4] [misc] 05 revise prompt
 1 file changed, 220 insertions(+)
 create mode 100644 version-02/.pipeline_work/logs/section_05/05_revise_prompt.txt
--------------------------------------------------
version-02/.pipeline_work/logs/section_05/06_revised.md
[docs] 06 revised
[main 3461bcd] [docs] 06 revised
 1 file changed, 74 insertions(+)
 create mode 100644 version-02/.pipeline_work/logs/section_05/06_revised.md
--------------------------------------------------
version-02/.pipeline_work/logs/section_05/90_consistency_prompt.txt
[misc] 90 consistency prompt
[main 4ad8cf7] [misc] 90 consistency prompt
 1 file changed, 165 insertions(+)
 create mode 100644 version-02/.pipeline_work/logs/section_05/90_consistency_prompt.txt
--------------------------------------------------
version-02/.pipeline_work/logs/section_05/91_consistency.md
[docs] 91 consistency
[main dc036d1] [docs] 91 consistency
 1 file changed, 2 insertions(+)
 create mode 100644 version-02/.pipeline_work/logs/section_05/91_consistency.md
--------------------------------------------------
version-02/.pipeline_work/logs/section_05/95_polish_prompt.txt
[misc] 95 polish prompt
[main 4cd26f7] [misc] 95 polish prompt
 1 file changed, 166 insertions(+)
 create mode 100644 version-02/.pipeline_work/logs/section_05/95_polish_prompt.txt
--------------------------------------------------
version-02/.pipeline_work/logs/section_05/98_memory_prompt.txt
[misc] 98 memory prompt
[main be7440e] [misc] 98 memory prompt
 1 file changed, 160 insertions(+)
 create mode 100644 version-02/.pipeline_work/logs/section_05/98_memory_prompt.txt
--------------------------------------------------
version-02/.pipeline_work/logs/section_05/99_memory_updated.md
[docs] 99 memory updated
[main 3c95cbe] [docs] 99 memory updated
 1 file changed, 98 insertions(+)
 create mode 100644 version-02/.pipeline_work/logs/section_05/99_memory_updated.md
--------------------------------------------------
version-02/.pipeline_work/logs/section_05/section.log
[misc] section
[main 9c4f738] [misc] section
 1 file changed, 368 insertions(+)
 create mode 100644 version-02/.pipeline_work/logs/section_05/section.log
--------------------------------------------------
version-02/.pipeline_work/logs/section_06/01_draft_prompt.txt
[misc] 01 draft prompt
[main e8bff0a] [misc] 01 draft prompt
 1 file changed, 141 insertions(+)
 create mode 100644 version-02/.pipeline_work/logs/section_06/01_draft_prompt.txt
--------------------------------------------------
version-02/.pipeline_work/logs/section_06/02_draft.md
[docs] 02 draft
[main c625a4b] [docs] 02 draft
 1 file changed, 83 insertions(+)
 create mode 100644 version-02/.pipeline_work/logs/section_06/02_draft.md
--------------------------------------------------
version-02/.pipeline_work/logs/section_06/03_critique_prompt.txt
[misc] 03 critique prompt
[main 7885a97] [misc] 03 critique prompt
 1 file changed, 205 insertions(+)
 create mode 100644 version-02/.pipeline_work/logs/section_06/03_critique_prompt.txt
--------------------------------------------------
version-02/.pipeline_work/logs/section_06/04_critique.md
[docs] 04 critique
[main b7a18f6] [docs] 04 critique
 1 file changed, 119 insertions(+)
 create mode 100644 version-02/.pipeline_work/logs/section_06/04_critique.md
--------------------------------------------------
version-02/.pipeline_work/logs/section_06/05_revise_prompt.txt
[misc] 05 revise prompt
[main 2e8f680] [misc] 05 revise prompt
 1 file changed, 313 insertions(+)
 create mode 100644 version-02/.pipeline_work/logs/section_06/05_revise_prompt.txt
--------------------------------------------------
version-02/.pipeline_work/logs/section_06/06_revised.md
[docs] 06 revised
[main 7f2b36a] [docs] 06 revised
 1 file changed, 84 insertions(+)
 create mode 100644 version-02/.pipeline_work/logs/section_06/06_revised.md
--------------------------------------------------
version-02/.pipeline_work/logs/section_06/90_consistency_prompt.txt
[misc] 90 consistency prompt
[main 8c8a0fe] [misc] 90 consistency prompt
 1 file changed, 192 insertions(+)
 create mode 100644 version-02/.pipeline_work/logs/section_06/90_consistency_prompt.txt
--------------------------------------------------
version-02/.pipeline_work/logs/section_06/91_consistency.md
[docs] 91 consistency
[main 59d43c4] [docs] 91 consistency
 1 file changed, 2 insertions(+)
 create mode 100644 version-02/.pipeline_work/logs/section_06/91_consistency.md
--------------------------------------------------
version-02/.pipeline_work/logs/section_06/95_polish_prompt.txt
[misc] 95 polish prompt
[main 466f7f0] [misc] 95 polish prompt
 1 file changed, 193 insertions(+)
 create mode 100644 version-02/.pipeline_work/logs/section_06/95_polish_prompt.txt
--------------------------------------------------
version-02/.pipeline_work/logs/section_06/98_memory_prompt.txt
[misc] 98 memory prompt
[main b132050] [misc] 98 memory prompt
 1 file changed, 193 insertions(+)
 create mode 100644 version-02/.pipeline_work/logs/section_06/98_memory_prompt.txt
--------------------------------------------------
version-02/.pipeline_work/logs/section_06/99_memory_updated.md
[docs] 99 memory updated
[main 992464e] [docs] 99 memory updated
 1 file changed, 165 insertions(+)
 create mode 100644 version-02/.pipeline_work/logs/section_06/99_memory_updated.md
--------------------------------------------------
version-02/.pipeline_work/logs/section_06/section.log
[misc] section
[main 067e8f9] [misc] section
 1 file changed, 537 insertions(+)
 create mode 100644 version-02/.pipeline_work/logs/section_06/section.log
--------------------------------------------------
version-02/.pipeline_work/logs/section_07/01_draft_prompt.txt
[misc] 01 draft prompt
[main 448917c] [misc] 01 draft prompt
 1 file changed, 220 insertions(+)
 create mode 100644 version-02/.pipeline_work/logs/section_07/01_draft_prompt.txt
--------------------------------------------------
version-02/.pipeline_work/logs/section_07/02_draft.md
[docs] 02 draft
[main c80a42c] [docs] 02 draft
 1 file changed, 150 insertions(+)
 create mode 100644 version-02/.pipeline_work/logs/section_07/02_draft.md
--------------------------------------------------
version-02/.pipeline_work/logs/section_07/03_critique_prompt.txt
[misc] 03 critique prompt
[main 0902abb] [misc] 03 critique prompt
 1 file changed, 351 insertions(+)
 create mode 100644 version-02/.pipeline_work/logs/section_07/03_critique_prompt.txt
--------------------------------------------------
version-02/.pipeline_work/logs/section_07/04_critique.md
[docs] 04 critique
[main b987cf7] [docs] 04 critique
 1 file changed, 60 insertions(+)
 create mode 100644 version-02/.pipeline_work/logs/section_07/04_critique.md
--------------------------------------------------
version-02/.pipeline_work/logs/section_07/05_revise_prompt.txt
[misc] 05 revise prompt
[main 20cca9d] [misc] 05 revise prompt
 1 file changed, 388 insertions(+)
 create mode 100644 version-02/.pipeline_work/logs/section_07/05_revise_prompt.txt
--------------------------------------------------
version-02/.pipeline_work/logs/section_07/06_revised.md
[docs] 06 revised
[main d02b35d] [docs] 06 revised
 1 file changed, 140 insertions(+)
 create mode 100644 version-02/.pipeline_work/logs/section_07/06_revised.md
--------------------------------------------------
version-02/.pipeline_work/logs/section_07/90_consistency_prompt.txt
[misc] 90 consistency prompt
[main 065c9aa] [misc] 90 consistency prompt
 1 file changed, 315 insertions(+)
 create mode 100644 version-02/.pipeline_work/logs/section_07/90_consistency_prompt.txt
--------------------------------------------------
version-02/.pipeline_work/logs/section_07/91_consistency.md
[docs] 91 consistency
[main 487afff] [docs] 91 consistency
 1 file changed, 63 insertions(+)
 create mode 100644 version-02/.pipeline_work/logs/section_07/91_consistency.md
--------------------------------------------------
version-02/.pipeline_work/logs/section_07/92_consistency_fix_prompt.txt
[misc] 92 consistency fix prompt
[main 75755ef] [misc] 92 consistency fix prompt
 1 file changed, 207 insertions(+)
 create mode 100644 version-02/.pipeline_work/logs/section_07/92_consistency_fix_prompt.txt
--------------------------------------------------
version-02/.pipeline_work/logs/section_07/93_consistency_fixed.md
[docs] 93 consistency fixed
[main f826ed3] [docs] 93 consistency fixed
 1 file changed, 140 insertions(+)
 create mode 100644 version-02/.pipeline_work/logs/section_07/93_consistency_fixed.md
--------------------------------------------------
version-02/.pipeline_work/logs/section_07/95_polish_prompt.txt
[misc] 95 polish prompt
[main 0a4f70a] [misc] 95 polish prompt
 1 file changed, 316 insertions(+)
 create mode 100644 version-02/.pipeline_work/logs/section_07/95_polish_prompt.txt
--------------------------------------------------
version-02/.pipeline_work/logs/section_07/98_memory_prompt.txt
[misc] 98 memory prompt
[main be36191] [misc] 98 memory prompt
 1 file changed, 242 insertions(+)
 create mode 100644 version-02/.pipeline_work/logs/section_07/98_memory_prompt.txt
--------------------------------------------------
version-02/.pipeline_work/logs/section_07/99_memory_updated.md
[docs] 99 memory updated
[main bf41997] [docs] 99 memory updated
 1 file changed, 203 insertions(+)
 create mode 100644 version-02/.pipeline_work/logs/section_07/99_memory_updated.md
--------------------------------------------------
version-02/.pipeline_work/logs/section_07/section.log
[misc] section
[main 4c5822d] [misc] section
 1 file changed, 822 insertions(+)
 create mode 100644 version-02/.pipeline_work/logs/section_07/section.log
--------------------------------------------------
version-02/.pipeline_work/logs/section_08/01_draft_prompt.txt
[misc] 01 draft prompt
[main 9542cba] [misc] 01 draft prompt
 1 file changed, 246 insertions(+)
 create mode 100644 version-02/.pipeline_work/logs/section_08/01_draft_prompt.txt
--------------------------------------------------
version-02/.pipeline_work/logs/section_08/02_draft.md
[docs] 02 draft
[main 50d0fb1] [docs] 02 draft
 1 file changed, 135 insertions(+)
 create mode 100644 version-02/.pipeline_work/logs/section_08/02_draft.md
--------------------------------------------------
version-02/.pipeline_work/logs/section_08/03_critique_prompt.txt
[misc] 03 critique prompt
[main 8970517] [misc] 03 critique prompt
 1 file changed, 362 insertions(+)
 create mode 100644 version-02/.pipeline_work/logs/section_08/03_critique_prompt.txt
--------------------------------------------------
version-02/.pipeline_work/logs/section_08/04_critique.md
[docs] 04 critique
[main 6fa3c4a] [docs] 04 critique
 1 file changed, 175 insertions(+)
 create mode 100644 version-02/.pipeline_work/logs/section_08/04_critique.md
--------------------------------------------------
version-02/.pipeline_work/logs/section_08/05_revise_prompt.txt
[misc] 05 revise prompt
[main cc3e16d] [misc] 05 revise prompt
 1 file changed, 526 insertions(+)
 create mode 100644 version-02/.pipeline_work/logs/section_08/05_revise_prompt.txt
--------------------------------------------------
version-02/.pipeline_work/logs/section_08/06_revised.md
[docs] 06 revised
[main 51abc62] [docs] 06 revised
 1 file changed, 133 insertions(+)
 create mode 100644 version-02/.pipeline_work/logs/section_08/06_revised.md
--------------------------------------------------
version-02/.pipeline_work/logs/section_08/90_consistency_prompt.txt
[misc] 90 consistency prompt
[main 74fd364] [misc] 90 consistency prompt
 1 file changed, 346 insertions(+)
 create mode 100644 version-02/.pipeline_work/logs/section_08/90_consistency_prompt.txt
--------------------------------------------------
version-02/.pipeline_work/logs/section_08/91_consistency.md
[docs] 91 consistency
[main 7605c23] [docs] 91 consistency
 1 file changed, 29 insertions(+)
 create mode 100644 version-02/.pipeline_work/logs/section_08/91_consistency.md
--------------------------------------------------
version-02/.pipeline_work/logs/section_08/92_consistency_fix_prompt.txt
[misc] 92 consistency fix prompt
[main 49e0dc1] [misc] 92 consistency fix prompt
 1 file changed, 166 insertions(+)
 create mode 100644 version-02/.pipeline_work/logs/section_08/92_consistency_fix_prompt.txt
--------------------------------------------------
version-02/.pipeline_work/logs/section_08/93_consistency_fixed.md
[docs] 93 consistency fixed
[main 59a847c] [docs] 93 consistency fixed
 1 file changed, 133 insertions(+)
 create mode 100644 version-02/.pipeline_work/logs/section_08/93_consistency_fixed.md
--------------------------------------------------
version-02/.pipeline_work/logs/section_08/95_polish_prompt.txt
[misc] 95 polish prompt
[main 38fc03d] [misc] 95 polish prompt
 1 file changed, 347 insertions(+)
 create mode 100644 version-02/.pipeline_work/logs/section_08/95_polish_prompt.txt
--------------------------------------------------
version-02/.pipeline_work/logs/section_08/98_memory_prompt.txt
[misc] 98 memory prompt
[main be42e41] [misc] 98 memory prompt
 1 file changed, 292 insertions(+)
 create mode 100644 version-02/.pipeline_work/logs/section_08/98_memory_prompt.txt
--------------------------------------------------
version-02/.pipeline_work/logs/section_08/99_memory_updated.md
[docs] 99 memory updated
[main 7c3794f] [docs] 99 memory updated
 1 file changed, 55 insertions(+)
 create mode 100644 version-02/.pipeline_work/logs/section_08/99_memory_updated.md
--------------------------------------------------
version-02/.pipeline_work/logs/section_08/section.log
[misc] section
[main a853801] [misc] section
 1 file changed, 738 insertions(+)
 create mode 100644 version-02/.pipeline_work/logs/section_08/section.log
--------------------------------------------------
version-02/.pipeline_work/logs/section_09/01_draft_prompt.txt
[misc] 01 draft prompt
[main e99aee8] [misc] 01 draft prompt
 1 file changed, 98 insertions(+)
 create mode 100644 version-02/.pipeline_work/logs/section_09/01_draft_prompt.txt
--------------------------------------------------
version-02/.pipeline_work/logs/section_09/02_draft.md
[docs] 02 draft
[main 83b12da] [docs] 02 draft
 1 file changed, 70 insertions(+)
 create mode 100644 version-02/.pipeline_work/logs/section_09/02_draft.md
--------------------------------------------------
version-02/.pipeline_work/logs/section_09/03_critique_prompt.txt
[misc] 03 critique prompt
[main bc3076f] [misc] 03 critique prompt
 1 file changed, 149 insertions(+)
 create mode 100644 version-02/.pipeline_work/logs/section_09/03_critique_prompt.txt
--------------------------------------------------
version-02/.pipeline_work/logs/section_09/04_critique.md
[docs] 04 critique
[main 567e9ec] [docs] 04 critique
 1 file changed, 83 insertions(+)
 create mode 100644 version-02/.pipeline_work/logs/section_09/04_critique.md
--------------------------------------------------
version-02/.pipeline_work/logs/section_09/05_revise_prompt.txt
[misc] 05 revise prompt
[main 5908f9c] [misc] 05 revise prompt
 1 file changed, 221 insertions(+)
 create mode 100644 version-02/.pipeline_work/logs/section_09/05_revise_prompt.txt
--------------------------------------------------
version-02/.pipeline_work/logs/section_09/06_revised.md
[docs] 06 revised
[main ca218bc] [docs] 06 revised
 1 file changed, 68 insertions(+)
 create mode 100644 version-02/.pipeline_work/logs/section_09/06_revised.md
--------------------------------------------------
version-02/.pipeline_work/logs/section_09/90_consistency_prompt.txt
[misc] 90 consistency prompt
[main 289f0b1] [misc] 90 consistency prompt
 1 file changed, 133 insertions(+)
 create mode 100644 version-02/.pipeline_work/logs/section_09/90_consistency_prompt.txt
--------------------------------------------------
version-02/.pipeline_work/logs/section_09/91_consistency.md
[docs] 91 consistency
[main a157d25] [docs] 91 consistency
 1 file changed, 2 insertions(+)
 create mode 100644 version-02/.pipeline_work/logs/section_09/91_consistency.md
--------------------------------------------------
version-02/.pipeline_work/logs/section_09/95_polish_prompt.txt
[misc] 95 polish prompt
[main 0609496] [misc] 95 polish prompt
 1 file changed, 134 insertions(+)
 create mode 100644 version-02/.pipeline_work/logs/section_09/95_polish_prompt.txt
--------------------------------------------------
version-02/.pipeline_work/logs/section_09/98_memory_prompt.txt
[misc] 98 memory prompt
[main a355c46] [misc] 98 memory prompt
 1 file changed, 118 insertions(+)
 create mode 100644 version-02/.pipeline_work/logs/section_09/98_memory_prompt.txt
--------------------------------------------------
version-02/.pipeline_work/logs/section_09/99_memory_updated.md
[docs] 99 memory updated
[main 1fb2533] [docs] 99 memory updated
 1 file changed, 75 insertions(+)
 create mode 100644 version-02/.pipeline_work/logs/section_09/99_memory_updated.md
--------------------------------------------------
version-02/.pipeline_work/logs/section_09/section.log
[misc] section
[main dfa3ea2] [misc] section
 1 file changed, 350 insertions(+)
 create mode 100644 version-02/.pipeline_work/logs/section_09/section.log
--------------------------------------------------
version-02/.pipeline_work/logs/section_10/01_draft_prompt.txt
[misc] 01 draft prompt
[main 251d305] [misc] 01 draft prompt
 1 file changed, 118 insertions(+)
 create mode 100644 version-02/.pipeline_work/logs/section_10/01_draft_prompt.txt
--------------------------------------------------
version-02/.pipeline_work/logs/section_10/02_draft.md
[docs] 02 draft
[main 1884c42] [docs] 02 draft
 1 file changed, 75 insertions(+)
 create mode 100644 version-02/.pipeline_work/logs/section_10/02_draft.md
--------------------------------------------------
version-02/.pipeline_work/logs/section_10/03_critique_prompt.txt
[misc] 03 critique prompt
[main e873880] [misc] 03 critique prompt
 1 file changed, 174 insertions(+)
 create mode 100644 version-02/.pipeline_work/logs/section_10/03_critique_prompt.txt
--------------------------------------------------
version-02/.pipeline_work/logs/section_10/04_critique.md
[docs] 04 critique
[main 7c2f271] [docs] 04 critique
 1 file changed, 81 insertions(+)
 create mode 100644 version-02/.pipeline_work/logs/section_10/04_critique.md
--------------------------------------------------
version-02/.pipeline_work/logs/section_10/05_revise_prompt.txt
[misc] 05 revise prompt
[main 6ef580c] [misc] 05 revise prompt
 1 file changed, 244 insertions(+)
 create mode 100644 version-02/.pipeline_work/logs/section_10/05_revise_prompt.txt
--------------------------------------------------
version-02/.pipeline_work/logs/section_10/06_revised.md
[docs] 06 revised
[main b5b31bd] [docs] 06 revised
 1 file changed, 75 insertions(+)
 create mode 100644 version-02/.pipeline_work/logs/section_10/06_revised.md
--------------------------------------------------
version-02/.pipeline_work/logs/section_10/90_consistency_prompt.txt
[misc] 90 consistency prompt
[main 74b972b] [misc] 90 consistency prompt
 1 file changed, 160 insertions(+)
 create mode 100644 version-02/.pipeline_work/logs/section_10/90_consistency_prompt.txt
--------------------------------------------------
version-02/.pipeline_work/logs/section_10/91_consistency.md
[docs] 91 consistency
[main 70eaa40] [docs] 91 consistency
 1 file changed, 2 insertions(+)
 create mode 100644 version-02/.pipeline_work/logs/section_10/91_consistency.md
--------------------------------------------------
version-02/.pipeline_work/logs/section_10/95_polish_prompt.txt
[misc] 95 polish prompt
[main f434942] [misc] 95 polish prompt
 1 file changed, 161 insertions(+)
 create mode 100644 version-02/.pipeline_work/logs/section_10/95_polish_prompt.txt
--------------------------------------------------
version-02/.pipeline_work/logs/section_10/98_memory_prompt.txt
[misc] 98 memory prompt
[main 2d8aca8] [misc] 98 memory prompt
 1 file changed, 158 insertions(+)
 create mode 100644 version-02/.pipeline_work/logs/section_10/98_memory_prompt.txt
--------------------------------------------------
version-02/.pipeline_work/logs/section_10/99_memory_updated.md
[docs] 99 memory updated
[main d8994dc] [docs] 99 memory updated
 1 file changed, 139 insertions(+)
 create mode 100644 version-02/.pipeline_work/logs/section_10/99_memory_updated.md
--------------------------------------------------
version-02/.pipeline_work/logs/section_10/section.log
[misc] section
[main bc87a2a] [misc] section
 1 file changed, 444 insertions(+)
 create mode 100644 version-02/.pipeline_work/logs/section_10/section.log
--------------------------------------------------
version-02/.pipeline_work/logs/section_11/01_draft_prompt.txt
[misc] 01 draft prompt
[main b3d4702] [misc] 01 draft prompt
 1 file changed, 178 insertions(+)
 create mode 100644 version-02/.pipeline_work/logs/section_11/01_draft_prompt.txt
--------------------------------------------------
version-02/.pipeline_work/logs/section_11/02_draft.md
[docs] 02 draft
[main 123697d] [docs] 02 draft
 1 file changed, 75 insertions(+)
 create mode 100644 version-02/.pipeline_work/logs/section_11/02_draft.md
--------------------------------------------------
version-02/.pipeline_work/logs/section_11/03_critique_prompt.txt
[misc] 03 critique prompt
[main 2405df5] [misc] 03 critique prompt
 1 file changed, 234 insertions(+)
 create mode 100644 version-02/.pipeline_work/logs/section_11/03_critique_prompt.txt
--------------------------------------------------
version-02/.pipeline_work/logs/section_11/04_critique.md
[docs] 04 critique
[main 961c7b1] [docs] 04 critique
 1 file changed, 81 insertions(+)
 create mode 100644 version-02/.pipeline_work/logs/section_11/04_critique.md
--------------------------------------------------
version-02/.pipeline_work/logs/section_11/05_revise_prompt.txt
[misc] 05 revise prompt
[main 598bc90] [misc] 05 revise prompt
 1 file changed, 308 insertions(+)
 create mode 100644 version-02/.pipeline_work/logs/section_11/05_revise_prompt.txt
--------------------------------------------------
version-02/.pipeline_work/logs/section_11/06_revised.md
[docs] 06 revised
[main 01d7135] [docs] 06 revised
 1 file changed, 72 insertions(+)
 create mode 100644 version-02/.pipeline_work/logs/section_11/06_revised.md
--------------------------------------------------
version-02/.pipeline_work/logs/section_11/90_consistency_prompt.txt
[misc] 90 consistency prompt
[main bc13e88] [misc] 90 consistency prompt
 1 file changed, 221 insertions(+)
 create mode 100644 version-02/.pipeline_work/logs/section_11/90_consistency_prompt.txt
--------------------------------------------------
version-02/.pipeline_work/logs/section_11/91_consistency.md
[docs] 91 consistency
[main 0453691] [docs] 91 consistency
 1 file changed, 2 insertions(+)
 create mode 100644 version-02/.pipeline_work/logs/section_11/91_consistency.md
--------------------------------------------------
version-02/.pipeline_work/logs/section_11/95_polish_prompt.txt
[misc] 95 polish prompt
[main b4512c7] [misc] 95 polish prompt
 1 file changed, 222 insertions(+)
 create mode 100644 version-02/.pipeline_work/logs/section_11/95_polish_prompt.txt
--------------------------------------------------
version-02/.pipeline_work/logs/section_11/98_memory_prompt.txt
[misc] 98 memory prompt
[main 3bcf687] [misc] 98 memory prompt
 1 file changed, 222 insertions(+)
 create mode 100644 version-02/.pipeline_work/logs/section_11/98_memory_prompt.txt
--------------------------------------------------
version-02/.pipeline_work/logs/section_11/99_memory_updated.md
[docs] 99 memory updated
[main ec97db3] [docs] 99 memory updated
 1 file changed, 186 insertions(+)
 create mode 100644 version-02/.pipeline_work/logs/section_11/99_memory_updated.md
--------------------------------------------------
version-02/.pipeline_work/logs/section_11/section.log
[rust] section
[main 67040d8] [rust] section
 1 file changed, 488 insertions(+)
 create mode 100644 version-02/.pipeline_work/logs/section_11/section.log
--------------------------------------------------
version-02/.pipeline_work/memory.md
[docs] memory
[main 53d7900] [docs] memory
 1 file changed, 186 insertions(+)
 create mode 100644 version-02/.pipeline_work/memory.md
--------------------------------------------------
version-02/.pipeline_work/sections_in/01.md
[docs] 01
[main 8d06038] [docs] 01
 1 file changed, 7 insertions(+)
 create mode 100644 version-02/.pipeline_work/sections_in/01.md
--------------------------------------------------
version-02/.pipeline_work/sections_in/02.md
[docs] 02
[main 2506669] [docs] 02
 1 file changed, 9 insertions(+)
 create mode 100644 version-02/.pipeline_work/sections_in/02.md
--------------------------------------------------
version-02/.pipeline_work/sections_in/03.md
[docs] 03
[main 64c5c08] [docs] 03
 1 file changed, 14 insertions(+)
 create mode 100644 version-02/.pipeline_work/sections_in/03.md
--------------------------------------------------
version-02/.pipeline_work/sections_in/04.md
[docs] 04
[main 4de2f4b] [docs] 04
 1 file changed, 12 insertions(+)
 create mode 100644 version-02/.pipeline_work/sections_in/04.md
--------------------------------------------------
version-02/.pipeline_work/sections_in/05.md
[docs] 05
[main 8416b63] [docs] 05
 1 file changed, 9 insertions(+)
 create mode 100644 version-02/.pipeline_work/sections_in/05.md
--------------------------------------------------
version-02/.pipeline_work/sections_in/06.md
[docs] 06
[main 32e7ea5] [docs] 06
 1 file changed, 9 insertions(+)
 create mode 100644 version-02/.pipeline_work/sections_in/06.md
--------------------------------------------------
version-02/.pipeline_work/sections_in/07.md
[docs] 07
[main 72f8341] [docs] 07
 1 file changed, 21 insertions(+)
 create mode 100644 version-02/.pipeline_work/sections_in/07.md
--------------------------------------------------
version-02/.pipeline_work/sections_in/08.md
[docs] 08
[main 3ab84b4] [docs] 08
 1 file changed, 9 insertions(+)
 create mode 100644 version-02/.pipeline_work/sections_in/08.md
--------------------------------------------------
version-02/.pipeline_work/sections_in/09.md
[docs] 09
[main 96f9a58] [docs] 09
 1 file changed, 9 insertions(+)
 create mode 100644 version-02/.pipeline_work/sections_in/09.md
--------------------------------------------------
version-02/.pipeline_work/sections_in/10.md
[docs] 10
[main 2fb5d5b] [docs] 10
 1 file changed, 9 insertions(+)
 create mode 100644 version-02/.pipeline_work/sections_in/10.md
--------------------------------------------------
version-02/.pipeline_work/sections_in/11.md
[docs] 11
[main f5f7ede] [docs] 11
 1 file changed, 4 insertions(+)
 create mode 100644 version-02/.pipeline_work/sections_in/11.md
--------------------------------------------------
version-02/.pipeline_work/sections_out/01_final.md
[docs] 01 final
[main 7b21306] [docs] 01 final
 1 file changed, 101 insertions(+)
 create mode 100644 version-02/.pipeline_work/sections_out/01_final.md
--------------------------------------------------
version-02/.pipeline_work/sections_out/02_final.md
[docs] 02 final
[main 71ac376] [docs] 02 final
 1 file changed, 68 insertions(+)
 create mode 100644 version-02/.pipeline_work/sections_out/02_final.md
--------------------------------------------------
version-02/.pipeline_work/sections_out/03_final.md
[docs] 03 final
[main 3829b0f] [docs] 03 final
 1 file changed, 67 insertions(+)
 create mode 100644 version-02/.pipeline_work/sections_out/03_final.md
--------------------------------------------------
version-02/.pipeline_work/sections_out/04_final.md
[docs] 04 final
[main eb94401] [docs] 04 final
 1 file changed, 64 insertions(+)
 create mode 100644 version-02/.pipeline_work/sections_out/04_final.md
--------------------------------------------------
version-02/.pipeline_work/sections_out/05_final.md
[docs] 05 final
[main c4b556c] [docs] 05 final
 1 file changed, 68 insertions(+)
 create mode 100644 version-02/.pipeline_work/sections_out/05_final.md
--------------------------------------------------
version-02/.pipeline_work/sections_out/06_final.md
[docs] 06 final
[main 74d8dae] [docs] 06 final
 1 file changed, 84 insertions(+)
 create mode 100644 version-02/.pipeline_work/sections_out/06_final.md
--------------------------------------------------
version-02/.pipeline_work/sections_out/07_final.md
[docs] 07 final
[main 3c8d9c3] [docs] 07 final
 1 file changed, 66 insertions(+)
 create mode 100644 version-02/.pipeline_work/sections_out/07_final.md
--------------------------------------------------
version-02/.pipeline_work/sections_out/08_final.md
[docs] 08 final
[main 787855a] [docs] 08 final
 1 file changed, 78 insertions(+)
 create mode 100644 version-02/.pipeline_work/sections_out/08_final.md
--------------------------------------------------
version-02/.pipeline_work/sections_out/09_final.md
[docs] 09 final
[main 7d67930] [docs] 09 final
 1 file changed, 52 insertions(+)
 create mode 100644 version-02/.pipeline_work/sections_out/09_final.md
--------------------------------------------------
version-02/.pipeline_work/sections_out/10_final.md
[docs] 10 final
[main ea9c863] [docs] 10 final
 1 file changed, 72 insertions(+)
 create mode 100644 version-02/.pipeline_work/sections_out/10_final.md
--------------------------------------------------
version-02/.pipeline_work/sections_out/11_final.md
[docs] 11 final
[main 3ed0ee6] [docs] 11 final
 1 file changed, 72 insertions(+)
 create mode 100644 version-02/.pipeline_work/sections_out/11_final.md
--------------------------------------------------
version-02/file-list.txt
[misc] file list
[main 821d97b] [misc] file list
 1 file changed, 6 insertions(+)
 create mode 100644 version-02/file-list.txt
--------------------------------------------------
version-02/outline.txt
[misc] outline
[main d997074] [misc] outline
 1 file changed, 112 insertions(+)
 create mode 100644 version-02/outline.txt
--------------------------------------------------
version-02/output.md
[docs] output
[main 7a66bb2] [docs] output
 1 file changed, 814 insertions(+)
 create mode 100644 version-02/output.md
--------------------------------------------------
version-02/write_essay.sh
[bash] write essay
[main 2e9deb9] [bash] write essay
 1 file changed, 399 insertions(+)
 create mode 100755 version-02/write_essay.sh
--------------------------------------------------
version-03/.pipeline_work/.ollama_err
[misc] 
[main 0b15d9d] [misc]
 1 file changed, 1 insertion(+)
 create mode 100644 version-03/.pipeline_work/.ollama_err
--------------------------------------------------
version-03/.pipeline_work/logs/section.prompt.txt
[misc] section.prompt
[main 30573f3] [misc] section.prompt
 1 file changed, 171 insertions(+)
 create mode 100644 version-03/.pipeline_work/logs/section.prompt.txt
--------------------------------------------------
version-03/.pipeline_work/logs/section_01/01_draft_prompt.txt
[misc] 01 draft prompt
[main 7fdea54] [misc] 01 draft prompt
 1 file changed, 39 insertions(+)
 create mode 100644 version-03/.pipeline_work/logs/section_01/01_draft_prompt.txt
--------------------------------------------------
version-03/.pipeline_work/logs/section_01/02_draft.md
[docs] 02 draft
[main ac75718] [docs] 02 draft
 1 file changed, 87 insertions(+)
 create mode 100644 version-03/.pipeline_work/logs/section_01/02_draft.md
--------------------------------------------------
version-03/.pipeline_work/logs/section_01/03_critique_prompt.txt
[misc] 03 critique prompt
[main 9363d81] [misc] 03 critique prompt
 1 file changed, 120 insertions(+)
 create mode 100644 version-03/.pipeline_work/logs/section_01/03_critique_prompt.txt
--------------------------------------------------
version-03/.pipeline_work/logs/section_01/04_critique.md
[docs] 04 critique
[main a9c7940] [docs] 04 critique
 1 file changed, 66 insertions(+)
 create mode 100644 version-03/.pipeline_work/logs/section_01/04_critique.md
--------------------------------------------------
version-03/.pipeline_work/logs/section_01/05_revise_prompt.txt
[misc] 05 revise prompt
[main 986345a] [misc] 05 revise prompt
 1 file changed, 177 insertions(+)
 create mode 100644 version-03/.pipeline_work/logs/section_01/05_revise_prompt.txt
--------------------------------------------------
version-03/.pipeline_work/logs/section_01/06_revised.md
[docs] 06 revised
[main c6c15a5] [docs] 06 revised
 1 file changed, 87 insertions(+)
 create mode 100644 version-03/.pipeline_work/logs/section_01/06_revised.md
--------------------------------------------------
version-03/.pipeline_work/logs/section_01/90_consistency_prompt.txt
[misc] 90 consistency prompt
[main fee3991] [misc] 90 consistency prompt
 1 file changed, 108 insertions(+)
 create mode 100644 version-03/.pipeline_work/logs/section_01/90_consistency_prompt.txt
--------------------------------------------------
version-03/.pipeline_work/logs/section_01/91_consistency.md
[docs] 91 consistency
[main 7b40659] [docs] 91 consistency
 1 file changed, 2 insertions(+)
 create mode 100644 version-03/.pipeline_work/logs/section_01/91_consistency.md
--------------------------------------------------
version-03/.pipeline_work/logs/section_01/95_polish_prompt.txt
[misc] 95 polish prompt
[main 425bf72] [misc] 95 polish prompt
 1 file changed, 109 insertions(+)
 create mode 100644 version-03/.pipeline_work/logs/section_01/95_polish_prompt.txt
--------------------------------------------------
version-03/.pipeline_work/logs/section_01/98_memory_prompt.txt
[misc] 98 memory prompt
[main e868076] [misc] 98 memory prompt
 1 file changed, 106 insertions(+)
 create mode 100644 version-03/.pipeline_work/logs/section_01/98_memory_prompt.txt
--------------------------------------------------
version-03/.pipeline_work/logs/section_01/99_memory_updated.md
[docs] 99 memory updated
[main c340e6c] [docs] 99 memory updated
 1 file changed, 44 insertions(+)
 create mode 100644 version-03/.pipeline_work/logs/section_01/99_memory_updated.md
--------------------------------------------------
version-03/.pipeline_work/logs/section_01/section.log
[rust] section
[main 7d8cf2e] [rust] section
 1 file changed, 370 insertions(+)
 create mode 100644 version-03/.pipeline_work/logs/section_01/section.log
--------------------------------------------------
version-03/.pipeline_work/logs/section_02/01_draft_prompt.txt
[misc] 01 draft prompt
[main 8fc4db5] [misc] 01 draft prompt
 1 file changed, 87 insertions(+)
 create mode 100644 version-03/.pipeline_work/logs/section_02/01_draft_prompt.txt
--------------------------------------------------
version-03/.pipeline_work/logs/section_02/02_draft.md
[docs] 02 draft
[main 588286e] [docs] 02 draft
 1 file changed, 68 insertions(+)
 create mode 100644 version-03/.pipeline_work/logs/section_02/02_draft.md
--------------------------------------------------
version-03/.pipeline_work/logs/section_02/03_critique_prompt.txt
[misc] 03 critique prompt
[main e52573a] [misc] 03 critique prompt
 1 file changed, 136 insertions(+)
 create mode 100644 version-03/.pipeline_work/logs/section_02/03_critique_prompt.txt
--------------------------------------------------
version-03/.pipeline_work/logs/section_02/04_critique.md
[docs] 04 critique
[main 868f12b] [docs] 04 critique
 1 file changed, 82 insertions(+)
 create mode 100644 version-03/.pipeline_work/logs/section_02/04_critique.md
--------------------------------------------------
version-03/.pipeline_work/logs/section_02/05_revise_prompt.txt
[misc] 05 revise prompt
[main 6b79307] [misc] 05 revise prompt
 1 file changed, 207 insertions(+)
 create mode 100644 version-03/.pipeline_work/logs/section_02/05_revise_prompt.txt
--------------------------------------------------
version-03/.pipeline_work/logs/section_02/06_revised.md
[docs] 06 revised
[main 8274da2] [docs] 06 revised
 1 file changed, 79 insertions(+)
 create mode 100644 version-03/.pipeline_work/logs/section_02/06_revised.md
--------------------------------------------------
version-03/.pipeline_work/logs/section_02/90_consistency_prompt.txt
[misc] 90 consistency prompt
[main 4beb28e] [misc] 90 consistency prompt
 1 file changed, 133 insertions(+)
 create mode 100644 version-03/.pipeline_work/logs/section_02/90_consistency_prompt.txt
--------------------------------------------------
version-03/.pipeline_work/logs/section_02/91_consistency.md
[docs] 91 consistency
[main 7af9b88] [docs] 91 consistency
 1 file changed, 2 insertions(+)
 create mode 100644 version-03/.pipeline_work/logs/section_02/91_consistency.md
--------------------------------------------------
version-03/.pipeline_work/logs/section_02/95_polish_prompt.txt
[misc] 95 polish prompt
[main c921c8a] [misc] 95 polish prompt
 1 file changed, 134 insertions(+)
 create mode 100644 version-03/.pipeline_work/logs/section_02/95_polish_prompt.txt
--------------------------------------------------
version-03/.pipeline_work/logs/section_02/98_memory_prompt.txt
[misc] 98 memory prompt
[main 125ce7a] [misc] 98 memory prompt
 1 file changed, 134 insertions(+)
 create mode 100644 version-03/.pipeline_work/logs/section_02/98_memory_prompt.txt
--------------------------------------------------
version-03/.pipeline_work/logs/section_02/99_memory_updated.md
[docs] 99 memory updated
[main 664dfce] [docs] 99 memory updated
 1 file changed, 53 insertions(+)
 create mode 100644 version-03/.pipeline_work/logs/section_02/99_memory_updated.md
--------------------------------------------------
version-03/.pipeline_work/logs/section_02/section.log
[misc] section
[main 6be1769] [misc] section
 1 file changed, 363 insertions(+)
 create mode 100644 version-03/.pipeline_work/logs/section_02/section.log
--------------------------------------------------
version-03/.pipeline_work/logs/section_03/01_draft_prompt.txt
[misc] 01 draft prompt
[main a9628cf] [misc] 01 draft prompt
 1 file changed, 101 insertions(+)
 create mode 100644 version-03/.pipeline_work/logs/section_03/01_draft_prompt.txt
--------------------------------------------------
version-03/.pipeline_work/logs/section_03/02_draft.md
[docs] 02 draft
[main 775011e] [docs] 02 draft
 1 file changed, 79 insertions(+)
 create mode 100644 version-03/.pipeline_work/logs/section_03/02_draft.md
--------------------------------------------------
version-03/.pipeline_work/logs/section_03/03_critique_prompt.txt
[misc] 03 critique prompt
[main 46efd95] [misc] 03 critique prompt
 1 file changed, 161 insertions(+)
 create mode 100644 version-03/.pipeline_work/logs/section_03/03_critique_prompt.txt
--------------------------------------------------
version-03/.pipeline_work/logs/section_03/04_critique.md
[docs] 04 critique
[main d60cae4] [docs] 04 critique
 1 file changed, 114 insertions(+)
 create mode 100644 version-03/.pipeline_work/logs/section_03/04_critique.md
--------------------------------------------------
version-03/.pipeline_work/logs/section_03/05_revise_prompt.txt
[misc] 05 revise prompt
[main e42874c] [misc] 05 revise prompt
 1 file changed, 259 insertions(+)
 create mode 100644 version-03/.pipeline_work/logs/section_03/05_revise_prompt.txt
--------------------------------------------------
version-03/.pipeline_work/logs/section_03/06_revised.md
[docs] 06 revised
[main 222b35f] [docs] 06 revised
 1 file changed, 49 insertions(+)
 create mode 100644 version-03/.pipeline_work/logs/section_03/06_revised.md
--------------------------------------------------
version-03/.pipeline_work/logs/section_03/90_consistency_prompt.txt
[misc] 90 consistency prompt
[main 182d0cb] [misc] 90 consistency prompt
 1 file changed, 112 insertions(+)
 create mode 100644 version-03/.pipeline_work/logs/section_03/90_consistency_prompt.txt
--------------------------------------------------
version-03/.pipeline_work/logs/section_03/91_consistency.md
[docs] 91 consistency
[main 421c682] [docs] 91 consistency
 1 file changed, 2 insertions(+)
 create mode 100644 version-03/.pipeline_work/logs/section_03/91_consistency.md
--------------------------------------------------
version-03/.pipeline_work/logs/section_03/95_polish_prompt.txt
[misc] 95 polish prompt
[main 3b5f517] [misc] 95 polish prompt
 1 file changed, 113 insertions(+)
 create mode 100644 version-03/.pipeline_work/logs/section_03/95_polish_prompt.txt
--------------------------------------------------
version-03/.pipeline_work/logs/section_03/98_memory_prompt.txt
[misc] 98 memory prompt
[main 15035f8] [misc] 98 memory prompt
 1 file changed, 109 insertions(+)
 create mode 100644 version-03/.pipeline_work/logs/section_03/98_memory_prompt.txt
--------------------------------------------------
version-03/.pipeline_work/logs/section_03/99_memory_updated.md
[docs] 99 memory updated
[main c22bbec] [docs] 99 memory updated
 1 file changed, 76 insertions(+)
 create mode 100644 version-03/.pipeline_work/logs/section_03/99_memory_updated.md
--------------------------------------------------
version-03/.pipeline_work/logs/section_03/section.log
[rust] section
[main 40efd78] [rust] section
 1 file changed, 365 insertions(+)
 create mode 100644 version-03/.pipeline_work/logs/section_03/section.log
--------------------------------------------------
version-03/.pipeline_work/logs/section_04/01_draft_prompt.txt
[misc] 01 draft prompt
[main 8516694] [misc] 01 draft prompt
 1 file changed, 122 insertions(+)
 create mode 100644 version-03/.pipeline_work/logs/section_04/01_draft_prompt.txt
--------------------------------------------------
version-03/.pipeline_work/logs/section_04/02_draft.md
[docs] 02 draft
[main 297bcfd] [docs] 02 draft
 1 file changed, 74 insertions(+)
 create mode 100644 version-03/.pipeline_work/logs/section_04/02_draft.md
--------------------------------------------------
version-03/.pipeline_work/logs/section_04/03_critique_prompt.txt
[misc] 03 critique prompt
[main 87a60c3] [misc] 03 critique prompt
 1 file changed, 177 insertions(+)
 create mode 100644 version-03/.pipeline_work/logs/section_04/03_critique_prompt.txt
--------------------------------------------------
version-03/.pipeline_work/logs/section_04/04_critique.md
[docs] 04 critique
[main 8108ea3] [docs] 04 critique
 1 file changed, 69 insertions(+)
 create mode 100644 version-03/.pipeline_work/logs/section_04/04_critique.md
--------------------------------------------------
version-03/.pipeline_work/logs/section_04/05_revise_prompt.txt
[misc] 05 revise prompt
[main 826770e] [misc] 05 revise prompt
 1 file changed, 232 insertions(+)
 create mode 100644 version-03/.pipeline_work/logs/section_04/05_revise_prompt.txt
--------------------------------------------------
version-03/.pipeline_work/logs/section_04/06_revised.md
[docs] 06 revised
[main b8410f2] [docs] 06 revised
 1 file changed, 87 insertions(+)
 create mode 100644 version-03/.pipeline_work/logs/section_04/06_revised.md
--------------------------------------------------
version-03/.pipeline_work/logs/section_04/90_consistency_prompt.txt
[misc] 90 consistency prompt
[main fb1640f] [misc] 90 consistency prompt
 1 file changed, 173 insertions(+)
 create mode 100644 version-03/.pipeline_work/logs/section_04/90_consistency_prompt.txt
--------------------------------------------------
version-03/.pipeline_work/logs/section_04/91_consistency.md
[docs] 91 consistency
[main 147aa8a] [docs] 91 consistency
 1 file changed, 2 insertions(+)
 create mode 100644 version-03/.pipeline_work/logs/section_04/91_consistency.md
--------------------------------------------------
version-03/.pipeline_work/logs/section_04/95_polish_prompt.txt
[misc] 95 polish prompt
[main fefe34a] [misc] 95 polish prompt
 1 file changed, 174 insertions(+)
 create mode 100644 version-03/.pipeline_work/logs/section_04/95_polish_prompt.txt
--------------------------------------------------
version-03/.pipeline_work/logs/section_04/98_memory_prompt.txt
[misc] 98 memory prompt
[main 776fc0b] [misc] 98 memory prompt
 1 file changed, 148 insertions(+)
 create mode 100644 version-03/.pipeline_work/logs/section_04/98_memory_prompt.txt
--------------------------------------------------
version-03/.pipeline_work/logs/section_04/99_memory_updated.md
[docs] 99 memory updated
[main 6f9a981] [docs] 99 memory updated
 1 file changed, 94 insertions(+)
 create mode 100644 version-03/.pipeline_work/logs/section_04/99_memory_updated.md
--------------------------------------------------
version-03/.pipeline_work/logs/section_04/section.log
[rust] section
[main 5ad30ed] [rust] section
 1 file changed, 387 insertions(+)
 create mode 100644 version-03/.pipeline_work/logs/section_04/section.log
--------------------------------------------------
version-03/.pipeline_work/logs/section_05/01_draft_prompt.txt
[misc] 01 draft prompt
[main 181dad5] [misc] 01 draft prompt
 1 file changed, 137 insertions(+)
 create mode 100644 version-03/.pipeline_work/logs/section_05/01_draft_prompt.txt
--------------------------------------------------
version-03/.pipeline_work/logs/section_05/02_draft.md
[docs] 02 draft
[main 80640d3] [docs] 02 draft
 1 file changed, 105 insertions(+)
 create mode 100644 version-03/.pipeline_work/logs/section_05/02_draft.md
--------------------------------------------------
version-03/.pipeline_work/logs/section_05/03_critique_prompt.txt
[misc] 03 critique prompt
[main 324c760] [misc] 03 critique prompt
 1 file changed, 223 insertions(+)
 create mode 100644 version-03/.pipeline_work/logs/section_05/03_critique_prompt.txt
--------------------------------------------------
version-03/.pipeline_work/logs/section_05/04_critique.md
[docs] 04 critique
[main dd4fce0] [docs] 04 critique
 1 file changed, 49 insertions(+)
 create mode 100644 version-03/.pipeline_work/logs/section_05/04_critique.md
--------------------------------------------------
version-03/.pipeline_work/logs/section_05/05_revise_prompt.txt
[misc] 05 revise prompt
[main 0b1b805] [misc] 05 revise prompt
 1 file changed, 261 insertions(+)
 create mode 100644 version-03/.pipeline_work/logs/section_05/05_revise_prompt.txt
--------------------------------------------------
version-03/.pipeline_work/logs/section_05/06_revised.md
[docs] 06 revised
[main 6e0ef32] [docs] 06 revised
 1 file changed, 105 insertions(+)
 create mode 100644 version-03/.pipeline_work/logs/section_05/06_revised.md
--------------------------------------------------
version-03/.pipeline_work/logs/section_05/90_consistency_prompt.txt
[misc] 90 consistency prompt
[main a6922eb] [misc] 90 consistency prompt
 1 file changed, 209 insertions(+)
 create mode 100644 version-03/.pipeline_work/logs/section_05/90_consistency_prompt.txt
--------------------------------------------------
version-03/.pipeline_work/logs/section_05/91_consistency.md
[docs] 91 consistency
[main 036229a] [docs] 91 consistency
 1 file changed, 2 insertions(+)
 create mode 100644 version-03/.pipeline_work/logs/section_05/91_consistency.md
--------------------------------------------------
version-03/.pipeline_work/logs/section_05/95_polish_prompt.txt
[misc] 95 polish prompt
[main 4389bfb] [misc] 95 polish prompt
 1 file changed, 210 insertions(+)
 create mode 100644 version-03/.pipeline_work/logs/section_05/95_polish_prompt.txt
--------------------------------------------------
version-03/.pipeline_work/logs/section_05/98_memory_prompt.txt
[misc] 98 memory prompt
[main bd895da] [misc] 98 memory prompt
 1 file changed, 211 insertions(+)
 create mode 100644 version-03/.pipeline_work/logs/section_05/98_memory_prompt.txt
--------------------------------------------------
version-03/.pipeline_work/logs/section_05/99_memory_updated.md
[docs] 99 memory updated
[main fa42d82] [docs] 99 memory updated
 1 file changed, 102 insertions(+)
 create mode 100644 version-03/.pipeline_work/logs/section_05/99_memory_updated.md
--------------------------------------------------
version-03/.pipeline_work/logs/section_05/section.log
[rust] section
[main 2c1d280] [rust] section
 1 file changed, 469 insertions(+)
 create mode 100644 version-03/.pipeline_work/logs/section_05/section.log
--------------------------------------------------
version-03/.pipeline_work/logs/section_06/01_draft_prompt.txt
[misc] 01 draft prompt
[main 0418100] [misc] 01 draft prompt
 1 file changed, 145 insertions(+)
 create mode 100644 version-03/.pipeline_work/logs/section_06/01_draft_prompt.txt
--------------------------------------------------
version-03/.pipeline_work/logs/section_06/02_draft.md
[docs] 02 draft
[main 695fedc] [docs] 02 draft
 1 file changed, 106 insertions(+)
 create mode 100644 version-03/.pipeline_work/logs/section_06/02_draft.md
--------------------------------------------------
version-03/.pipeline_work/logs/section_06/03_critique_prompt.txt
[misc] 03 critique prompt
[main 43a41af] [misc] 03 critique prompt
 1 file changed, 232 insertions(+)
 create mode 100644 version-03/.pipeline_work/logs/section_06/03_critique_prompt.txt
--------------------------------------------------
version-03/.pipeline_work/logs/section_06/04_critique.md
[docs] 04 critique
[main 49a0351] [docs] 04 critique
 1 file changed, 72 insertions(+)
 create mode 100644 version-03/.pipeline_work/logs/section_06/04_critique.md
--------------------------------------------------
version-03/.pipeline_work/logs/section_06/05_revise_prompt.txt
[misc] 05 revise prompt
[main 0ee37c9] [misc] 05 revise prompt
 1 file changed, 293 insertions(+)
 create mode 100644 version-03/.pipeline_work/logs/section_06/05_revise_prompt.txt
--------------------------------------------------
version-03/.pipeline_work/logs/section_06/06_revised.md
[docs] 06 revised
[main 54b8a37] [docs] 06 revised
 1 file changed, 106 insertions(+)
 create mode 100644 version-03/.pipeline_work/logs/section_06/06_revised.md
--------------------------------------------------
version-03/.pipeline_work/logs/section_06/90_consistency_prompt.txt
[misc] 90 consistency prompt
[main 61bddb9] [misc] 90 consistency prompt
 1 file changed, 218 insertions(+)
 create mode 100644 version-03/.pipeline_work/logs/section_06/90_consistency_prompt.txt
--------------------------------------------------
version-03/.pipeline_work/logs/section_06/91_consistency.md
[docs] 91 consistency
[main 4a011f5] [docs] 91 consistency
 1 file changed, 2 insertions(+)
 create mode 100644 version-03/.pipeline_work/logs/section_06/91_consistency.md
--------------------------------------------------
version-03/.pipeline_work/logs/section_06/95_polish_prompt.txt
[misc] 95 polish prompt
[main 128353e] [misc] 95 polish prompt
 1 file changed, 219 insertions(+)
 create mode 100644 version-03/.pipeline_work/logs/section_06/95_polish_prompt.txt
--------------------------------------------------
version-03/.pipeline_work/logs/section_06/98_memory_prompt.txt
[misc] 98 memory prompt
[main 0ed0a55] [misc] 98 memory prompt
 1 file changed, 207 insertions(+)
 create mode 100644 version-03/.pipeline_work/logs/section_06/98_memory_prompt.txt
--------------------------------------------------
version-03/.pipeline_work/logs/section_06/99_memory_updated.md
[docs] 99 memory updated
[main 8e00c54] [docs] 99 memory updated
 1 file changed, 196 insertions(+)
 create mode 100644 version-03/.pipeline_work/logs/section_06/99_memory_updated.md
--------------------------------------------------
version-03/.pipeline_work/logs/section_06/section.log
[misc] section
[main f7bc4c0] [misc] section
 1 file changed, 576 insertions(+)
 create mode 100644 version-03/.pipeline_work/logs/section_06/section.log
--------------------------------------------------
version-03/.pipeline_work/logs/section_07/01_draft_prompt.txt
[misc] 01 draft prompt
[main 1057243] [misc] 01 draft prompt
 1 file changed, 251 insertions(+)
 create mode 100644 version-03/.pipeline_work/logs/section_07/01_draft_prompt.txt
--------------------------------------------------
version-03/.pipeline_work/logs/section_07/02_draft.md
[docs] 02 draft
[main c3d09e5] [docs] 02 draft
 1 file changed, 187 insertions(+)
 create mode 100644 version-03/.pipeline_work/logs/section_07/02_draft.md
--------------------------------------------------
version-03/.pipeline_work/logs/section_07/03_critique_prompt.txt
[misc] 03 critique prompt
[main b9608fb] [misc] 03 critique prompt
 1 file changed, 419 insertions(+)
 create mode 100644 version-03/.pipeline_work/logs/section_07/03_critique_prompt.txt
--------------------------------------------------
version-03/.pipeline_work/logs/section_07/04_critique.md
[docs] 04 critique
[main 10782f8] [docs] 04 critique
 1 file changed, 162 insertions(+)
 create mode 100644 version-03/.pipeline_work/logs/section_07/04_critique.md
--------------------------------------------------
version-03/.pipeline_work/logs/section_07/05_revise_prompt.txt
[misc] 05 revise prompt
[main 7644459] [misc] 05 revise prompt
 1 file changed, 558 insertions(+)
 create mode 100644 version-03/.pipeline_work/logs/section_07/05_revise_prompt.txt
--------------------------------------------------
version-03/.pipeline_work/logs/section_07/06_revised.md
[docs] 06 revised
[main 60b1689] [docs] 06 revised
 1 file changed, 136 insertions(+)
 create mode 100644 version-03/.pipeline_work/logs/section_07/06_revised.md
--------------------------------------------------
version-03/.pipeline_work/logs/section_07/90_consistency_prompt.txt
[misc] 90 consistency prompt
[main 366d41d] [misc] 90 consistency prompt
 1 file changed, 342 insertions(+)
 create mode 100644 version-03/.pipeline_work/logs/section_07/90_consistency_prompt.txt
--------------------------------------------------
version-03/.pipeline_work/logs/section_07/91_consistency.md
[docs] 91 consistency
[main 158749a] [docs] 91 consistency
 1 file changed, 13 insertions(+)
 create mode 100644 version-03/.pipeline_work/logs/section_07/91_consistency.md
--------------------------------------------------
version-03/.pipeline_work/logs/section_07/92_consistency_fix_prompt.txt
[misc] 92 consistency fix prompt
[main 936c0dc] [misc] 92 consistency fix prompt
 1 file changed, 153 insertions(+)
 create mode 100644 version-03/.pipeline_work/logs/section_07/92_consistency_fix_prompt.txt
--------------------------------------------------
version-03/.pipeline_work/logs/section_07/93_consistency_fixed.md
[docs] 93 consistency fixed
[main 827ff17] [docs] 93 consistency fixed
 1 file changed, 136 insertions(+)
 create mode 100644 version-03/.pipeline_work/logs/section_07/93_consistency_fixed.md
--------------------------------------------------
version-03/.pipeline_work/logs/section_07/95_polish_prompt.txt
[misc] 95 polish prompt
[main ca5f22a] [misc] 95 polish prompt
 1 file changed, 343 insertions(+)
 create mode 100644 version-03/.pipeline_work/logs/section_07/95_polish_prompt.txt
--------------------------------------------------
version-03/.pipeline_work/logs/section_07/98_memory_prompt.txt
[misc] 98 memory prompt
[main 849170e] [misc] 98 memory prompt
 1 file changed, 281 insertions(+)
 create mode 100644 version-03/.pipeline_work/logs/section_07/98_memory_prompt.txt
--------------------------------------------------
version-03/.pipeline_work/logs/section_07/99_memory_updated.md
[docs] 99 memory updated
[main 02ecebf] [docs] 99 memory updated
 1 file changed, 95 insertions(+)
 create mode 100644 version-03/.pipeline_work/logs/section_07/99_memory_updated.md
--------------------------------------------------
version-03/.pipeline_work/logs/section_07/section.log
[misc] section
[main 722c44f] [misc] section
 1 file changed, 803 insertions(+)
 create mode 100644 version-03/.pipeline_work/logs/section_07/section.log
--------------------------------------------------
version-03/.pipeline_work/logs/section_08/01_draft_prompt.txt
[misc] 01 draft prompt
[main c60e379] [misc] 01 draft prompt
 1 file changed, 138 insertions(+)
 create mode 100644 version-03/.pipeline_work/logs/section_08/01_draft_prompt.txt
--------------------------------------------------
version-03/.pipeline_work/logs/section_08/02_draft.md
[docs] 02 draft
[main dc775d3] [docs] 02 draft
 1 file changed, 51 insertions(+)
 create mode 100644 version-03/.pipeline_work/logs/section_08/02_draft.md
--------------------------------------------------
version-03/.pipeline_work/logs/section_08/03_critique_prompt.txt
[misc] 03 critique prompt
[main a9b9ed1] [misc] 03 critique prompt
 1 file changed, 170 insertions(+)
 create mode 100644 version-03/.pipeline_work/logs/section_08/03_critique_prompt.txt
--------------------------------------------------
version-03/.pipeline_work/logs/section_08/04_critique.md
[docs] 04 critique
[main 53f16d6] [docs] 04 critique
 1 file changed, 48 insertions(+)
 create mode 100644 version-03/.pipeline_work/logs/section_08/04_critique.md
--------------------------------------------------
version-03/.pipeline_work/logs/section_08/05_revise_prompt.txt
[misc] 05 revise prompt
[main 8523002] [misc] 05 revise prompt
 1 file changed, 207 insertions(+)
 create mode 100644 version-03/.pipeline_work/logs/section_08/05_revise_prompt.txt
--------------------------------------------------
version-03/.pipeline_work/logs/section_08/06_revised.md
[docs] 06 revised
[main 31bfdf1] [docs] 06 revised
 1 file changed, 51 insertions(+)
 create mode 100644 version-03/.pipeline_work/logs/section_08/06_revised.md
--------------------------------------------------
version-03/.pipeline_work/logs/section_08/90_consistency_prompt.txt
[misc] 90 consistency prompt
[main 72e72c9] [misc] 90 consistency prompt
 1 file changed, 156 insertions(+)
 create mode 100644 version-03/.pipeline_work/logs/section_08/90_consistency_prompt.txt
--------------------------------------------------
version-03/.pipeline_work/logs/section_08/91_consistency.md
[docs] 91 consistency
[main abd9a63] [docs] 91 consistency
 1 file changed, 2 insertions(+)
 create mode 100644 version-03/.pipeline_work/logs/section_08/91_consistency.md
--------------------------------------------------
version-03/.pipeline_work/logs/section_08/95_polish_prompt.txt
[misc] 95 polish prompt
[main 6abef30] [misc] 95 polish prompt
 1 file changed, 157 insertions(+)
 create mode 100644 version-03/.pipeline_work/logs/section_08/95_polish_prompt.txt
--------------------------------------------------
version-03/.pipeline_work/logs/section_08/98_memory_prompt.txt
[misc] 98 memory prompt
[main e6524ce] [misc] 98 memory prompt
 1 file changed, 158 insertions(+)
 create mode 100644 version-03/.pipeline_work/logs/section_08/98_memory_prompt.txt
--------------------------------------------------
version-03/.pipeline_work/logs/section_08/99_memory_updated.md
[docs] 99 memory updated
[main 780b2c6] [docs] 99 memory updated
 1 file changed, 143 insertions(+)
 create mode 100644 version-03/.pipeline_work/logs/section_08/99_memory_updated.md
--------------------------------------------------
version-03/.pipeline_work/logs/section_08/section.log
[misc] section
[main d637c8c] [misc] section
 1 file changed, 347 insertions(+)
 create mode 100644 version-03/.pipeline_work/logs/section_08/section.log
--------------------------------------------------
version-03/.pipeline_work/logs/section_09/01_draft_prompt.txt
[misc] 01 draft prompt
[main 11dc5e9] [misc] 01 draft prompt
 1 file changed, 186 insertions(+)
 create mode 100644 version-03/.pipeline_work/logs/section_09/01_draft_prompt.txt
--------------------------------------------------
version-03/.pipeline_work/logs/section_09/02_draft.md
[docs] 02 draft
[main dc06d49] [docs] 02 draft
 1 file changed, 112 insertions(+)
 create mode 100644 version-03/.pipeline_work/logs/section_09/02_draft.md
--------------------------------------------------
version-03/.pipeline_work/logs/section_09/03_critique_prompt.txt
[misc] 03 critique prompt
[main 998cc19] [misc] 03 critique prompt
 1 file changed, 279 insertions(+)
 create mode 100644 version-03/.pipeline_work/logs/section_09/03_critique_prompt.txt
--------------------------------------------------
version-03/.pipeline_work/logs/section_09/04_critique.md
[docs] 04 critique
[main df22658] [docs] 04 critique
 1 file changed, 105 insertions(+)
 create mode 100644 version-03/.pipeline_work/logs/section_09/04_critique.md
--------------------------------------------------
version-03/.pipeline_work/logs/section_09/05_revise_prompt.txt
[misc] 05 revise prompt
[main ae55f8a] [misc] 05 revise prompt
 1 file changed, 373 insertions(+)
 create mode 100644 version-03/.pipeline_work/logs/section_09/05_revise_prompt.txt
--------------------------------------------------
version-03/.pipeline_work/logs/section_09/06_revised.md
[docs] 06 revised
[main 45a8988] [docs] 06 revised
 1 file changed, 86 insertions(+)
 create mode 100644 version-03/.pipeline_work/logs/section_09/06_revised.md
--------------------------------------------------
version-03/.pipeline_work/logs/section_09/90_consistency_prompt.txt
[misc] 90 consistency prompt
[main 0820217] [misc] 90 consistency prompt
 1 file changed, 239 insertions(+)
 create mode 100644 version-03/.pipeline_work/logs/section_09/90_consistency_prompt.txt
--------------------------------------------------
version-03/.pipeline_work/logs/section_09/91_consistency.md
[docs] 91 consistency
[main a885b8e] [docs] 91 consistency
 1 file changed, 2 insertions(+)
 create mode 100644 version-03/.pipeline_work/logs/section_09/91_consistency.md
--------------------------------------------------
version-03/.pipeline_work/logs/section_09/95_polish_prompt.txt
[misc] 95 polish prompt
[main f1eef0f] [misc] 95 polish prompt
 1 file changed, 240 insertions(+)
 create mode 100644 version-03/.pipeline_work/logs/section_09/95_polish_prompt.txt
--------------------------------------------------
version-03/.pipeline_work/logs/section_09/98_memory_prompt.txt
[misc] 98 memory prompt
[main 0f69a84] [misc] 98 memory prompt
 1 file changed, 240 insertions(+)
 create mode 100644 version-03/.pipeline_work/logs/section_09/98_memory_prompt.txt
--------------------------------------------------
version-03/.pipeline_work/logs/section_09/99_memory_updated.md
[docs] 99 memory updated
[main a3f441a] [docs] 99 memory updated
 1 file changed, 222 insertions(+)
 create mode 100644 version-03/.pipeline_work/logs/section_09/99_memory_updated.md
--------------------------------------------------
version-03/.pipeline_work/logs/section_09/section.log
[misc] section
[main 9a761d3] [misc] section
 1 file changed, 613 insertions(+)
 create mode 100644 version-03/.pipeline_work/logs/section_09/section.log
--------------------------------------------------
version-03/.pipeline_work/logs/section_10/01_draft_prompt.txt
[misc] 01 draft prompt
[main 3b9aeb5] [misc] 01 draft prompt
 1 file changed, 265 insertions(+)
 create mode 100644 version-03/.pipeline_work/logs/section_10/01_draft_prompt.txt
--------------------------------------------------
version-03/.pipeline_work/logs/section_10/02_draft.md
[docs] 02 draft
[main bbe95a0] [docs] 02 draft
 1 file changed, 104 insertions(+)
 create mode 100644 version-03/.pipeline_work/logs/section_10/02_draft.md
--------------------------------------------------
version-03/.pipeline_work/logs/section_10/03_critique_prompt.txt
[misc] 03 critique prompt
[main 47f706b] [misc] 03 critique prompt
 1 file changed, 350 insertions(+)
 create mode 100644 version-03/.pipeline_work/logs/section_10/03_critique_prompt.txt
--------------------------------------------------
version-03/.pipeline_work/logs/section_10/04_critique.md
[docs] 04 critique
[main 1d1fb51] [docs] 04 critique
 1 file changed, 27 insertions(+)
 create mode 100644 version-03/.pipeline_work/logs/section_10/04_critique.md
--------------------------------------------------
version-03/.pipeline_work/logs/section_10/05_revise_prompt.txt
[misc] 05 revise prompt
[main 43d66d9] [misc] 05 revise prompt
 1 file changed, 366 insertions(+)
 create mode 100644 version-03/.pipeline_work/logs/section_10/05_revise_prompt.txt
--------------------------------------------------
version-03/.pipeline_work/logs/section_10/06_revised.md
[docs] 06 revised
[main fb391ba] [docs] 06 revised
 1 file changed, 237 insertions(+)
 create mode 100644 version-03/.pipeline_work/logs/section_10/06_revised.md
--------------------------------------------------
version-03/.pipeline_work/logs/section_10/90_consistency_prompt.txt
[misc] 90 consistency prompt
[main ff6dd06] [misc] 90 consistency prompt
 1 file changed, 469 insertions(+)
 create mode 100644 version-03/.pipeline_work/logs/section_10/90_consistency_prompt.txt
--------------------------------------------------
version-03/.pipeline_work/logs/section_10/91_consistency.md
[docs] 91 consistency
[main f9069ca] [docs] 91 consistency
 1 file changed, 82 insertions(+)
 create mode 100644 version-03/.pipeline_work/logs/section_10/91_consistency.md
--------------------------------------------------
version-03/.pipeline_work/logs/section_10/92_consistency_fix_prompt.txt
[misc] 92 consistency fix prompt
[main bf1cb5b] [misc] 92 consistency fix prompt
 1 file changed, 323 insertions(+)
 create mode 100644 version-03/.pipeline_work/logs/section_10/92_consistency_fix_prompt.txt
--------------------------------------------------
version-03/.pipeline_work/logs/section_10/93_consistency_fixed.md
[docs] 93 consistency fixed
[main 07133ce] [docs] 93 consistency fixed
 1 file changed, 106 insertions(+)
 create mode 100644 version-03/.pipeline_work/logs/section_10/93_consistency_fixed.md
--------------------------------------------------
version-03/.pipeline_work/logs/section_10/95_polish_prompt.txt
[misc] 95 polish prompt
[main 8ba1080] [misc] 95 polish prompt
 1 file changed, 339 insertions(+)
 create mode 100644 version-03/.pipeline_work/logs/section_10/95_polish_prompt.txt
--------------------------------------------------
version-03/.pipeline_work/logs/section_10/98_memory_prompt.txt
[misc] 98 memory prompt
[main 04e1ca3] [misc] 98 memory prompt
 1 file changed, 251 insertions(+)
 create mode 100644 version-03/.pipeline_work/logs/section_10/98_memory_prompt.txt
--------------------------------------------------
version-03/.pipeline_work/logs/section_10/99_memory_updated.md
[docs] 99 memory updated
[main ef48576] [docs] 99 memory updated
 1 file changed, 136 insertions(+)
 create mode 100644 version-03/.pipeline_work/logs/section_10/99_memory_updated.md
--------------------------------------------------
version-03/.pipeline_work/logs/section_10/section.log
[misc] section
[main 35d4abf] [misc] section
 1 file changed, 710 insertions(+)
 create mode 100644 version-03/.pipeline_work/logs/section_10/section.log
--------------------------------------------------
version-03/.pipeline_work/logs/section_11/01_draft_prompt.txt
[misc] 01 draft prompt
[main c1a1573] [misc] 01 draft prompt
 1 file changed, 175 insertions(+)
 create mode 100644 version-03/.pipeline_work/logs/section_11/01_draft_prompt.txt
--------------------------------------------------
version-03/.pipeline_work/logs/section_11/02_draft.md
[docs] 02 draft
[main 1a0e512] [docs] 02 draft
 1 file changed, 16 insertions(+)
 create mode 100644 version-03/.pipeline_work/logs/section_11/02_draft.md
--------------------------------------------------
version-03/.pipeline_work/logs/section_11/03_critique_prompt.txt
[misc] 03 critique prompt
[main 01ee115] [misc] 03 critique prompt
 1 file changed, 172 insertions(+)
 create mode 100644 version-03/.pipeline_work/logs/section_11/03_critique_prompt.txt
--------------------------------------------------
version-03/.pipeline_work/logs/section_11/04_critique.md
[docs] 04 critique
[main 835fe2d] [docs] 04 critique
 1 file changed, 68 insertions(+)
 create mode 100644 version-03/.pipeline_work/logs/section_11/04_critique.md
--------------------------------------------------
version-03/.pipeline_work/logs/section_11/05_revise_prompt.txt
[misc] 05 revise prompt
[main 6233756] [misc] 05 revise prompt
 1 file changed, 233 insertions(+)
 create mode 100644 version-03/.pipeline_work/logs/section_11/05_revise_prompt.txt
--------------------------------------------------
version-03/.pipeline_work/logs/section_11/06_revised.md
[docs] 06 revised
[main e972d44] [docs] 06 revised
 1 file changed, 24 insertions(+)
 create mode 100644 version-03/.pipeline_work/logs/section_11/06_revised.md
--------------------------------------------------
version-03/.pipeline_work/logs/section_11/90_consistency_prompt.txt
[misc] 90 consistency prompt
[main ad184f0] [misc] 90 consistency prompt
 1 file changed, 170 insertions(+)
 create mode 100644 version-03/.pipeline_work/logs/section_11/90_consistency_prompt.txt
--------------------------------------------------
version-03/.pipeline_work/logs/section_11/91_consistency.md
[docs] 91 consistency
[main 613d100] [docs] 91 consistency
 1 file changed, 2 insertions(+)
 create mode 100644 version-03/.pipeline_work/logs/section_11/91_consistency.md
--------------------------------------------------
version-03/.pipeline_work/logs/section_11/95_polish_prompt.txt
[misc] 95 polish prompt
[main 236fac3] [misc] 95 polish prompt
 1 file changed, 171 insertions(+)
 create mode 100644 version-03/.pipeline_work/logs/section_11/95_polish_prompt.txt
--------------------------------------------------
version-03/.pipeline_work/logs/section_11/98_memory_prompt.txt
[misc] 98 memory prompt
[main 59bc9fd] [misc] 98 memory prompt
 1 file changed, 171 insertions(+)
 create mode 100644 version-03/.pipeline_work/logs/section_11/98_memory_prompt.txt
--------------------------------------------------
version-03/.pipeline_work/logs/section_11/99_memory_updated.md
[docs] 99 memory updated
[main cc804ae] [docs] 99 memory updated
 1 file changed, 160 insertions(+)
 create mode 100644 version-03/.pipeline_work/logs/section_11/99_memory_updated.md
--------------------------------------------------
version-03/.pipeline_work/logs/section_11/section.log
[misc] section
[main 7c953c3] [misc] section
 1 file changed, 294 insertions(+)
 create mode 100644 version-03/.pipeline_work/logs/section_11/section.log
--------------------------------------------------
version-03/.pipeline_work/memory.md
[docs] memory
[main 9365b9f] [docs] memory
 1 file changed, 160 insertions(+)
 create mode 100644 version-03/.pipeline_work/memory.md
--------------------------------------------------
version-03/.pipeline_work/sections_in/01.md
[docs] 01
[main b8ac6b1] [docs] 01
 1 file changed, 7 insertions(+)
 create mode 100644 version-03/.pipeline_work/sections_in/01.md
--------------------------------------------------
version-03/.pipeline_work/sections_in/02.md
[docs] 02
[main 0344cdb] [docs] 02
 1 file changed, 9 insertions(+)
 create mode 100644 version-03/.pipeline_work/sections_in/02.md
--------------------------------------------------
version-03/.pipeline_work/sections_in/03.md
[docs] 03
[main f3aec7b] [docs] 03
 1 file changed, 14 insertions(+)
 create mode 100644 version-03/.pipeline_work/sections_in/03.md
--------------------------------------------------
version-03/.pipeline_work/sections_in/04.md
[docs] 04
[main 14a2000] [docs] 04
 1 file changed, 12 insertions(+)
 create mode 100644 version-03/.pipeline_work/sections_in/04.md
--------------------------------------------------
version-03/.pipeline_work/sections_in/05.md
[docs] 05
[main 09954f0] [docs] 05
 1 file changed, 9 insertions(+)
 create mode 100644 version-03/.pipeline_work/sections_in/05.md
--------------------------------------------------
version-03/.pipeline_work/sections_in/06.md
[docs] 06
[main cae18ef] [docs] 06
 1 file changed, 9 insertions(+)
 create mode 100644 version-03/.pipeline_work/sections_in/06.md
--------------------------------------------------
version-03/.pipeline_work/sections_in/07.md
[docs] 07
[main e5f94a1] [docs] 07
 1 file changed, 21 insertions(+)
 create mode 100644 version-03/.pipeline_work/sections_in/07.md
--------------------------------------------------
version-03/.pipeline_work/sections_in/08.md
[docs] 08
[main 5bd9197] [docs] 08
 1 file changed, 9 insertions(+)
 create mode 100644 version-03/.pipeline_work/sections_in/08.md
--------------------------------------------------
version-03/.pipeline_work/sections_in/09.md
[docs] 09
[main b0486a3] [docs] 09
 1 file changed, 9 insertions(+)
 create mode 100644 version-03/.pipeline_work/sections_in/09.md
--------------------------------------------------
version-03/.pipeline_work/sections_in/10.md
[docs] 10
[main 0cf8ee7] [docs] 10
 1 file changed, 9 insertions(+)
 create mode 100644 version-03/.pipeline_work/sections_in/10.md
--------------------------------------------------
version-03/.pipeline_work/sections_in/11.md
[docs] 11
[main f05518a] [docs] 11
 1 file changed, 4 insertions(+)
 create mode 100644 version-03/.pipeline_work/sections_in/11.md
--------------------------------------------------
version-03/.pipeline_work/sections_out/01_final.md
[docs] 01 final
[main b25dea9] [docs] 01 final
 1 file changed, 84 insertions(+)
 create mode 100644 version-03/.pipeline_work/sections_out/01_final.md
--------------------------------------------------
version-03/.pipeline_work/sections_out/02_final.md
[docs] 02 final
[main def7388] [docs] 02 final
 1 file changed, 79 insertions(+)
 create mode 100644 version-03/.pipeline_work/sections_out/02_final.md
--------------------------------------------------
version-03/.pipeline_work/sections_out/03_final.md
[docs] 03 final
[main fd0986d] [docs] 03 final
 1 file changed, 45 insertions(+)
 create mode 100644 version-03/.pipeline_work/sections_out/03_final.md
--------------------------------------------------
version-03/.pipeline_work/sections_out/04_final.md
[docs] 04 final
[main 93edde5] [docs] 04 final
 1 file changed, 61 insertions(+)
 create mode 100644 version-03/.pipeline_work/sections_out/04_final.md
--------------------------------------------------
version-03/.pipeline_work/sections_out/05_final.md
[docs] 05 final
[main e201ada] [docs] 05 final
 1 file changed, 106 insertions(+)
 create mode 100644 version-03/.pipeline_work/sections_out/05_final.md
--------------------------------------------------
version-03/.pipeline_work/sections_out/06_final.md
[docs] 06 final
[main 1b3c3cc] [docs] 06 final
 1 file changed, 94 insertions(+)
 create mode 100644 version-03/.pipeline_work/sections_out/06_final.md
--------------------------------------------------
version-03/.pipeline_work/sections_out/07_final.md
[docs] 07 final
[main 419d136] [docs] 07 final
 1 file changed, 74 insertions(+)
 create mode 100644 version-03/.pipeline_work/sections_out/07_final.md
--------------------------------------------------
version-03/.pipeline_work/sections_out/08_final.md
[docs] 08 final
[main 1599fdb] [docs] 08 final
 1 file changed, 52 insertions(+)
 create mode 100644 version-03/.pipeline_work/sections_out/08_final.md
--------------------------------------------------
version-03/.pipeline_work/sections_out/09_final.md
[docs] 09 final
[main d5008eb] [docs] 09 final
 1 file changed, 86 insertions(+)
 create mode 100644 version-03/.pipeline_work/sections_out/09_final.md
--------------------------------------------------
version-03/.pipeline_work/sections_out/10_final.md
[docs] 10 final
[main 2464be5] [docs] 10 final
 1 file changed, 18 insertions(+)
 create mode 100644 version-03/.pipeline_work/sections_out/10_final.md
--------------------------------------------------
version-03/.pipeline_work/sections_out/11_final.md
[docs] 11 final
[main e051f5f] [docs] 11 final
 1 file changed, 24 insertions(+)
 create mode 100644 version-03/.pipeline_work/sections_out/11_final.md
--------------------------------------------------
version-03/outline.txt
[misc] outline
[main 5e21e90] [misc] outline
 1 file changed, 112 insertions(+)
 create mode 100644 version-03/outline.txt
--------------------------------------------------
version-03/output.md
[docs] output
[main 44eb27b] [docs] output
 1 file changed, 745 insertions(+)
 create mode 100644 version-03/output.md
--------------------------------------------------
version-03/write_essay.sh
[bash] write essay
[main 59ba961] [bash] write essay
 1 file changed, 399 insertions(+)
 create mode 100755 version-03/write_essay.sh
==========================================
0 commits created.
Pushing...
