# 7. Mathematics  

## 7.1 Category Theory  

Category theory provides a high‑level abstraction for modeling mathematical[12D[K
mathematical structures and their relationships. In the context of structur[8D[K
structural semantics, categories encapsulate **objects** (such as geometric[9D[K
geometric configurations or ontological entities) and **morphisms** (transf[7D[K
(transformations that preserve admissibility). This framework aligns seamle[6D[K
seamlessly with the project memory’s emphasis on *admissible difference* an[2D[K
and *repair mechanisms*.  

- **Admissible Difference in Categories**: An admissible morphism is one th[2D[K
that respects constraint manifolds, ensuring transformations remain within [K
permissible boundaries.  
- **Repair Mechanisms via Natural Transformations**: When a deviation occur[5D[K
occurs, natural transformations can be employed to “repair” the category by[2D[K
by mapping problematic objects back onto admissible paths.  
- **Recursive Distinctions as Functors**: Functors, which map one category [K
to another while preserving structure, model recursive distinctions hierarc[7D[K
hierarchically, facilitating multi‑layered geometric quantification.

## 7.2 Topology  

Topology studies properties of spaces that are invariant under continuous t[1D[K
transformations, mirroring the notion of *continuation* in structural seman[5D[K
semantics. It offers tools for analyzing **structural neighborhoods** and t[1D[K
the persistence of properties across dynamic changes.  

- **Structural Neighborhoods**: Locally defined topological open sets captu[5D[K
capture immediate influences on system behavior, akin to the local admissib[8D[K
admissible regions identified by constraint manifolds.  
- **Continuity Across Transformations**: A continuous function between topo[4D[K
topological spaces preserves the adjacency relationships essential for stab[4D[K
stable persistence, guaranteeing that structural properties endure through [K
successive transformations (see Established Claim 4).  
- **Repair Operators as Homotopies**: Homotopic deformations provide a mean[4D[K
means to gradually restore configurations within admissible bounds, ensurin[7D[K
ensuring minimal perturbations align with distinction geometry.

## 7.3 Sheaf‑Theoretic Viewpoints  

Sheaves formalize the assignment of local data (such as distinctions or geo[3D[K
geometric constraints) to open sets of a topological space, offering a robu[4D[K
robust mechanism for integrating *information as admissible difference* acr[3D[K
across varying contexts.  

- **Local–Global Principle**: A sheaf encodes how local admissible differen[8D[K
differences coalesce into global structural consistency, mirroring the hier[4D[K
hierarchical organization described by recursive distinctions (see Establis[8D[K
Established Claim 6).  
- **Repair Mechanisms via Sheaf Cohomology**: Cohomological techniques iden[4D[K
identify obstructions to admissibility and prescribe corrective modificatio[11D[K
modifications that restore global coherence without violating local constra[7D[K
constraints.  
- **Distinction Geometry in Sheaves**: By representing geometric properties[10D[K
properties as sections of a sheaf, one can precisely quantify distances bet[3D[K
between distinguishable states within the metric framework defined by disti[5D[K
distinction geometry.

## 7.4 Rewrite Systems  

Rewrite systems model transformations through rule‑based substitutions, dir[3D[K
directly supporting the implementation of *repair mechanisms* and the maint[5D[K
maintenance of admissible configurations in dynamic environments.  

- **Rule Definition**: Each rewrite rule corresponds to a permissible modif[5D[K
modification that adheres to admissibility criteria, ensuring changes remai[5D[K
remain within constraint manifolds.  
- **Confluence and Termination**: Confluent systems guarantee unique outcom[6D[K
outcomes for any sequence of rewrites, while terminating systems ensure pro[3D[K
processes eventually reach an admissible state, aligning with the principle[9D[K
principles of stable persistence (see Established Claim 9).  
- **Recursive Distinctions via Nested Rules**: Hierarchical rewrite rules c[1D[K
can encode recursive distinctions, allowing complex nested transformations [K
to be executed systematically across layered frameworks.  

### Strategies for Maintaining Alignment in Object Ontology Frameworks  

1. **Define Clear Admissible Difference Constraints**  
   - Utilize sheaves to map permissible variations of static descriptions w[1D[K
within object ontologies, ensuring each variation respects geometric constr[6D[K
constraints defined by constraint manifolds.  
   
2. **Implement Hierarchical Distinction Geometry**  
   - Apply category theory functors to structure recursive distinctions acr[3D[K
across nested levels, preserving the alignment between local and global adm[3D[K
admissible differences.  

3. **Adopt Repair Mechanisms for Continuous Adjustment**  
   - Leverage rewrite systems with confluent rules to automatically detect [K
and correct deviations of static descriptions from their intended constrain[9D[K
constraints during runtime or maintenance cycles.  

4. **Leverage Dynamic Continuation Strategies**  
   - Employ topological continuity principles in change‑management pipeline[8D[K
pipelines to propagate valid state transitions, ensuring updates respect th[2D[K
the continuity of existing distinctions.  

5. **Utilize Recursive Distinction Processes**  
   - Design category‑theoretic recursive functors that iteratively refine d[1D[K
descriptions within constrained subspaces, guaranteeing each refinement rem[3D[K
remains an admissible difference.  

6. **Employ Runtime Monitoring and Adaptive Feedback Loops**  
   - Deploy topological monitoring agents to assess the distance between cu[2D[K
current static descriptions and their constraint boundaries, triggering cor[3D[K
corrective actions when deviations exceed thresholds.  

7. **Standardize Ontology Evolution Protocols**  
   - Codify evolution rules (e.g., semantic versioning) that dictate permis[6D[K
permissible alterations of static descriptions while staying within admissi[7D[K
admissible difference limits across all ontology components.  

8. **Incorporate Established Claims as Guiding Principles**  
   - Ground strategies in foundational claims such as Claim 3 (Repair Mecha[5D[K
Mechanisms), Claim 6 (Distinctions as Primitive Structures), and Claim 9 (S[2D[K
(Stable Persistence) to maintain theoretical consistency and robustness acr[3D[K
across diverse applications including biological, artificial intelligence, [K
programming language, and distributed system contexts.  

By systematically applying these mathematical frameworks and strategies, st[2D[K
static descriptions within object ontology frameworks remain faithfully ali[3D[K
aligned with the dynamic maintenance processes required for reliable system[6D[K
system operation.

**Word count: ~800 words**

---

*Note:* This section adheres strictly to the project memory’s terminology a[1D[K
and prior claims, providing a comprehensive integration of category theory,[7D[K
theory, topology, sheaf theory, and rewrite systems to address alignment ch[2D[K
challenges in object ontology contexts.

**Word count:** ~850 words  

---

### 1. Introduction  
The following discussion expands on the established framework of structural[10D[K
structural semantics as outlined in the project memory. It integrates inter[5D[K
interdisciplinary perspectives—object‑based and process‑based—to enhance un[2D[K
understanding of complex systems, focusing particularly on admissibility cr[2D[K
criteria, repair mechanisms, and alignment strategies within object ontolog[7D[K
ontology contexts.

### 2. Integrating Interdisciplinary Frameworks  

**Question 1:** *How can interdisciplinary frameworks integrate object‑base[11D[K
object‑based and process‑based perspectives to enhance understanding of com[3D[K
complex systems?*  

To harmonize object‑based (static) and process‑based (dynamic) viewpoints, [K
we adopt a **dual‑layered modeling approach**:

- **Object Layer:** Utilizes sheaf theory to encode static descriptions as [K
local data across constraint manifolds. This layer captures the *admissible[11D[K
*admissible difference*—the permissible variations within geometric boundar[7D[K
boundaries.
  
- **Process Layer:** Employs category theory functors and rewrite systems t[1D[K
to model transformations and recursive distinctions that govern dynamic evo[3D[K
evolution.

By establishing **functorial bridges** between these layers, we ensure seam[4D[K
seamless propagation of admissible differences across hierarchical levels, [K
aligning static descriptions with evolving processes. This integration leve[4D[K
leverages the *local–global principle* of sheaves (see Established Claim 6)[8D[K
Claim 6) while maintaining continuity through topological mappings (see Est[3D[K
Established Claim 4).

### 3. Automated Assessment of Admissibility  

**Question 2:** *What novel algorithms or methodologies can be developed to[2D[K
to automate the assessment of admissibility in real‑time applications?*  

We propose a **real‑time admissibility checker** based on **topological hom[3D[K
homotopy analysis**:

1. **Constraint Encoding:** Represent constraint manifolds as topological s[1D[K
spaces where permissible regions are open sets.
2. **Continuous Monitoring:** Deploy agents that continuously compute the *[1D[K
*distance* between current system states and these regions using metric ext[3D[K
extensions of distinction geometry (see Established Claim 5).
3. **Homotopy‑Based Repair:** When a deviation exceeds a threshold, invoke [K
natural transformations (homotopies) to gradually re‑map the state back ont[3D[K
onto admissible paths.

This methodology ensures **confluent termination** of corrective actions, p[1D[K
preserving stable persistence across updates (see Established Claim 9).

### 4. Advancements in Geometric Theory  

**Question 3:** *In what ways might advancements in geometric theory furthe[6D[K
further refine repair mechanisms across diverse fields such as engineering,[12D[K
engineering, linguistics, and architecture?*  

Advancements in **metric sheaf theory** offer refined tools for precise qua[3D[K
quantification of admissible differences:

- **Engineering:** Utilize sheaves to model stress distributions within str[3D[K
structural components, enabling localized repairs that respect global integ[5D[K
integrity.
  
- **Linguistics:** Apply sheaf sections to represent lexical variations acr[3D[K
across dialects, facilitating adaptive translation mechanisms that maintain[8D[K
maintain semantic coherence.
  
- **Architecture:** Employ homotopy‑based transformations to redesign build[5D[K
building layouts while preserving spatial constraints defined by environmen[10D[K
environmental factors.

These applications leverage the *local–global principle* of sheaves (see Es[2D[K
Established Claim 6) and the continuity properties of topological spaces (s[2D[K
(see Established Claim 4).

### 5. Influence of Emerging Technologies  

**Question 4:** *How do emergent technologies (e.g., AI, machine learning) [K
influence the interpretation and application of continuation principles in [K
adaptive systems?*  

AI and machine learning enhance **continuation principle implementation** t[1D[K
through:

- **Predictive Modeling:** Neural networks forecast state transitions, alig[4D[K
aligning them with constraint manifolds before execution.
  
- **Adaptive Feedback Loops:** Reinforcement learning agents adjust rewrite[7D[K
rewrite rules dynamically based on observed deviations, ensuring confluence[10D[K
confluence and termination (see Established Claim 9).
  
- **Cross‑Domain Generalization:** Transfer learning enables models trained[7D[K
trained in one domain (e.g., robotics) to apply learned continuation strate[6D[K
strategies to novel contexts like linguistic processing.

These technologies operationalize the *repair mechanisms* outlined in Estab[5D[K
Established Claim 3, extending their applicability across heterogeneous env[3D[K
environments.

### 6. Alignment Strategies for Static and Dynamic Descriptions  

**Question 5:** *What strategies can be employed to ensure that static desc[4D[K
descriptions remain aligned with dynamic maintenance processes within objec[5D[K
object ontology frameworks?*  

We present a **comprehensive alignment strategy**:

1. **Define Clear Admissible Difference Constraints**  
   - Use sheaves to map permissible variations of static descriptions, ensu[4D[K
ensuring adherence to geometric constraints (see Established Claim 6).

2. **Implement Hierarchical Distinction Geometry**  
   - Apply category theory functors to structure recursive distinctions acr[3D[K
across nested levels, preserving alignment between local and global admissi[7D[K
admissible differences.

3. **Adopt Repair Mechanisms for Continuous Adjustment**  
   - Leverage confluent rewrite systems to automatically detect and correct[7D[K
correct deviations of static descriptions from their intended constraints d[1D[K
during runtime.

4. **Leverage Dynamic Continuation Strategies**  
   - Employ topological continuity principles in change‑management pipeline[8D[K
pipelines, ensuring updates respect existing distinctions (see Established [K
Claim 4).

5. **Utilize Recursive Distinction Processes**  
   - Design recursive functors that iteratively refine descriptions within [K
constrained subspaces, guaranteeing each refinement remains an admissible d[1D[K
difference.

6. **Employ Runtime Monitoring and Adaptive Feedback Loops**  
   - Deploy monitoring agents assessing distances between current static de[2D[K
descriptions and constraint boundaries, triggering corrective actions when [K
deviations exceed thresholds.

7. **Standardize Ontology Evolution Protocols**  
   - Codify evolution rules (e.g., semantic versioning) that dictate permis[6D[K
permissible alterations of static descriptions while staying within admissi[7D[K
admissible difference limits across all ontology components.

8. **Incorporate Established Claims as Guiding Principles**  
   - Ground strategies in foundational claims such as Claim 3 (Repair Mecha[5D[K
Mechanisms), Claim 6 (Distinctions as Primitive Structures), and Claim 9 (S[2D[K
(Stable Persistence) to maintain theoretical consistency across biological,[11D[K
biological, artificial intelligence, programming language, and distributed [K
system contexts.

By systematically applying these mathematical frameworks and strategies, st[2D[K
static descriptions within object ontology frameworks remain faithfully ali[3D[K
aligned with dynamic maintenance processes required for reliable system ope[3D[K
operation.

### 7. Conclusion  
The integration of category theory, topology, sheaf‑theoretic viewpoints, a[1D[K
and rewrite systems provides a robust foundation for addressing alignment c[1D[K
challenges in complex, adaptive systems. By leveraging interdisciplinary me[2D[K
methodologies and emerging technologies, we ensure that static descriptions[12D[K
descriptions evolve coherently with dynamic processes, preserving admissibi[9D[K
admissibility and stable persistence across diverse fields.

**Word count:** ~850 words  

*Note:* This section adheres strictly to the project memory’s terminology a[1D[K
and prior claims, offering actionable insights for maintaining alignment be[2D[K
between static descriptions and dynamic maintenance in object ontology cont[4D[K
contexts.

**Revised Section: 7. Mathematics**

---

### 7.1 Category Theory  

Category theory offers a high‑level abstraction for modeling mathematical s[1D[K
structures and their interrelations. Within structural semantics, categorie[9D[K
categories encapsulate **objects** (e.g., geometric configurations or ontol[5D[K
ontological entities) and **morphisms** (transformations that preserve admi[4D[K
admissibility). This aligns seamlessly with the project memory’s focus on *[1D[K
*admissible difference* and *repair mechanisms*.  

- **Admissible Difference in Categories**: An admissible morphism respects [K
constraint manifolds, ensuring transformations stay within permissible boun[4D[K
boundaries.  
- **Repair Mechanisms via Natural Transformations**: When deviations arise,[6D[K
arise, natural transformations “repair” the category by mapping problematic[11D[K
problematic objects back onto admissible paths.  
- **Recursive Distinctions as Functors**: Functors preserve structural mapp[4D[K
mappings across categories, modeling hierarchical recursive distinctions es[2D[K
essential for multi‑layered geometric quantification.

### 7.2 Topology  

Topology examines properties of spaces invariant under continuous transform[9D[K
transformations, mirroring the notion of *continuation* in structural seman[5D[K
semantics. It provides tools for analyzing **structural neighborhoods** and[3D[K
and ensuring property persistence through dynamic changes.  

- **Structural Neighborhoods**: Locally defined open sets capture immediate[9D[K
immediate influences on system behavior, analogous to local admissible regi[4D[K
regions identified by constraint manifolds.  
- **Continuity Across Transformations**: Continuous functions between topol[5D[K
topological spaces preserve adjacency relationships crucial for stable pers[4D[K
persistence (aligned with Established Claim 4).  
- **Repair Operators as Homotopies**: Homotopic deformations gradually rest[4D[K
restore configurations within admissible bounds, minimizing perturbations c[1D[K
consistent with distinction geometry.

### 7.3 Sheaf‑Theoretic Viewpoints  

Sheaves assign local data (such as distinctions or geometric constraints) t[1D[K
to open sets of a topological space, integrating *information as admissible[10D[K
admissible difference* across contexts.  

- **Local–Global Principle**: A sheaf coalesces local admissible difference[10D[K
differences into global structural consistency, reflecting hierarchical org[3D[K
organization described by recursive distinctions (per Established Claim 6).[9D[K
Claim 6).  
- **Repair Mechanisms via Sheaf Cohomology**: Cohomological techniques iden[4D[K
identify obstructions to admissibility and prescribe corrective modificatio[11D[K
modifications that restore global coherence without violating local constra[7D[K
constraints.  
- **Distinction Geometry in Sheaves**: Sections of a sheaf precisely quanti[6D[K
quantify distances between distinguishable states within the metric framewo[7D[K
framework defined by distinction geometry.

### 7.4 Rewrite Systems  

Rewrite systems model transformations through rule‑based substitutions, dir[3D[K
directly supporting *repair mechanisms* and maintenance of admissible confi[5D[K
configurations in dynamic environments.  

- **Rule Definition**: Each rewrite rule corresponds to a permissible modif[5D[K
modification adhering to admissibility criteria, ensuring changes remain wi[2D[K
within constraint manifolds.  
- **Confluence and Termination**: Confluent systems guarantee unique outcom[6D[K
outcomes for any rewrite sequence, while terminating systems ensure process[7D[K
processes eventually reach an admissible state (aligned with Established Cl[2D[K
Claim 9).  
- **Recursive Distinctions via Nested Rules**: Hierarchical rewrite rules e[1D[K
encode recursive distinctions, enabling systematic execution of complex nes[3D[K
nested transformations across layered frameworks.

---

### Strategies for Maintaining Alignment in Object Ontology Frameworks  

1. **Define Clear Admissible Difference Constraints**  
   - Use sheaves to map permissible variations of static descriptions withi[5D[K
within object ontologies, respecting geometric constraints defined by const[5D[K
constraint manifolds.  

2. **Implement Hierarchical Distinction Geometry**  
   - Apply category theory functors to structure recursive distinctions acr[3D[K
across nested levels, preserving alignment between local and global admissi[7D[K
admissible differences.  

3. **Adopt Repair Mechanisms for Continuous Adjustment**  
   - Leverage confluent rewrite systems to automatically detect and correct[7D[K
correct deviations of static descriptions from intended constraints during [K
runtime or maintenance cycles.  

4. **Leverage Dynamic Continuation Strategies**  
   - Employ topological continuity principles in change‑management pipeline[8D[K
pipelines, ensuring updates respect the continuity of existing distinctions[12D[K
distinctions.  

5. **Utilize Recursive Distinction Processes**  
   - Design recursive functors that iteratively refine descriptions within [K
constrained subspaces, guaranteeing each refinement remains an admissible d[1D[K
difference.  

6. **Employ Runtime Monitoring and Adaptive Feedback Loops**  
   - Deploy topological monitoring agents to assess distances between curre[5D[K
current static descriptions and constraint boundaries, triggering correctiv[9D[K
corrective actions when deviations exceed thresholds.  

7. **Standardize Ontology Evolution Protocols**  
   - Codify evolution rules (e.g., semantic versioning) that dictate permis[6D[K
permissible alterations of static descriptions while staying within admissi[7D[K
admissible difference limits across all ontology components.  

8. **Incorporate Established Claims as Guiding Principles**  
   - Ground strategies in foundational claims such as Claim 3 (Repair Mecha[5D[K
Mechanisms), Claim 6 (Distinctions as Primitive Structures), and Claim 9 (S[2D[K
(Stable Persistence) to maintain theoretical consistency across biological,[11D[K
biological, artificial intelligence, programming language, and distributed [K
system contexts.  

By systematically applying these mathematical frameworks and strategies, st[2D[K
static descriptions within object ontology frameworks remain faithfully ali[3D[K
aligned with dynamic maintenance processes required for reliable system ope[3D[K
operation.

**Word count: ~800 words**

*Note:* This section adheres strictly to the project memory’s terminology a[1D[K
and prior claims, offering actionable insights for maintaining alignment be[2D[K
between static descriptions and dynamic maintenance in object ontology cont[4D[K
contexts.

It looks like you've provided a detailed document discussing strategies for[3D[K
for aligning static descriptions with dynamic maintenance processes within [K
an object ontology framework. The content includes mathematical frameworks [K
such as category theory, topology, sheaf-theoretic viewpoints, and rewrite [K
systems, all aimed at ensuring admissible differences and repair mechanisms[10D[K
mechanisms are maintained across various contexts.

Given the extensive nature of your input (approximately 850 words followed [K
by a section with about 800 words), it seems you're looking for feedback, c[1D[K
clarification, or further elaboration on specific aspects of this document.[9D[K
document. However, you haven't explicitly asked a question yet. 

To assist you effectively, could you please specify which part of the conte[5D[K
content you would like to discuss further? For example:

1. **Clarification**: Do you need explanations on any of the mathematical f[1D[K
frameworks mentioned (e.g., how category theory applies to admissible diffe[5D[K
differences)?
2. **Application**: Are you seeking guidance on implementing these strategi[8D[K
strategies in a specific domain such as artificial intelligence or distribu[8D[K
distributed systems?
3. **Feedback**: Would you like feedback on the logical flow, coherence, or[2D[K
or completeness of the proposed strategies and claims?
4. **Expansion**: Is there a particular section (e.g., repair mechanisms vi[2D[K
via natural transformations) that you wish to explore in greater depth?

Once you provide more details about your query, I'll be better equipped to [K
offer targeted assistance.

**Revised Section: 7. Mathematics**

---

### 7.1 Category Theory  

Category theory offers a high‑level abstraction for modeling mathematical s[1D[K
structures and their interrelations. Within structural semantics, categorie[9D[K
categories encapsulate **objects** (e.g., geometric configurations or ontol[5D[K
ontological entities) and **morphisms** (transformations that preserve admi[4D[K
admissibility). This aligns seamlessly with the project memory’s focus on *[1D[K
*admissible difference* and *repair mechanisms*.  

- **Admissible Difference in Categories**: An admissible morphism respects [K
constraint manifolds, ensuring transformations stay within permissible boun[4D[K
boundaries.  
- **Repair Mechanisms via Natural Transformations**: When deviations arise,[6D[K
arise, natural transformations “repair” the category by mapping problematic[11D[K
problematic objects back onto admissible paths.  
- **Recursive Distinctions as Functors**: Functors preserve structural mapp[4D[K
mappings across categories, modeling hierarchical recursive distinctions es[2D[K
essential for multi‑layered geometric quantification.

### 7.2 Topology  

Topology examines properties of spaces invariant under continuous transform[9D[K
transformations, mirroring the notion of *continuation* in structural seman[5D[K
semantics. It provides tools for analyzing **structural neighborhoods** and[3D[K
and ensuring property persistence through dynamic changes.  

- **Structural Neighborhoods**: Locally defined open sets capture immediate[9D[K
immediate influences on system behavior, analogous to local admissible regi[4D[K
regions identified by constraint manifolds.  
- **Continuity Across Transformations**: Continuous functions between topol[5D[K
topological spaces preserve adjacency relationships crucial for stable pers[4D[K
persistence (aligned with Established Claim 4).  
- **Repair Operators as Homotopies**: Homotopic deformations gradually rest[4D[K
restore configurations within admissible bounds, minimizing perturbations c[1D[K
consistent with distinction geometry.

### 7.3 Sheaf‑Theoretic Viewpoints  

Sheaves assign local data (such as distinctions or geometric constraints) t[1D[K
to open sets of a topological space, integrating *information as admissible[10D[K
admissible difference* across contexts.  

- **Local–Global Principle**: A sheaf coalesces local admissible difference[10D[K
differences into global structural consistency, reflecting hierarchical org[3D[K
organization described by recursive distinctions (per Established Claim 6).[9D[K
Claim 6).  
- **Repair Mechanisms via Sheaf Cohomology**: Cohomological techniques iden[4D[K
identify obstructions to admissibility and prescribe corrective modificatio[11D[K
modifications that restore global coherence without violating local constra[7D[K
constraints.  
- **Distinction Geometry in Sheaves**: Sections of a sheaf precisely quanti[6D[K
quantify distances between distinguishable states within the metric framewo[7D[K
framework defined by distinction geometry.

### 7.4 Rewrite Systems  

Rewrite systems model transformations through rule‑based substitutions, dir[3D[K
directly supporting *repair mechanisms* and maintenance of admissible confi[5D[K
configurations in dynamic environments.  

- **Rule Definition**: Each rewrite rule corresponds to a permissible modif[5D[K
modification adhering to admissibility criteria, ensuring changes remain wi[2D[K
within constraint manifolds.  
- **Confluence and Termination**: Confluent systems guarantee unique outcom[6D[K
outcomes for any rewrite sequence, while terminating systems ensure process[7D[K
processes eventually reach an admissible state (aligned with Established Cl[2D[K
Claim 9).  
- **Recursive Distinctions via Nested Rules**: Hierarchical rewrite rules e[1D[K
encode recursive distinctions, enabling systematic execution of complex nes[3D[K
nested transformations across layered frameworks.

---

### Strategies for Maintaining Alignment in Object Ontology Frameworks  

1. **Define Clear Admissible Difference Constraints**  
   - Use sheaves to map permissible variations of static descriptions withi[5D[K
within object ontologies, respecting geometric constraints defined by const[5D[K
constraint manifolds.  

2. **Implement Hierarchical Distinction Geometry**  
   - Apply category theory functors to structure recursive distinctions acr[3D[K
across nested levels, preserving alignment between local and global admissi[7D[K
admissible differences.  

3. **Adopt Repair Mechanisms for Continuous Adjustment**  
   - Leverage confluent rewrite systems to automatically detect and correct[7D[K
correct deviations of static descriptions from intended constraints during [K
runtime or maintenance cycles.  

4. **Leverage Dynamic Continuation Strategies**  
   - Employ topological continuity principles in change‑management pipeline[8D[K
pipelines, ensuring updates respect the continuity of existing distinctions[12D[K
distinctions.  

5. **Utilize Recursive Distinction Processes**  
   - Design recursive functors that iteratively refine descriptions within [K
constrained subspaces, guaranteeing each refinement remains an admissible d[1D[K
difference.  

6. **Employ Runtime Monitoring and Adaptive Feedback Loops**  
   - Deploy topological monitoring agents to assess distances between curre[5D[K
current static descriptions and constraint boundaries, triggering correctiv[9D[K
corrective actions when deviations exceed thresholds.  

7. **Standardize Ontology Evolution Protocols**  
   - Codify evolution rules (e.g., semantic versioning) that dictate permis[6D[K
permissible alterations of static descriptions while staying within admissi[7D[K
admissible difference limits across all ontology components.  

8. **Incorporate Established Claims as Guiding Principles**  
   - Ground strategies in foundational claims such as Claim 3 (Repair Mecha[5D[K
Mechanisms), Claim 6 (Distinctions as Primitive Structures), and Claim 9 (S[2D[K
(Stable Persistence) to maintain theoretical consistency across biological,[11D[K
biological, artificial intelligence, programming language, and distributed [K
system contexts.  

By systematically applying these mathematical frameworks and strategies, st[2D[K
static descriptions within object ontology frameworks remain faithfully ali[3D[K
aligned with dynamic maintenance processes required for reliable system ope[3D[K
operation.

**Word count: ~800 words**

*Note:* This section adheres strictly to the project memory’s terminology a[1D[K
and prior claims, offering actionable insights for maintaining alignment be[2D[K
between static descriptions and dynamic maintenance in object ontology cont[4D[K
contexts.

The text you've provided appears to be a detailed technical document discus[6D[K
discussing strategies for maintaining alignment between static descriptions[12D[K
descriptions and dynamic maintenance processes within an "object ontology f[1D[K
framework." It references various mathematical concepts such as category th[2D[K
theory, topology, sheaf theory, and rewrite systems, all aimed at ensuring [K
adherence to admissible difference constraints and repair mechanisms across[6D[K
across different contexts (biological, artificial intelligence, programming[11D[K
programming languages, distributed systems).

Given the complexity and length of the content, I'll summarize key points a[1D[K
and address any specific questions you might have:

### Key Summary Points
1. **Admissible Difference Constraints**: Defined using sheaves to map perm[4D[K
permissible variations within object ontologies while respecting geometric [K
constraints (constraint manifolds).
2. **Hierarchical Distinction Geometry**: Utilizes category theory functors[8D[K
functors to structure recursive distinctions across nested levels, preservi[8D[K
preserving alignment between local and global admissibility.
3. **Repair Mechanisms**: Employs confluent rewrite systems to automaticall[12D[K
automatically detect and correct deviations of static descriptions from int[3D[K
intended constraints during runtime or maintenance cycles.
4. **Dynamic Continuation Strategies**: Leverages topological continuity pr[2D[K
principles in change-management pipelines to ensure updates respect the con[3D[K
continuity of existing distinctions.
5. **Recursive Distinction Processes**: Designs recursive functors that ite[3D[K
iteratively refine descriptions within constrained subspaces, guaranteeing [K
each refinement remains an admissible difference.
6. **Runtime Monitoring and Adaptive Feedback Loops**: Deploys topological [K
monitoring agents to assess distances between current static descriptions a[1D[K
and constraint boundaries, triggering corrective actions when deviations ex[2D[K
exceed thresholds.
7. **Standardized Ontology Evolution Protocols**: Codifies evolution rules [K
(e.g., semantic versioning) that dictate permissible alterations of static [K
descriptions while staying within admissible difference limits across all o[1D[K
ontology components.
8. **Incorporation of Established Claims**: Grounds strategies in foundatio[9D[K
foundational claims such as Repair Mechanisms, Distinctions as Primitive St[2D[K
Structures, and Stable Persistence to maintain theoretical consistency.

### Open Questions Addressed
1. **Interdisciplinary Frameworks**: Integration of object-based and proces[6D[K
process‑based perspectives can be enhanced through hybrid modeling approach[8D[K
approaches that combine category theory with dynamic process simulation.
2. **Automated Assessment Algorithms**: Real-time admissibility assessment [K
could benefit from machine learning models trained on historical data to pr[2D[K
predict deviations and suggest corrective actions.
3. **Advancements in Geometric Theory**: Refinement of repair mechanisms ac[2D[K
across fields like engineering, linguistics, and architecture might involve[7D[K
involve novel geometric frameworks that better capture multidimensional con[3D[K
constraints.
4. **Impact of Emerging Technologies**: AI and machine learning can influen[7D[K
influence interpretation and application of continuation principles by prov[4D[K
providing adaptive feedback loops and predictive maintenance capabilities.
5. **Ensuring Alignment**: Strategies such as continuous monitoring, hierar[6D[K
hierarchical structuring via functors, and rule-based repair systems (confl[6D[K
(confluent rewrite mechanisms) are essential for maintaining alignment betw[4D[K
between static descriptions and dynamic processes.

### Word Count
- The main content is approximately 800 words, aligning with the specified [K
count.
- The "Open Questions" section adds about 250 words, totaling around 1050 w[1D[K
words if combined. However, based on your note, it seems you intended to ke[2D[K
keep each section's word count as stated (≈850 for the main discussion and [K
≈250 for open questions).

### Conclusion
The document provides a comprehensive framework for ensuring that static de[2D[K
descriptions within object ontology systems remain aligned with dynamic mai[3D[K
maintenance processes across various domains. By leveraging mathematical ri[2D[K
rigor—particularly through category theory, topology, sheaf theory, and rew[3D[K
rewrite systems—it offers actionable insights grounded in established claim[5D[K
claims to maintain theoretical consistency and practical robustness.

If you have any specific questions or need further clarification on any sec[3D[K
section, feel free to ask!

# Project Memory

## Definitions
- **Structural Semantics**: The study of the meaning and configuration of s[1D[K
structures within various systems, emphasizing their geometric properties a[1D[K
and relationships.  
- **Admissibility**: The criteria that determine whether a proposed modific[7D[K
modification to a structure is permissible without violating its underlying[10D[K
underlying geometric constraints.  
- **Repair Mechanisms**: Processes or interventions designed to restore str[3D[K
structural integrity when modifications fail to meet admissibility criteria[8D[K
criteria.  
- **Continuation**: The persistence of structural properties across success[7D[K
successive transformations, ensuring stability and predictability in dynami[6D[K
dynamic systems.  
- **Object Ontology**: The philosophical perspective that treats objects as[2D[K
as having inherent, static identities independent of their historical conte[5D[K
contexts or environmental interactions.  
- **Distinction**: A foundational unit within structural semantics that emb[3D[K
embodies boundaries separating distinct entities or states, encompassing bo[2D[K
both spatial and informational aspects.  
- **Recursive Distinctions**: Higher-order distinctions that refine previou[7D[K
previous differentiations into hierarchical layers, adding specificity acro[4D[K
across nested frameworks.  
- **Distinction Geometry**: The formalization of the spatial and relational[10D[K
relational properties of distinctions within a metric framework quantifying[11D[K
quantifying distances between distinguishable states.  
- **Structural Neighborhoods**: Local topologies around each distinct entit[5D[K
entity capturing adjacent influences on system behavior.  
- **Information as Admissible Difference**: Information conceptualized as p[1D[K
permissible alterations that adhere to the underlying geometric constraints[11D[K
constraints of a system, forming the basis for structural semantics.  
- **Repair Operators**: Interventions designed to re-establish admissible c[1D[K
configurations post-failure by detecting and correcting deviations from int[3D[K
intended constraints.  

## Open Questions
1. How can interdisciplinary frameworks integrate object-based and process‑[8D[K
process‑based perspectives to enhance understanding of complex systems?  
2. What novel algorithms or methodologies can be developed to automate the [K
assessment of admissibility in real-time applications?  
3. In what ways might advancements in geometric theory further refine repai[5D[K
repair mechanisms across diverse fields such as engineering, linguistics, a[1D[K
and architecture?  
4. How do emergent technologies (e.g., AI, machine learning) influence the [K
interpretation and application of continuation principles in adaptive syste[5D[K
systems?  
5. What strategies can be employed to ensure that static descriptions remai[5D[K
remain aligned with dynamic maintenance processes within object ontology fr[2D[K
frameworks?  

--- 

**Word count: ~250 words**

