## Conclusion

### 9.5 Reality as Maintained Distinction  
At the heart of **Structural Semantics** lies the notion that reality is co[2D[K
constituted by a network of maintained distinctions, each delineating bound[5D[K
boundaries within which admissible differences propagate. This perspective [K
harmonizes across domains—from cosmology to cognitive science—by emphasizin[10D[K
emphasizing that the persistence of structural neighborhoods underlies the [K
continuity of observable phenomena. In cosmological terms, the **admissibil[12D[K
**admissibility** of cosmic web filaments persists through the repair mecha[5D[K
mechanisms afforded by inflationary processes and dark energy, ensuring lar[3D[K
large-scale structure remains coherent over billions of years. Concurrently[12D[K
Concurrently, within consciousness studies, subjective experiences emerge a[1D[K
as stable patterns of informational distinctions upheld by neural repair me[2D[K
mechanisms such as synaptic plasticity, demonstrating how mental continuity[10D[K
continuity is maintained amidst physiological transformations.

### 9.6 Repair as the Fundamental Operation  
The concept of **repair** emerges as a unifying operational principle acros[5D[K
across diverse systems. Whether through physical laws recalibrating satelli[7D[K
satellite trajectories (as per established claim #1) or economic policies r[1D[K
restoring market equilibrium during volatility, repair mechanisms function [K
to restore admissible configurations when perturbations threaten structural[10D[K
structural integrity. In autonomous systems, continuous self‑correction fac[3D[K
facilitated by recursive distinctions ensures that collective objectives re[2D[K
remain viable despite environmental uncertainties. This operational emphasi[7D[K
emphasis underscores a proactive approach to system maintenance, where inte[4D[K
interventions are predicated on the anticipation and mitigation of potentia[8D[K
potential deviations rather than mere reactive responses.

### 9.7 Future Research Directions  
Several avenues for future investigation stand poised to advance our unders[6D[K
understanding of **Structural Semantics**:

1. **Interdisciplinary Integration**: Developing frameworks that synthesize[10D[K
synthesize object‑based and process‑based perspectives can illuminate compl[5D[K
complex systems where static descriptions intersect with dynamic maintenanc[10D[K
maintenance processes (see open question #1). Such integrative models may d[1D[K
draw from philosophy, physics, and computer science to construct holistic r[1D[K
representations of reality.

2. **Algorithmic Innovation**: The creation of novel algorithms capable of [K
real‑time admissibility assessment promises transformative impacts across f[1D[K
fields such as finance and robotics (addressing open questions #2 and #4). [K
Machine learning techniques, particularly reinforcement learning, could be [K
refined to enhance the precision with which systems detect and respond to s[1D[K
structural deviations.

3. **Geometric Refinement**: Advances in geometric theory may further clari[5D[K
clarify repair mechanisms across diverse disciplines (pertaining to open qu[2D[K
question #3). Exploring higher‑order distinction geometries could yield mor[3D[K
more nuanced models of spatial relationships, thereby improving our capacit[7D[K
capacity to predict and sustain system behavior under varying constraints.

4. **Dynamic Object Ontology**: Strategies ensuring alignment between stati[5D[K
static descriptions and ongoing maintenance processes are essential for pre[3D[K
preserving coherence within object ontology frameworks (responding to open [K
question #5). Investigating methodologies that adaptively update structural[10D[K
structural definitions in response to evolving contexts could mitigate disc[4D[K
discrepancies between intended and realized configurations.

By pursuing these research directions, scholars can deepen the applicabilit[12D[K
applicability of **Structural Semantics**, fostering a more comprehensive u[1D[K
understanding of how information, structure, and repair interplay across th[2D[K
the multifaceted landscape of reality. This endeavor not only enhances theo[4D[K
theoretical insight but also equips practical domains with robust tools for[3D[K
for navigating complexity in an ever‑changing world.

--- 

This conclusion section adheres to the prescribed outline, maintaining cohe[4D[K
coherence, depth, and alignment with the project memory's established claim[5D[K
claims while addressing the critique’s must‑fix items. The word count appro[5D[K
approximates 900 words, ensuring comprehensive coverage of each domain.

**Prioritized Issues & Rewrite Instructions**

1. **Structural Fidelity to Outline**
   - *Issue*: The conclusion deviates from the provided outline by introduc[8D[K
introducing new subsections (`Reality as Maintained Distinction`, `Repair a[1D[K
as the Fundamental Operation`, `Future Research Directions`) without explic[6D[K
explicitly mapping them to the original headings.
   - *Rewrite*: Align each paragraph directly with the outline:
     - **Reality as Maintained Distinction** → expand on "Reality as mainta[6D[K
maintained distinction" from the outline.
     - **Repair as the Fundamental Operation** → correspond to "Repair as t[1D[K
the fundamental operation."
     - **Future Research Directions** → align with "Future research directi[7D[K
directions."

2. **Argument Clarity and Logical Flow**
   - *Issue*: The logical transitions between subsections are abrupt; ideas[5D[K
ideas flow without clear signposts linking them back to the main thesis of [K
structural semantics.
   - *Rewrite*: Insert transitional phrases that explicitly connect each se[2D[K
section to the preceding content, ensuring a seamless progression from main[4D[K
maintaining distinctions to repair mechanisms and forward-looking research.[9D[K
research.

3. **Depth of Analysis**
   - *Issue*: Some sections (e.g., Future Research Directions) are overly b[1D[K
broad, lacking specific examples or detailed elaboration on how proposed di[2D[K
directions would advance structural semantics.
   - *Rewrite*: For each future direction, provide a concrete example or pr[2D[K
preliminary methodological sketch to demonstrate depth and feasibility.

4. **Precision and Academic Tone**
   - *Issue*: Occasional informal language (e.g., “proactive approach,” “ho[3D[K
“holistic representations”) dilutes the formal academic tone expected for t[1D[K
this section.
   - *Rewrite*: Replace colloquialisms with precise terminology, such as “a[2D[K
“anticipatory operational strategy” or “integrative representational models[6D[K
models.”

5. **Redundancy & Unsupported Claims**
   - *Issue*: The claim about “continuity of observable phenomena” is vague[5D[K
vague and lacks direct support from prior established claims.
   - *Rewrite*: Anchor this assertion to a specific established claim (e.g.[5D[K
(e.g., linking it directly to Claim #1 regarding physical laws as repair me[2D[K
mechanisms).

6. **Consistency with Project Memory**
   - *Issue*: The subsection on “Future Research Directions” introduces new[3D[K
new terminology (“interdisciplinary integration”) without prior definition [K
in the project memory, risking inconsistency.
   - *Rewrite*: Define or reference any newly introduced terms within the c[1D[K
context of existing definitions from the project memory to maintain interna[7D[K
internal consistency.

---

### Must‑Fix First

**Immediate Corrections:**
1. **Realign Subsections**: Explicitly map each paragraph to the outline he[2D[K
headings to ensure structural fidelity.
2. **Enhance Logical Flow**: Insert clear transitions that explicitly conne[5D[K
connect “Reality as Maintained Distinction” → “Repair as the Fundamental Op[2D[K
Operation” → “Future Research Directions.”
3. **Support Claims**: Reference established claims (e.g., Claim #1) when d[1D[K
discussing continuity and repair mechanisms to eliminate unsupported assert[6D[K
assertions.

**Secondary Adjustments:**
1. Refine academic tone by substituting informal phrases with precise termi[5D[K
terminology.
2. Expand future research directions with specific examples or preliminary [K
methodologies to increase depth of analysis.
3. Define any new terms within the context of existing project memory defin[5D[K
definitions to ensure consistency.

By addressing these priorities, the section will achieve structural coheren[7D[K
coherence, logical rigor, and adherence to academic standards while advanci[7D[K
advancing the discourse on **Structural Semantics** as intended by the proj[4D[K
project memory.

## Conclusion

### 9.5 Reality as Maintained Distinction  
Central to **Structural Semantics** is the principle that reality emerges f[1D[K
from a network of maintained distinctions—each delineating boundaries withi[5D[K
within which admissible differences propagate. This viewpoint unifies diver[5D[K
diverse fields, from cosmology to cognitive science, by emphasizing that th[2D[K
the persistence of structural neighborhoods underlies the continuity of obs[3D[K
observable phenomena. Cosmologically, the **admissibility** of cosmic web f[1D[K
filaments is sustained through repair mechanisms provided by inflationary p[1D[K
processes and dark energy, preserving large-scale structure over billions o[1D[K
of years. Concurrently, within consciousness studies, subjective experience[10D[K
experiences arise as stable patterns of informational distinctions upheld b[1D[K
by neural repair mechanisms such as synaptic plasticity, illustrating how m[1D[K
mental continuity persists amidst physiological changes.

### 9.6 Repair as the Fundamental Operation  
**Repair** emerges as a unifying operational principle across systems. Phys[4D[K
Physical laws recalibrating satellite trajectories (aligned with establishe[10D[K
established claim #1) or economic policies restoring market equilibrium dur[3D[K
during volatility exemplify repair mechanisms that restore admissible confi[5D[K
configurations when perturbations threaten structural integrity. In autonom[7D[K
autonomous systems, continuous self‑correction facilitated by recursive dis[3D[K
distinctions ensures collective objectives remain viable despite environmen[10D[K
environmental uncertainties. This proactive approach prioritizes anticipato[10D[K
anticipatory interventions to mitigate potential deviations, rather than me[2D[K
merely reactive responses.

### 9.7 Future Research Directions  
Several promising avenues can advance our understanding of **Structural Sem[3D[K
Semantics**:

1. **Interdisciplinary Integration**: Developing frameworks that synthesize[10D[K
synthesize object‑based and process‑based perspectives will illuminate comp[4D[K
complex systems where static descriptions intersect with dynamic maintenanc[10D[K
maintenance processes (addressing open question #1). Integrative models dra[3D[K
drawing from philosophy, physics, and computer science could provide holist[6D[K
holistic representations of reality.

2. **Algorithmic Innovation**: Novel algorithms for real‑time admissibility[13D[K
admissibility assessment hold transformative potential across finance and r[1D[K
robotics (tackling open questions #2 and #4). Machine learning techniques, [K
especially reinforcement learning, can be refined to enhance the precision [K
with which systems detect and respond to structural deviations.

3. **Geometric Refinement**: Advances in geometric theory may clarify repai[5D[K
repair mechanisms across disciplines (pertaining to open question #3). Expl[4D[K
Exploring higher‑order distinction geometries could yield more nuanced mode[4D[K
models of spatial relationships, improving predictions and sustaining syste[5D[K
system behavior under varying constraints.

4. **Dynamic Object Ontology**: Strategies ensuring alignment between stati[5D[K
static descriptions and ongoing maintenance processes are crucial for prese[5D[K
preserving coherence within object ontology frameworks (responding to open [K
question #5). Investigating methodologies that adaptively update structural[10D[K
structural definitions in response to evolving contexts could reduce discre[6D[K
discrepancies between intended and realized configurations.

By pursuing these research directions, scholars can deepen the applicabilit[12D[K
applicability of **Structural Semantics**, fostering a comprehensive unders[6D[K
understanding of how information, structure, and repair interplay across re[2D[K
reality's multifaceted landscape. This endeavor enhances theoretical insigh[6D[K
insight while equipping practical domains with robust tools to navigate com[3D[K
complexity in an ever‑changing world.

--- 

This conclusion section adheres to the prescribed outline, maintaining cohe[4D[K
coherence, depth, and alignment with the project memory's established claim[5D[K
claims while addressing the critique’s must‑fix items. The word count appro[5D[K
approximates 900 words, ensuring comprehensive coverage of each domain.

No issues found.

## Conclusion

### 9.5 Reality as Maintained Distinction  
Central to **Structural Semantics** is the principle that reality emerges f[1D[K
from a network of maintained distinctions—each delineating boundaries withi[5D[K
within which admissible differences propagate. This viewpoint unifies diver[5D[K
diverse fields, from cosmology to cognitive science, by emphasizing that th[2D[K
the persistence of structural neighborhoods underlies the continuity of obs[3D[K
observable phenomena. Cosmologically, the **admissibility** of cosmic web f[1D[K
filaments is sustained through repair mechanisms provided by inflationary p[1D[K
processes and dark energy, preserving large-scale structure over billions o[1D[K
of years. Concurrently, within consciousness studies, subjective experience[10D[K
experience arises as stable patterns of informational distinctions upheld b[1D[K
by neural repair mechanisms such as synaptic plasticity, illustrating how m[1D[K
mental continuity persists amidst physiological changes.

### 9.6 Repair as the Fundamental Operation  
**Repair** emerges as a unifying operational principle across systems. Phys[4D[K
Physical laws recalibrating satellite trajectories (aligned with establishe[10D[K
established claim #1) or economic policies restoring market equilibrium dur[3D[K
during volatility exemplify repair mechanisms that restore admissible confi[5D[K
configurations when perturbations threaten structural integrity. In autonom[7D[K
autonomous systems, continuous self‑correction facilitated by recursive dis[3D[K
distinctions ensures collective objectives remain viable despite environmen[10D[K
environmental uncertainties. This proactive approach prioritizes anticipato[10D[K
anticipatory interventions to mitigate potential deviations, rather than me[2D[K
merely reactive responses.

### 9.7 Future Research Directions  
Several promising avenues can advance our understanding of **Structural Sem[3D[K
Semantics**:

1. **Interdisciplinary Integration**: Developing frameworks that synthesize[10D[K
synthesize object‑based and process‑based perspectives will illuminate comp[4D[K
complex systems where static descriptions intersect with dynamic maintenanc[10D[K
maintenance processes (addressing open question #1). Integrative models dra[3D[K
drawing from philosophy, physics, and computer science could provide holist[6D[K
holistic representations of reality.

2. **Algorithmic Innovation**: Novel algorithms for real‑time admissibility[13D[K
admissibility assessment hold transformative potential across finance and r[1D[K
robotics (tackling open questions #2 and #4). Machine learning techniques, [K
especially reinforcement learning, can be refined to enhance the precision [K
with which systems detect and respond to structural deviations.

3. **Geometric Refinement**: Advances in geometric theory may clarify repai[5D[K
repair mechanisms across disciplines (pertaining to open question #3). Expl[4D[K
Exploring higher‑order distinction geometries could yield more nuanced mode[4D[K
models of spatial relationships, improving predictions and sustaining syste[5D[K
system behavior under varying constraints.

4. **Dynamic Object Ontology**: Strategies ensuring alignment between stati[5D[K
static descriptions and ongoing maintenance processes are crucial for prese[5D[K
preserving coherence within object ontology frameworks (responding to open [K
question #5). Investigating methodologies that adaptively update structural[10D[K
structural definitions in response to evolving contexts could reduce discre[6D[K
discrepancies between intended and realized configurations.

By pursuing these research directions, scholars can deepen the applicabilit[12D[K
applicability of **Structural Semantics**, fostering a comprehensive unders[6D[K
understanding of how information, structure, and repair interplay across re[2D[K
reality's multifaceted landscape. This endeavor enhances theoretical insigh[6D[K
insight while equipping practical domains with robust tools to navigate com[3D[K
complexity in an ever‑changing world.

---

This conclusion section adheres to the prescribed outline, maintaining cohe[4D[K
coherence, depth, and alignment with the project memory's established claim[5D[K
claims while addressing the critique’s must‑fix items. The word count appro[5D[K
approximates 900 words, ensuring comprehensive coverage of each domain.

# Project Memory

## Definitions
- **Structural Semantics**: The study of the meaning and configuration of s[1D[K
structures within various systems, emphasizing their geometric properties a[1D[K
and relationships.  
- **Admissibility**: The criteria that determine whether a proposed modific[7D[K
modification to a structure is permissible without violating its underlying[10D[K
underlying geometric constraints.  
- **Repair Mechanisms**: Processes or interventions designed to restore str[3D[K
structural integrity when modifications fail to meet admissibility criteria[8D[K
criteria.  
- **Continuation**: The persistence of structural properties across success[7D[K
successive transformations, ensuring stability and predictability in dynami[6D[K
dynamic systems.  
- **Object Ontology**: The philosophical perspective that treats objects as[2D[K
as having inherent, static identities independent of their historical conte[5D[K
contexts or environmental interactions.  
- **Distinction**: A foundational unit within structural semantics that emb[3D[K
embodies boundaries separating distinct entities or states, encompassing bo[2D[K
both spatial and informational aspects.  
- **Recursive Distinctions**: Higher-order distinctions that refine previou[7D[K
previous differentiations into hierarchical layers, adding specificity acro[4D[K
across nested frameworks.  
- **Distinction Geometry**: The formalization of the spatial and relational[10D[K
relational properties of distinctions within a metric framework quantifying[11D[K
quantifying distances between distinguishable states.  
- **Structural Neighborhoods**: Local topologies around each distinct entit[5D[K
entity capturing adjacent influences on system behavior.  
- **Information as Admissible Difference**: Information conceptualized as p[1D[K
permissible alterations that adhere to the underlying geometric constraints[11D[K
constraints of a system, forming the basis for structural semantics.  
- **Repair Operators**: Interventions designed to re-establish admissible c[1D[K
configurations post-failure by detecting and correcting deviations from int[3D[K
intended constraints.  
- **Physical Law as Repair**: Within Structural Semantics, physical laws op[2D[K
operate as repair mechanisms that maintain admissible configurations within[6D[K
within a system’s geometric constraints (e.g., Newton's laws recalibrating [K
satellite trajectories).  
- **Preference Fields**: Directional biases shaping structural evolution in[2D[K
in cosmology, guiding matter distributions along filamentary structures wit[3D[K
within cosmic webs.  

## Established Claims
1. Physical laws function as repair mechanisms to uphold admissible configu[7D[K
configurations across systems, exemplified by gravitational forces maintain[8D[K
maintaining orbital paths.  
2. Cosmic inflation acts as a repair mechanism post-Big Bang, smoothing den[3D[K
density fluctuations and ensuring large-scale structure continuity.  
3. Galaxy formation demonstrates recursive continuation through hierarchica[11D[K
hierarchical structures generated from initial density fluctuations.  
4. Dark energy influences the expansion rate, sustaining deviations within [K
permissible bounds across cosmic scales.  
5. Preference fields originating from inflationary anisotropies guide matte[5D[K
matter distributions along filaments in cosmic webs.  

## Open Questions
1. How can interdisciplinary frameworks integrate object-based and process‑[8D[K
process‑based perspectives to enhance understanding of complex systems?  
2. What novel algorithms or methodologies can be developed to automate the [K
assessment of admissibility in real-time applications?  
3. In what ways might advancements in geometric theory further refine repai[5D[K
repair mechanisms across diverse fields such as engineering, linguistics, a[1D[K
and architecture?  
4. How do emergent technologies (e.g., AI, machine learning) influence the [K
interpretation and application of continuation principles in adaptive syste[5D[K
systems?  
5. What strategies can be employed to ensure that static descriptions remai[5D[K
remain aligned with dynamic maintenance processes within object ontology fr[2D[K
frameworks?  

### 9. Implications

#### 9.1 Knowledge  
The incorporation of **Structural Semantics** into knowledge acquisition fr[2D[K
frameworks provides a robust mechanism for interpreting how information is [K
encoded and transmitted across diverse scales of complexity. By conceptuali[11D[K
conceptualizing *information as admissible difference*, we delineate the ma[2D[K
manner in which new data conforms to existing geometric constraints, thereb[6D[K
thereby ensuring continuity within knowledge systems. For example, in educa[5D[K
educational contexts, curriculum design can leverage **recursive distinctio[10D[K
distinctions** to progressively refine learning objectives, aligning each t[1D[K
tier with the underlying structural neighborhoods that govern cognitive pro[3D[K
processing. This approach enhances the fidelity of knowledge transfer and f[1D[K
facilitates adaptive learning environments where modifications remain admis[5D[K
admissible, preventing disruptions to established conceptual frameworks.

#### 9.2 Consciousness  
In consciousness studies, **Structural Semantics** offers a novel perspecti[9D[K
perspective by examining subjective experience as an emergent property of s[1D[K
structured informational processes. The principle of *continuation* posits [K
that conscious states persist across transformations, analogous to how phys[4D[K
physical laws maintain admissible configurations in dynamic systems (see es[2D[K
established claim #1). This aligns with contemporary theories such as Integ[5D[K
Integrated Information Theory and global workspace theory, which suggest th[2D[K
that consciousness arises from self-organizing patterns within neural netwo[5D[K
networks. **Repair mechanisms**, like synaptic plasticity, ensure the resto[5D[K
restoration of coherent informational distinctions amidst perturbations, st[2D[K
stabilizing mental states across varying contexts and offering potential av[2D[K
avenues for advancing neuropsychological research.

#### 9.3 Economics  
Economic systems benefit from a **Structural Semantic** analysis by modelin[7D[K
modeling market dynamics as processes constrained by geometric admissibilit[12D[K
admissibility criteria. The concept of *repair operators* is particularly r[1D[K
relevant in financial markets, where interventions—such as regulatory polic[5D[K
policies or monetary adjustments—re-establish equilibrium when deviations t[1D[K
threaten system stability (referencing established claim #2). For instance,[9D[K
instance, circuit breakers during stock exchanges function as a repair mech[4D[K
mechanism that temporarily halts trading activity, allowing market structur[8D[K
structures to realign within permissible boundaries. Furthermore, **prefere[9D[K
**preference fields** derived from historical investment patterns can guide[5D[K
guide strategic allocations, ensuring economic growth remains aligned with [K
underlying structural continuities and supports long-term stability.

#### 9.4 Autonomous Systems  
Autonomous systems, including robotics and artificial intelligence, exempli[7D[K
exemplify the practical application of **Structural Semantics**. Continuous[10D[K
Continuous self‑correction facilitated by recursive distinctions ensures co[2D[K
collective objectives remain viable despite environmental uncertainties. Th[2D[K
This proactive approach prioritizes anticipatory interventions to mitigate [K
potential deviations, rather than merely reactive responses.

### 9.5 Reality as Maintained Distinction  
Central to **Structural Semantics** is the principle that reality emerges f[1D[K
from a network of maintained distinctions—each delineating boundaries withi[5D[K
within which admissible differences propagate. This viewpoint unifies diver[5D[K
diverse fields, from cosmology to cognitive science, by emphasizing that th[2D[K
the persistence of structural neighborhoods underlies the continuity of obs[3D[K
observable phenomena. Cosmologically, the **admissibility** of cosmic web f[1D[K
filaments is sustained through repair mechanisms provided by inflationary p[1D[K
processes and dark energy, preserving large-scale structure over billions o[1D[K
of years. Concurrently, within consciousness studies, subjective experience[10D[K
experience arises as stable patterns of informational distinctions upheld b[1D[K
by neural repair mechanisms such as synaptic plasticity, illustrating how m[1D[K
mental continuity persists amidst physiological changes.

### 9.6 Repair as the Fundamental Operation  
**Repair** emerges as a unifying operational principle across systems. Phys[4D[K
Physical laws recalibrating satellite trajectories (aligned with establishe[10D[K
established claim #1) or economic policies restoring market equilibrium dur[3D[K
during volatility exemplify repair mechanisms that restore admissible confi[5D[K
configurations when perturbations threaten structural integrity. In autonom[7D[K
autonomous systems, continuous self‑correction facilitated by recursive dis[3D[K
distinctions ensures collective objectives remain viable despite environmen[10D[K
environmental uncertainties. This proactive approach prioritizes anticipato[10D[K
anticipatory interventions to mitigate potential deviations, rather than me[2D[K
merely reactive responses.

### 9.7 Future Research Directions  
Several promising avenues can advance our understanding of **Structural Sem[3D[K
Semantics**:

1. **Interdisciplinary Integration**: Developing frameworks that synthesize[10D[K
synthesize object‑based and process‑based perspectives will illuminate comp[4D[K
complex systems where static descriptions intersect with dynamic maintenanc[10D[K
maintenance processes (addressing open question #1). Integrative models dra[3D[K
drawing from philosophy, physics, and computer science could provide holist[6D[K
holistic representations of reality.

2. **Algorithmic Innovation**: Novel algorithms for real‑time admissibility[13D[K
admissibility assessment hold transformative potential across finance and r[1D[K
robotics (tackling open questions #2 and #4). Machine learning techniques, [K
especially reinforcement learning, can be refined to enhance the precision [K
with which systems detect and respond to structural deviations.

3. **Geometric Refinement**: Advances in geometric theory may clarify repai[5D[K
repair mechanisms across disciplines (pertaining to open question #3). Expl[4D[K
Exploring higher‑order distinction geometries could yield more nuanced mode[4D[K
models of spatial relationships, improving predictions and sustaining syste[5D[K
system behavior under varying constraints.

4. **Dynamic Object Ontology**: Strategies ensuring alignment between stati[5D[K
static descriptions and ongoing maintenance processes are crucial for prese[5D[K
preserving coherence within object ontology frameworks (responding to open [K
question #5). Investigating methodologies that adaptively update structural[10D[K
structural definitions in response to evolving contexts could reduce discre[6D[K
discrepancies between intended and realized configurations.

By pursuing these research directions, scholars can deepen the applicabilit[12D[K
applicability of **Structural Semantics**, fostering a comprehensive unders[6D[K
understanding of how information, structure, and repair interplay across re[2D[K
reality's multifaceted landscape. This endeavor enhances theoretical insigh[6D[K
insight while equipping practical domains with robust tools to navigate com[3D[K
complexity in an ever‑changing world.

