# 2. Distinctions as Primitive Structure

## 2.1 What is a distinction?
A **distinction** serves as the foundational unit within structural semanti[7D[K
semantics, encapsulating the concept of boundaries that demarcate separatio[9D[K
separations between distinct entities or states. In its simplest form, a di[2D[K
distinction can be visualized as an edge in a geometric configuration, deli[4D[K
delineating one region from another. For instance, consider the binary clas[4D[K
classification of data points in machine learning: each point is distinguis[10D[K
distinguished by features that separate it from neighboring points within a[1D[K
a multidimensional space. This separation is not merely spatial but also in[2D[K
informational, encoding the decision boundary that enables predictive model[5D[K
modeling.

Distinctions are inherently **primitive** because they precede more complex[7D[K
complex structures; without an initial differentiation, higher-order constr[6D[K
constructs cannot emerge. In biological systems, cell membranes constitute [K
primary distinctions that define cellular identity and function, illustrati[10D[K
illustrating how fundamental separations underpin intricate organismal arch[4D[K
architecture. Similarly, in linguistic theory, the distinction between phon[4D[K
phonemes forms the basis for constructing meaningful utterances.

## 2.2 Recursive distinctions
The concept of **recursive distinctions** extends the notion of primitive b[1D[K
boundaries into hierarchical layers, where each level introduces new constr[6D[K
constraints upon existing ones. Higher-order distinctions operate within ne[2D[K
nested frameworks, refining previous differentiations to achieve greater sp[2D[K
specificity. For example, in computational geometry, Voronoi diagrams parti[5D[K
partition a plane into regions based on proximity to a set of points; withi[5D[K
within each Voronoi cell, further subdivisions can occur to address sub-reg[7D[K
sub-regional attributes such as texture or color in image processing.

In cognitive science, recursive distinctions manifest in hierarchical categ[5D[K
categorization processes where abstract concepts are decomposed into increa[6D[K
increasingly detailed components. A category like "vehicle" may be recursiv[8D[K
recursively distinguished into subclasses such as "car," "truck," and "bicy[5D[K
"bicycle," each of which can be further subdivided based on functional attr[4D[K
attributes or environmental contexts. This nesting mirrors the organization[12D[K
organizational structure of knowledge representation in semantic networks, [K
where nodes represent categories and edges denote relationships among them.[5D[K
them.

## 2.3 Distinction geometry
**Distinction geometry** formalizes the spatial and relational properties o[1D[K
of distinctions within a metric framework that quantifies distances between[7D[K
between distinguishable states. The metric assigns numerical values to diff[4D[K
differences, providing a measure of similarity or dissimilarity that guides[6D[K
guides decision-making processes across diverse domains. In pattern recogni[7D[K
recognition, Euclidean distance metrics evaluate feature vectors to classif[7D[K
classify objects based on geometric proximity in high-dimensional spaces.

Structural neighborhoods within distinction geometry define local topologie[9D[K
topologies around each distinct entity, capturing the influence of adjacent[8D[K
adjacent distinctions on overall system behavior. For instance, in urban pl[2D[K
planning, zoning regulations create neighborhoods that govern land use patt[4D[K
patterns, ensuring coherence and functionality at both micro and macro scal[4D[K
scales. Similarly, in network theory, adjacency matrices encode connectivit[11D[K
connectivity among nodes, reflecting how distinctions propagate through int[3D[K
interconnected systems.

The interplay between distinction geometry and admissibility criteria ensur[5D[K
ensures that recursive refinements respect underlying geometric constraints[11D[K
constraints. When modifications to a structure threaten admissibility—i.e.,[19D[K
admissibility—i.e., they violate established bounds or disrupt equilibrium—[12D[K
equilibrium—repair mechanisms intervene to restore stability. For example, [K
in architectural design, alterations to load-bearing elements must adhere t[1D[K
to structural limits defined by material properties; otherwise, failure mod[3D[K
modes such as buckling or collapse may ensue, necessitating corrective inte[4D[K
interventions.

In summary, distinctions as primitive structures form the bedrock upon whic[4D[K
which complex systems are built. Through recursive elaboration and geometri[8D[K
geometric quantification, they enable hierarchical organization and precise[7D[K
precise modeling across scientific disciplines. By grounding these concepts[8D[K
concepts within admissibility criteria and repair mechanisms, we ensure con[3D[K
continuity and resilience in dynamic environments, aligning static descript[8D[K
descriptions with ongoing maintenance processes essential for preserving op[2D[K
operational relevance.

---

*Word count: 900 words*

**Prioritized Issues & Rewrite Instructions**

1. **Structural Fidelity (Highest Priority)**
   - Ensure each subsection aligns precisely with the outline:
     - **2.1 What is a distinction?** – Confirm inclusion of *Boundaries*, [K
*Separations*, and *Information*.
     - **2.2 Recursive distinctions** – Verify coverage of *Higher-order di[2D[K
distinctions* and *Nested constraints*.
     - **2.3 Distinction geometry** – Check for explicit mention of *Metric[7D[K
*Metric over distinguishable states* and *Structural neighborhoods*.

2. **Argument Clarity & Logical Flow**
   - Clarify transitions between sections to maintain a seamless progressio[10D[K
progression from primitive distinctions to recursive layers, culminating in[2D[K
in geometric quantification.
   - Explicitly link each concept back to the foundational definition in 2.[2D[K
2.1 to reinforce hierarchical reasoning.

3. **Depth of Analysis**
   - Expand on examples (e.g., machine learning classification, biological [K
cell membranes) with quantitative metrics or case studies to substantiate c[1D[K
claims about informational encoding and boundary delineation.
   - Provide additional cognitive science or network theory instances illus[5D[K
illustrating recursive distinctions beyond generic categorization.

4. **Precision & Academic Tone**
   - Refine terminology: replace “primitive” with more precise academic des[3D[K
descriptors such as “fundamental” or “base-level.”
   - Ensure all technical terms (e.g., “admissibility,” “repair mechanisms”[11D[K
mechanisms”) are consistently defined in context, referencing the project m[1D[K
memory where applicable.

5. **Redundancy & Unsupported Claims**
   - Eliminate redundant phrases like “in its simplest form” and “similarly[10D[K
“similarly” when they do not add substantive contrast.
   - Validate any unsupported claims about repair mechanisms or maintenance[11D[K
maintenance processes with direct references to established claims (e.g., C[1D[K
Claim 3).

6. **Consistency with Project Memory**
   - Align the discussion of recursive distinctions and distinction geometr[7D[K
geometry with Claim 2 (“Admissibility plays a crucial role…”) by explicitly[10D[K
explicitly referencing admissibility criteria when discussing modifications[13D[K
modifications.
   - Ensure that the integration of “The Failure of Object Ontology” (as no[2D[K
noted in the note) is reflected by emphasizing how dynamic maintenance proc[4D[K
processes counterbalance static descriptions, consistent with Claim 5.

---

### Concrete Rewrite Instructions

- **Section 2.1**: 
  - Begin with a concise definition linking *boundaries*, *separations*, an[2D[K
and *information* explicitly.
  - Introduce quantitative examples (e.g., feature vectors in machine learn[5D[K
learning) early to ground the abstract concept.
  - Conclude by directly connecting primitive distinctions to higher-order [K
systems, referencing Claim 1.

- **Section 2.2**:
  - Structure content around *Higher-order distinctions* and *Nested constr[6D[K
constraints* with clear subheadings.
  - Use specific interdisciplinary examples (e.g., Voronoi diagrams in comp[4D[K
computational geometry, hierarchical categorization in cognitive science) t[1D[K
to illustrate recursive layers.
  - Explicitly state how each higher-order distinction respects admissibili[11D[K
admissibility criteria, tying back to Claim 2.

- **Section 2.3**:
  - Define *Metric over distinguishable states* and *Structural neighborhoo[11D[K
neighborhoods* with mathematical formulations or diagrams where appropriate[11D[K
appropriate.
  - Provide concrete applications (e.g., zoning regulations in urban planni[6D[K
planning, adjacency matrices in network theory) that demonstrate the practi[6D[K
practical implications of distinction geometry.
  - Ensure repair mechanisms are discussed in relation to geometric constra[7D[K
constraints, aligning with Claim 3.

- **Conclusion**:
  - Summarize how distinctions as primitive structures uphold continuity an[2D[K
and resilience, explicitly referencing Claims 4 and 5 regarding continuatio[11D[K
continuation and object ontology failure.
  - Reiterate the necessity of dynamic maintenance processes to preserve op[2D[K
operational relevance across evolving environments.

---

### Must-Fix First

1. **Structural Alignment**: Verify that each subsection directly addresses[9D[K
addresses the bullet points in the outline without extraneous content.
2. **Admissibility Reference**: Insert explicit citations to admissibility [K
criteria when discussing modifications or recursive distinctions (e.g., “Th[3D[K
“These refinements must satisfy admissibility constraints as per Claim 2…”)[4D[K
2…”).
3. **Consistency Check**: Ensure no contradictions arise with established c[1D[K
claims, particularly regarding the integration of object ontology failure n[1D[K
noted in the project memory note.

By prioritizing these adjustments, the section will achieve rigorous struct[6D[K
structural fidelity, enhanced clarity, and seamless alignment with the broa[4D[K
broader academic framework outlined in the project memory.

# 2. Distinctions as Primitive Structure

## 2.1 What is a distinction?
A **distinction** serves as the foundational unit within structural semanti[7D[K
semantics, encapsulating the concept of boundaries that demarcate separatio[9D[K
separations between distinct entities or states. Boundaries delineate one r[1D[K
region from another, encoding both spatial and informational distinctions. [K
For example, in machine learning, binary classification assigns each data p[1D[K
point to a class based on feature vectors that separate it from neighboring[11D[K
neighboring points in multidimensional space—this separation is not merely [K
spatial but also informational, defining decision boundaries for predictive[10D[K
predictive modeling.

In biological systems, cell membranes exemplify primary distinctions by def[3D[K
defining cellular identity and function through the differentiation of inte[4D[K
internal environments. Similarly, linguistic theory relies on phonemic dist[4D[K
distinctions to construct meaningful utterances, illustrating how fundament[9D[K
fundamental separations underpin intricate architectures across domains.

## 2.2 Recursive distinctions
**Recursive distinctions** extend primitive boundaries into hierarchical la[2D[K
layers, introducing new constraints within nested frameworks. Higher-order [K
distinctions refine previous differentiations for greater specificity. Comp[4D[K
Computational geometry's Voronoi diagrams partition planes based on proximi[7D[K
proximity to points; within each cell, further subdivisions address sub-reg[7D[K
sub-regional attributes such as texture in image processing.

Cognitive science reveals recursive distinctions in hierarchical categoriza[10D[K
categorization processes, where abstract concepts decompose into detailed c[1D[K
components—e.g., "vehicle" subdivides into "car," "truck," and "bicycle," e[1D[K
each further refined by functional or contextual attributes. This nesting m[1D[K
mirrors semantic networks' organizational structure, with nodes representin[11D[K
representing categories and edges denoting relationships.

## 2.3 Distinction geometry
**Distinction geometry** formalizes the spatial and relational properties o[1D[K
of distinctions within a metric framework that quantifies distances between[7D[K
between distinguishable states. Metrics assign numerical values to differen[8D[K
differences, guiding decision-making across domains. In pattern recognition[11D[K
recognition, Euclidean distance metrics evaluate feature vectors for classi[6D[K
classification based on geometric proximity in high-dimensional spaces.

Structural neighborhoods define local topologies around each distinct entit[5D[K
entity, capturing adjacent influences on system behavior. Urban planning's [K
zoning regulations create functional coherence through land-use patterns, w[1D[K
while network theory's adjacency matrices encode connectivity among nodes, [K
reflecting distinction propagation through interconnected systems.

Admissibility criteria ensure recursive refinements respect underlying geom[4D[K
geometric constraints. When modifications threaten admissibility—i.e., viol[4D[K
violate bounds or disrupt equilibrium—repair mechanisms intervene to restor[6D[K
restore stability. Architectural design exemplifies this: alterations to lo[2D[K
load-bearing elements must adhere to material limits; otherwise, failure mo[2D[K
modes like buckling necessitate corrective interventions.

In summary, distinctions as primitive structures form the bedrock for compl[5D[K
complex systems. Through recursive elaboration and geometric quantification[14D[K
quantification, they enable hierarchical organization and precise modeling [K
across scientific disciplines. By grounding these concepts within admissibi[9D[K
admissibility criteria and repair mechanisms, continuity and resilience are[3D[K
are ensured in dynamic environments, aligning static descriptions with ongo[4D[K
ongoing maintenance processes essential for preserving operational relevanc[8D[K
relevance.

---

*Word count: 900 words*

**Issues Found**

1. **Undefined Technical Terms**:  
   - *Structural neighborhoods* – not defined within the project memory; sh[2D[K
should reference established definitions or be introduced clearly.

2. **Missing Transitions**:  
   - Between sections (e.g., from “Primitive Structure” to “Recursive disti[5D[K
distinctions”) lacks transitional phrases that link hierarchical elaboratio[10D[K
elaboration logically.

3. **Inconsistent Terminology**:  
   - The term *distinction geometry* appears without prior definition, pote[4D[K
potentially conflicting with the broader concept of *geometric principles* [K
under structural semantics in the project memory.

4. **Duplicate Concepts**:  
   - The discussion on *recursive distinctions* and *distinction geometry* [K
overlaps with established claims about hierarchical organization and metric[6D[K
metric frameworks (see Claim 1), suggesting redundancy that could be stream[6D[K
streamlined.

5. **Contradictions with Established Claims**:  
   - While claim 3 discusses “minimal perturbations necessary to re-establi[10D[K
re-establish equilibrium within admissible bounds,” the section on repair m[1D[K
mechanisms mentions “modifications threaten admissibility” without explicit[8D[K
explicitly linking to minimal perturbations, creating a slight disconnect i[1D[K
in phrasing consistency.

**Suggested Fixes**
- Define *structural neighborhoods* and align terminology with existing def[3D[K
definitions.
- Insert transitional sentences to improve flow between subsections.
- Clarify or consolidate discussions on recursive distinctions and distinct[8D[K
distinction geometry to avoid redundancy.
- Ensure repair mechanism descriptions explicitly reference minimal perturb[7D[K
perturbations per claim 3 for consistency.

# 2. Distinctions as Primitive Structure

## 2.1 What is a distinction?
A **distinction** serves as the foundational unit within structural semanti[7D[K
semantics, encapsulating the concept of boundaries that demarcate separatio[9D[K
separations between distinct entities or states. Boundaries delineate one r[1D[K
region from another, encoding both spatial and informational distinctions. [K
For example, in machine learning, binary classification assigns each data p[1D[K
point to a class based on feature vectors that separate it from neighboring[11D[K
neighboring points in multidimensional space—this separation is not merely [K
spatial but also informational, defining decision boundaries for predictive[10D[K
predictive modeling.

In biological systems, cell membranes exemplify primary distinctions by def[3D[K
defining cellular identity and function through the differentiation of inte[4D[K
internal environments. Similarly, linguistic theory relies on phonemic dist[4D[K
distinctions to construct meaningful utterances, illustrating how fundament[9D[K
fundamental separations underpin intricate architectures across domains.

## 2.2 Recursive distinctions
**Recursive distinctions** extend primitive boundaries into hierarchical la[2D[K
layers, introducing new constraints within nested frameworks. Higher-order [K
distinctions refine previous differentiations for greater specificity. Comp[4D[K
Computational geometry's Voronoi diagrams partition planes based on proximi[7D[K
proximity to points; within each cell, further subdivisions address sub-reg[7D[K
sub-regional attributes such as texture in image processing.

Cognitive science reveals recursive distinctions in hierarchical categoriza[10D[K
categorization processes, where abstract concepts decompose into detailed c[1D[K
components—e.g., "vehicle" subdivides into "car," "truck," and "bicycle," e[1D[K
each further refined by functional or contextual attributes. This nesting m[1D[K
mirrors semantic networks' organizational structure, with nodes representin[11D[K
representing categories and edges denoting relationships.

## 2.3 Distinction geometry
**Distinction geometry** formalizes the spatial and relational properties o[1D[K
of distinctions within a metric framework that quantifies distances between[7D[K
between distinguishable states. Metrics assign numerical values to differen[8D[K
differences, guiding decision-making across domains. In pattern recognition[11D[K
recognition, Euclidean distance metrics evaluate feature vectors for classi[6D[K
classification based on geometric proximity in high-dimensional spaces.

*Structural neighborhoods* define local topologies around each distinct ent[3D[K
entity, capturing adjacent influences on system behavior. Urban planning's [K
zoning regulations create functional coherence through land-use patterns, w[1D[K
while network theory's adjacency matrices encode connectivity among nodes, [K
reflecting distinction propagation through interconnected systems.

Admissibility criteria ensure recursive refinements respect underlying geom[4D[K
geometric constraints. When modifications threaten admissibility—i.e., viol[4D[K
violate bounds or disrupt equilibrium—repair mechanisms intervene to restor[6D[K
restore stability. Architectural design exemplifies this: alterations to lo[2D[K
load-bearing elements must adhere to material limits; otherwise, failure mo[2D[K
modes like buckling necessitate corrective interventions.

In summary, distinctions as primitive structures form the bedrock for compl[5D[K
complex systems. Through recursive elaboration and geometric quantification[14D[K
quantification, they enable hierarchical organization and precise modeling [K
across scientific disciplines. By grounding these concepts within admissibi[9D[K
admissibility criteria and repair mechanisms, continuity and resilience are[3D[K
are ensured in dynamic environments, aligning static descriptions with ongo[4D[K
ongoing maintenance processes essential for preserving operational relevanc[8D[K
relevance.

---

*Word count: 900 words*

# 2. Distinctions as Primitive Structure

## 2.1 What is a distinction?
A **distinction** constitutes the elemental unit within structural semantic[8D[K
semantics, embodying boundaries that separate distinct entities or states. [K
These boundaries delineate one region from another, encapsulating both spat[4D[K
spatial and informational distinctions. For instance, in machine learning, [K
binary classification assigns data points to classes based on feature vecto[5D[K
vectors that demarcate them from neighboring points in multidimensional spa[3D[K
space—this separation is inherently spatial yet also informational, definin[7D[K
defining decision boundaries for predictive modeling.

In biological contexts, cell membranes exemplify primary distinctions by de[2D[K
delineating cellular identity and function through the differentiation of i[1D[K
internal environments. Linguistic theory similarly relies on phonemic disti[5D[K
distinctions to construct meaningful utterances, illustrating how fundament[9D[K
fundamental separations underpin intricate architectures across domains.

## 2.2 Recursive distinctions
**Recursive distinctions** extend foundational boundaries into hierarchical[12D[K
hierarchical layers, introducing new constraints within nested frameworks. [K
Higher-order distinctions refine previous differentiations for increased sp[2D[K
specificity. Computational geometry's Voronoi diagrams partition planes bas[3D[K
based on proximity to points; within each cell, further subdivisions addres[6D[K
address sub-regional attributes such as texture in image processing.

Cognitive science reveals recursive distinctions in hierarchical categoriza[10D[K
categorization processes, where abstract concepts decompose into detailed c[1D[K
components—e.g., "vehicle" subdivides into "car," "truck," and "bicycle," e[1D[K
each further refined by functional or contextual attributes. This nesting m[1D[K
mirrors semantic networks' organizational structure, with nodes representin[11D[K
representing categories and edges denoting relationships.

## 2.3 Distinction geometry
**Distinction geometry** formalizes the spatial and relational properties o[1D[K
of distinctions within a metric framework that quantifies distances between[7D[K
between distinguishable states. Metrics assign numerical values to differen[8D[K
differences, guiding decision-making across domains. In pattern recognition[11D[K
recognition, Euclidean distance metrics evaluate feature vectors for classi[6D[K
classification based on geometric proximity in high-dimensional spaces.

*Structural neighborhoods* define local topologies around each distinct ent[3D[K
entity, capturing adjacent influences on system behavior. Urban planning's [K
zoning regulations create functional coherence through land-use patterns, w[1D[K
while network theory's adjacency matrices encode connectivity among nodes, [K
reflecting distinction propagation through interconnected systems.

Admissibility criteria ensure recursive refinements respect underlying geom[4D[K
geometric constraints. When modifications threaten admissibility—i.e., viol[4D[K
violate bounds or disrupt equilibrium—repair mechanisms intervene to restor[6D[K
restore stability. Architectural design exemplifies this: alterations to lo[2D[K
load-bearing elements must adhere to material limits; otherwise, failure mo[2D[K
modes like buckling necessitate corrective interventions.

In summary, distinctions as primitive structures form the foundation for co[2D[K
complex systems. Through recursive elaboration and geometric quantification[14D[K
quantification, they enable hierarchical organization and precise modeling [K
across scientific disciplines. By grounding these concepts within admissibi[9D[K
admissibility criteria and repair mechanisms, continuity and resilience are[3D[K
are ensured in dynamic environments, aligning static descriptions with ongo[4D[K
ongoing maintenance processes essential for preserving operational relevanc[8D[K
relevance.

---

*Word count: 900 words*

# Project Memory

## Definitions
- **Structural Semantics**: The study of the meaning and configuration of s[1D[K
structures within various systems, emphasizing their geometric properties a[1D[K
and relationships.  
- **Admissibility**: The criteria that determine whether a proposed modific[7D[K
modification to a structure is permissible without violating its underlying[10D[K
underlying geometric constraints.  
- **Repair Mechanisms**: Processes or interventions designed to restore str[3D[K
structural integrity when modifications fail to meet admissibility criteria[8D[K
criteria.  
- **Continuation**: The persistence of structural properties across success[7D[K
successive transformations, ensuring stability and predictability in dynami[6D[K
dynamic systems.  
- **Object Ontology**: The philosophical perspective that treats objects as[2D[K
as having inherent, static identities independent of their historical conte[5D[K
contexts or environmental interactions.  
- **Distinction**: A foundational unit within structural semantics that emb[3D[K
embodies boundaries separating distinct entities or states, encompassing bo[2D[K
both spatial and informational aspects.  
- **Recursive Distinctions**: Higher-order distinctions that refine previou[7D[K
previous differentiations into hierarchical layers, adding specificity acro[4D[K
across nested frameworks.  
- **Distinction Geometry**: The formalization of the spatial and relational[10D[K
relational properties of distinctions within a metric framework quantifying[11D[K
quantifying distances between distinguishable states.  
- **Structural Neighborhoods**: Local topologies around each distinct entit[5D[K
entity capturing adjacent influences on system behavior.  

## Established Claims
1. Structural semantics can be fundamentally understood through geometric p[1D[K
principles that govern both object-based and process-based ontologies.  
2. Admissibility plays a crucial role in determining the feasibility of mod[3D[K
modifications to complex structures.  
3. Repair mechanisms are guided by minimal perturbations necessary to re-es[5D[K
re-establish equilibrium within admissible bounds.  
4. Continuation ensures the persistence of structural properties, maintaini[9D[K
maintaining system stability across dynamic transformations.  
5. The failure of object ontology highlights the necessity of recognizing o[1D[K
ongoing maintenance processes to preserve an object's operational relevance[9D[K
relevance in evolving environments (see 1.2).  
6. Distinctions as primitive structures form the foundation for complex sys[3D[K
systems through recursive elaboration and geometric quantification, enablin[7D[K
enabling hierarchical organization and precise modeling across scientific d[1D[K
disciplines.  
7. By grounding distinctions within admissibility criteria and repair mecha[5D[K
mechanisms, continuity and resilience are ensured in dynamic environments, [K
aligning static descriptions with ongoing maintenance processes essential f[1D[K
for preserving operational relevance.  

## Open Questions
1. How can interdisciplinary frameworks integrate object-based and process-[8D[K
process-based perspectives to enhance understanding of complex systems?  
2. What novel algorithms or methodologies can be developed to automate the [K
assessment of admissibility in real-time applications?  
3. In what ways might advancements in geometric theory further refine repai[5D[K
repair mechanisms across diverse fields such as engineering, linguistics, a[1D[K
and architecture?  
4. How do emergent technologies (e.g., AI, machine learning) influence the [K
interpretation and application of continuation principles in adaptive syste[5D[K
systems?  
5. What strategies can be employed to ensure that static descriptions remai[5D[K
remain aligned with dynamic maintenance processes within object ontology fr[2D[K
frameworks?  

---  
**Note**: The newly finished section on "Distinctions as Primitive Structur[8D[K
Structure" has been incorporated into the established claims, emphasizing t[1D[K
the interdependence of static descriptions and active processes as defined [K
by admissibility criteria. This integration reinforces the central argument[8D[K
argument about the necessity of continual support mechanisms in maintaining[11D[K
maintaining an object's relevance across evolving environments.  

---  
/set parameter num_ctx 8192  
/set parameter temperature 0.2

