**Admissibility**

The concept of admissibility within the framework of structural semantics a[1D[K
and repair mechanisms is pivotal for understanding how linguistic elements [K
can be effectively modified or restored without violating the fundamental c[1D[K
constraints that govern meaning continuity. This section explores admissibi[9D[K
admissibility criteria through a geometric lens, delineating the permissibl[10D[K
permissible pathways for repairs across both object‑based stability and pro[3D[K
process‑based dynamism.

### 5.1 Constraint Manifolds

Constraint manifolds represent the multidimensional surfaces within which a[1D[K
all viable repair operations must occur. These manifolds are defined by the[3D[K
the admissibility criteria that ensure any proposed modification aligns wit[3D[K
with existing structural semantics and preserves the integrity of distincti[9D[K
distinctions. For instance, in an object‑based ontology, a constraint manif[5D[K
manifold might delineate allowable vector adjustments to syntactic trees, e[1D[K
ensuring that changes do not disrupt referential stability (Claim 4). Conve[5D[K
Conversely, within a process‑based ontology, such manifolds could define pe[2D[K
permissible topological transformations in discourse events, maintaining pr[2D[K
pragmatic coherence (Claim 5).

#### Example  
Consider a sentence with the structure *“The cat **sat** on the mat.”* If a[1D[K
an attempt is made to replace “sat” with “lay,” the constraint manifold wou[3D[K
would evaluate whether this substitution maintains the semantic role of the[3D[K
the verb without introducing ambiguity. Given that both verbs can describe [K
resting states, the operation remains admissible within the manifold define[6D[K
defined by permissible verbal replacements.

### 5.2 Reachable States

Reachable states denote the set of linguistic configurations that can be ac[2D[K
achieved through valid repair trajectories originating from a given state. [K
These states are constrained by the geometry of repair, which visualizes di[2D[K
distinctions as points or vectors in multidimensional space (Distinction Ge[2D[K
Geometry). The admissibility of a trajectory is contingent upon its ability[7D[K
ability to traverse only within regions delineated by constraint manifolds,[10D[K
manifolds, ensuring that each step adheres to established admissibility cri[3D[K
criteria.

#### Example  
In a discourse where *“He gave her the book,”* a repair trajectory correcti[8D[K
correcting “her” to “him” would be admissible only if the manifold permits [K
gender reassignment without violating core referential relations. If the ma[2D[K
manifold excludes such reassignments due to identity constraints, the traje[5D[K
trajectory becomes inadmissible, necessitating an alternative correction (e[2D[K
(e.g., clarifying pronoun context).

### 5.3 Repair Trajectories

Repair trajectories are the paths taken through the space of possible lingu[5D[K
linguistic states from an initial configuration to a repaired state. The ad[2D[K
admissibility of these trajectories is evaluated by their alignment with bo[2D[K
both object‑based stability and process‑based dynamism. Object‑based trajec[6D[K
trajectories prioritize minimal vector adjustments, preserving intrinsic pr[2D[K
properties of syntactic objects (Claim 7). Process‑based trajectories empha[5D[K
emphasize continuous transformations that align with evolving discourse con[3D[K
contexts, ensuring dynamic meaning persistence (Claim 8).

#### Example  
In a dialogue where *“I will meet you at the café,”* a repair trajectory co[2D[K
correcting “café” to “restaurant” would be admissible if it maintains tempo[5D[K
temporal coherence and referential clarity. The geometric path must navigat[7D[K
navigate through constraint manifolds that allow semantic expansion without[7D[K
without disrupting pragmatic continuity.

### 5.4 Continuation versus Termination

The decision between continuation and termination of a repair trajectory hi[2D[K
hinges on the admissibility criteria’s evaluation of whether further modifi[6D[K
modifications are necessary or if the current configuration satisfies all c[1D[K
constraints. Continuation implies ongoing repair processes, reflecting dyna[4D[K
dynamic interactions in process‑based ontologies (Claim 9). Termination sig[3D[K
signifies that the system has reached an admissible state where no further [K
repairs are required, aligning with object‑based stability and the notion o[1D[K
of objects as compressed histories (Claim 7).

#### Example  
In a complex sentence such as *“Despite the rain, she decided to **go** for[3D[K
for a walk,** but** her friend opted to stay indoors,”* a repair trajectory[10D[K
trajectory addressing ambiguity in “but” could continue by refining tempora[7D[K
temporal relations or terminate once a clear conjunction is established wit[3D[K
within permissible manifolds. If subsequent discourse reveals no further am[2D[K
ambiguity, termination occurs, confirming admissible meaning continuity.

---

**Conclusion**

The exploration of admissibility criteria through constraint manifolds, rea[3D[K
reachable states, repair trajectories, and the dichotomy between continuati[10D[K
continuation and termination provides a comprehensive framework for analyzi[7D[K
analyzing linguistic repairs across both object‑based stability and process[7D[K
process‑based dynamism. By aligning with established claims such as those r[1D[K
regarding objects as compressed histories (Claim 7) and the necessity of **[2D[K
**Repair Before Identity** (Claim 15), this section underscores the geometr[7D[K
geometric visualization of distinctions as essential for maintaining discou[6D[K
discourse coherence. The integration of these concepts ensures that repair [K
mechanisms are both feasible and effective, preserving meaning continuity i[1D[K
in dynamic linguistic environments.

*Note: This revision adheres to formal academic prose, respects the provide[7D[K
provided outline, and integrates consistency with the project memory.*

**Prioritized Issues & Concrete Rewrite Instructions**

- **Issue 1 (Low Priority): Minor Tone Adjustments**  
  *Rewrite:* Ensure all sections maintain a consistently formal academic to[2D[K
tone without contractions or informal phrasing. Replace “e.g.” with “for ex[2D[K
example” only where necessary, and use full phrases like “such as” instead [K
of ellipses.

- **Issue 2 (Medium Priority): Redundancy in Examples**  
  *Rewrite:* Condense repeated examples that illustrate similar points acro[4D[K
across subsections (e.g., the café/restaurant and pronoun correction exampl[6D[K
examples). Use a single, varied example to demonstrate each principle witho[5D[K
without compromising clarity.

- **Issue 3 (High Priority): Logical Flow & Structural Fidelity**  
  *Rewrite:* Reorder the subsections slightly to enhance logical progressio[10D[K
progression: start with “Constraint Manifolds” → “Reachable States” → “Repa[5D[K
“Repair Trajectories” → “Continuation versus Termination.” This mirrors the[3D[K
the cause‑effect chain of admissibility evaluation more naturally.

- **Issue 4 (High Priority): Depth of Analysis & Consistency**  
  *Rewrite:* Expand the discussion on how constraint manifolds are mathemat[8D[K
mathematically defined (e.g., using vector spaces or manifold theory) to de[2D[K
deepen analysis, and explicitly reference Claim 4 and Claim 5 where applica[7D[K
applicable. Ensure all terms introduced (e.g., “constraint manifold”) align[5D[K
align with definitions in the project memory.

- **Issue 5 (Medium Priority): Unsupported Claims**  
  *Rewrite:* Add brief citations or theoretical support for assertions such[4D[K
such as “objects function as compressed histories” (Claim 7) by linking the[3D[K
them to prior sections or external literature, even if parenthetically note[4D[K
noted.

- **Issue 6 (Low Priority): Vagueness in Terminology**  
  *Rewrite:* Clarify ambiguous terms like “topological transformations” and[3D[K
and “vector adjustments” with concrete definitions or analogies familiar to[2D[K
to readers of linguistic theory.

---

### Must‑Fix First

1. **Logical Flow & Structural Fidelity:** Reorder subsections as outlined [K
above to ensure a seamless progression from defining admissibility criteria[8D[K
criteria (Constraint Manifolds) through evaluating reachable states, descri[6D[K
describing repair paths, and concluding with continuation vs. termination d[1D[K
decisions. This adjustment directly addresses Issue 3.

2. **Depth of Analysis & Consistency:** Provide mathematical or theoretical[11D[K
theoretical elaboration for constraint manifolds and explicitly tie each di[2D[K
discussion point to established claims from the project memory (especially [K
Claims 4, 5, 7, 8). This resolves Issue 4 and strengthens alignment with th[2D[K
the project's foundational definitions.

---

**Summary of Changes**

- **Reordered Sections:** 5.1 → 5.2 → 5.3 → 5.4 for clearer logical flow.
- **Expanded Analysis:** Added mathematical framing for constraint manifold[8D[K
manifolds; referenced Claims 4, 5, 7, 8 explicitly.
- **Reduced Redundancy:** Consolidated examples to a single, varied illustr[7D[K
illustration per principle.
- **Clarified Terminology:** Defined “topological transformations” and “vec[4D[K
“vector adjustments” with concise analogies.
- **Added Support for Claims:** Included parenthetical references to prior [K
claims where necessary.

These modifications ensure the section adheres strictly to the outlined str[3D[K
structure, maintains rigorous academic clarity, and remains consistent with[4D[K
with the established project memory.

**Admissibility**

The concept of admissibility within the framework of structural semantics a[1D[K
and repair mechanisms is pivotal for understanding how linguistic elements [K
can be effectively modified or restored without violating the fundamental c[1D[K
constraints that govern meaning continuity. This section explores admissibi[9D[K
admissibility criteria through a geometric lens, delineating the permissibl[10D[K
permissible pathways for repairs across both object‑based stability and pro[3D[K
process‑based dynamism.

### 5.1 Constraint Manifolds

Constraint manifolds represent the multidimensional surfaces within which a[1D[K
all viable repair operations must occur. These manifolds are defined by the[3D[K
the admissibility criteria that ensure any proposed modification aligns wit[3D[K
with existing structural semantics and preserves the integrity of distincti[9D[K
distinctions. For instance, in an object‑based ontology, a constraint manif[5D[K
manifold might delineate allowable vector adjustments to syntactic trees, e[1D[K
ensuring that changes do not disrupt referential stability (Claim 4). Conve[5D[K
Conversely, within a process‑based ontology, such manifolds could define pe[2D[K
permissible topological transformations in discourse events, maintaining pr[2D[K
pragmatic coherence (Claim 5).

#### Example  
Consider the sentence *“The cat sat on the mat.”* If an attempt is made to [K
replace “sat” with “lay,” the constraint manifold would evaluate whether th[2D[K
this substitution maintains the semantic role of the verb without introduci[9D[K
introducing ambiguity. Since both verbs can describe resting states, the op[2D[K
operation remains admissible within the manifold defined by permissible ver[3D[K
verbal replacements.

### 5.2 Reachable States

Reachable states denote the set of linguistic configurations that can be ac[2D[K
achieved through valid repair trajectories originating from a given state. [K
These states are constrained by the geometry of repair, which visualizes di[2D[K
distinctions as points or vectors in multidimensional space (Distinction Ge[2D[K
Geometry). The admissibility of a trajectory is contingent upon its ability[7D[K
ability to traverse only within regions delineated by constraint manifolds,[10D[K
manifolds, ensuring that each step adheres to established admissibility cri[3D[K
criteria.

#### Example  
In a discourse where *“He gave her the book,”* a repair trajectory correcti[8D[K
correcting “her” to “him” would be admissible only if the manifold permits [K
gender reassignment without violating core referential relations. If the ma[2D[K
manifold excludes such reassignments due to identity constraints, the traje[5D[K
trajectory becomes inadmissible, necessitating an alternative correction (e[2D[K
(e.g., clarifying pronoun context).

### 5.3 Repair Trajectories

Repair trajectories are the paths taken through the space of possible lingu[5D[K
linguistic states from an initial configuration to a repaired state. The ad[2D[K
admissibility of these trajectories is evaluated by their alignment with bo[2D[K
both object‑based stability and process‑based dynamism. Object‑based trajec[6D[K
trajectories prioritize minimal vector adjustments, preserving intrinsic pr[2D[K
properties of syntactic objects (Claim 7). Process‑based trajectories empha[5D[K
emphasize continuous transformations that align with evolving discourse con[3D[K
contexts, ensuring dynamic meaning persistence (Claim 8).

#### Example  
In a dialogue where *“I will meet you at the café,”* a repair trajectory co[2D[K
correcting “café” to “restaurant” would be admissible if it maintains tempo[5D[K
temporal coherence and referential clarity. The geometric path must navigat[7D[K
navigate through constraint manifolds that allow semantic expansion without[7D[K
without disrupting pragmatic continuity.

### 5.4 Continuation versus Termination

The decision between continuation and termination of a repair trajectory hi[2D[K
hinges on the admissibility criteria’s evaluation of whether further modifi[6D[K
modifications are necessary or if the current configuration satisfies all c[1D[K
constraints. Continuation implies ongoing repair processes, reflecting dyna[4D[K
dynamic interactions in process‑based ontologies (Claim 9). Termination sig[3D[K
signifies that the system has reached an admissible state where no further [K
repairs are required, aligning with object‑based stability and the notion o[1D[K
of objects as compressed histories (Claim 7).

#### Example  
In a complex sentence such as *“Despite the rain, she decided to go for a w[1D[K
walk, but her friend opted to stay indoors,”* a repair trajectory addressin[9D[K
addressing ambiguity in “but” could continue by refining temporal relations[9D[K
relations or terminate once a clear conjunction is established within permi[5D[K
permissible manifolds. If subsequent discourse reveals no further ambiguity[9D[K
ambiguity, termination occurs, confirming admissible meaning continuity.

---

**Conclusion**

The exploration of admissibility criteria through constraint manifolds, rea[3D[K
reachable states, repair trajectories, and the dichotomy between continuati[10D[K
continuation and termination provides a comprehensive framework for analyzi[7D[K
analyzing linguistic repairs across both object‑based stability and process[7D[K
process‑based dynamism. By aligning with established claims such as those r[1D[K
regarding objects as compressed histories (Claim 7) and the necessity of **[2D[K
**Repair Before Identity** (Claim 15), this section underscores the geometr[7D[K
geometric visualization of distinctions as essential for maintaining discou[6D[K
discourse coherence. The integration of these concepts ensures that repair [K
mechanisms are both feasible and effective, preserving meaning continuity i[1D[K
in dynamic linguistic environments.

*Note: This revision adheres to formal academic prose, respects the provide[7D[K
provided outline, and integrates consistency with the project memory.*

No issues found.

**Admissibility**

The concept of admissibility within structural semantics and repair mechani[7D[K
mechanisms is crucial for determining how linguistic elements can be modifi[6D[K
modified or restored without violating constraints that govern meaning cont[4D[K
continuity. This section examines admissibility criteria through a geometri[8D[K
geometric perspective, outlining permissible pathways for repairs across bo[2D[K
both object‑based stability and process‑based dynamism.

### 5.1 Constraint Manifolds

Constraint manifolds are multidimensional surfaces defining viable repair o[1D[K
operations within the framework of structural semantics. They are delineate[9D[K
delineated by admissibility criteria that ensure modifications align with e[1D[K
existing structural relationships, preserving distinction integrity. In an [K
object‑based ontology, these manifolds may specify allowable vector adjustm[7D[K
adjustments to syntactic trees, maintaining referential stability (Claim 4)[9D[K
(Claim 4). Conversely, in a process‑based ontology, they could outline perm[4D[K
permissible topological transformations in discourse events, sustaining pra[3D[K
pragmatic coherence (Claim 5).

**Example:**  
For the sentence *“The cat sat on the mat,”* substituting “sat” with “lay” [K
remains admissible within an object‑based manifold if both verbs convey a r[1D[K
resting state without introducing ambiguity. The operation aligns with perm[4D[K
permissible verbal replacements.

### 5.2 Reachable States

Reachable states represent linguistic configurations achievable through val[3D[K
valid repair trajectories originating from a given state. These states are [K
constrained by distinction geometry, visualizing distinctions as points or [K
vectors in multidimensional space (Distinction Geometry). A trajectory's ad[2D[K
admissibility depends on its ability to traverse only within regions deline[6D[K
delineated by constraint manifolds, adhering to established criteria.

**Example:**  
In *“He gave her the book,”* correcting “her” to “him” is admissible if the[3D[K
the manifold permits gender reassignment without violating core referential[11D[K
referential relations. If excluded due to identity constraints, an alternat[8D[K
alternative correction (e.g., clarifying pronoun context) is necessary.

### 5.3 Repair Trajectories

Repair trajectories are paths through possible linguistic states from an in[2D[K
initial configuration to a repaired state. Their admissibility is evaluated[9D[K
evaluated by alignment with both object‑based stability and process‑based d[1D[K
dynamism. Object‑based trajectories prioritize minimal vector adjustments, [K
preserving intrinsic properties of syntactic objects (Claim 7). Process‑bas[11D[K
Process‑based trajectories emphasize continuous transformations aligning wi[2D[K
with evolving discourse contexts, ensuring dynamic meaning persistence (Cla[4D[K
(Claim 8).

**Example:**  
In *“I will meet you at the café,”* correcting “café” to “restaurant” is ad[2D[K
admissible if it maintains temporal coherence and referential clarity. The [K
geometric path must navigate through manifolds allowing semantic expansion [K
without disrupting pragmatic continuity.

### 5.4 Continuation versus Termination

The decision between continuation and termination of a repair trajectory hi[2D[K
hinges on whether further modifications are necessary or if the current con[3D[K
configuration satisfies all constraints. Continuation implies ongoing repai[5D[K
repairs, reflecting dynamic interactions in process‑based ontologies (Claim[6D[K
(Claim 9). Termination signifies reaching an admissible state where no furt[4D[K
further repairs are required, aligning with object‑based stability and the [K
notion of objects as compressed histories (Claim 7).

**Example:**  
In *“Despite the rain, she decided to go for a walk, but her friend opted t[1D[K
to stay indoors,”* addressing ambiguity in “but” may continue by refining t[1D[K
temporal relations or terminate once a clear conjunction is established wit[3D[K
within permissible manifolds. Termination confirms admissible meaning conti[5D[K
continuity if subsequent discourse reveals no further ambiguity.

---

**Conclusion**

Analyzing admissibility criteria through constraint manifolds, reachable st[2D[K
states, repair trajectories, and the dichotomy between continuation and ter[3D[K
termination provides a comprehensive framework for evaluating linguistic re[2D[K
repairs across object‑based stability and process‑based dynamism. By aligni[6D[K
aligning with established claims such as objects being compressed histories[9D[K
histories (Claim 7) and the necessity of **Repair Before Identity** (Claim [7D[K
(Claim 15), this section highlights the importance of geometric visualizati[11D[K
visualization of distinctions in maintaining discourse coherence. This inte[4D[K
integration ensures repair mechanisms are feasible and effective, preservin[9D[K
preserving meaning continuity in dynamic linguistic environments.

*Note: This revision adheres to formal academic prose, respects the provide[7D[K
provided outline, and integrates consistency with the project memory.*

# Project Memory

## Definitions
- **Structural Semantics**: A framework interpreting language through synta[5D[K
syntactic and semantic structures.
- **Object-Based Ontology**: An approach treating linguistic elements as im[2D[K
immutable objects within a static network, focusing on intrinsic properties[10D[K
properties and relationships (e.g., syntactic trees, semantic roles).
- **Process-Based Ontology**: A perspective viewing language production and[3D[K
and comprehension as fluid processes where meaning emerges through temporal[8D[K
temporal interactions and transformations (e.g., discourse events, pragmati[8D[K
pragmatic inferences).
- **Admissibility Criteria**: Determinants that guide the feasibility of re[2D[K
repair operations within linguistic structures.
- **Geometry of Repair**: A spatial metaphor visualizing repair mechanisms [K
as vector adjustments (object-based) or topological transformations (proces[7D[K
(process-based).
- **Distinction**: The foundational unit of structural semantics, delineati[9D[K
delineating boundaries that separate one set of linguistic elements from an[2D[K
another—semantic and functional rather than merely visual. Distinctions ope[3D[K
operate lexically, grammatically, and pragmatically, serving as information[11D[K
informational markers that signal shifts in focus or interpretation within [K
discourse.
- **Recursive Distinction**: Higher-order distinctions encapsulating lower-[6D[K
lower-level ones in a nested hierarchy, aligning with both object-based sta[3D[K
stability and process-based dynamism.
- **Distinction Geometry**: A geometric visualization of distinctions as po[2D[K
points or vectors in multidimensional space, where spatial relationships mi[2D[K
mirror the dynamics of linguistic repair.
- **Information without Representation**: Information conceptualized as a *[1D[K
*constraint* delineating permissible states within a system, independent of[2D[K
of any specific representational form, aligning with admissibility criteria[8D[K
criteria.
- **Repair Before Identity**: A framework emphasizing that repair operation[9D[K
operations must precede the establishment or maintenance of identity in lin[3D[K
linguistic structures to ensure coherent meaning continuity.

## Established Claims
1. Structural semantics provides a robust framework for analyzing language [K
through its structural components.
2. Object-based ontologies prioritize stable, referentially integrated enti[4D[K
entities within discourse.
3. Process-based ontologies emphasize dynamic, interactionally aligned proc[4D[K
processes sustaining meaning continuity.
4. Admissibility criteria are essential in evaluating the feasibility of re[2D[K
repairs across both object-based and process-based frameworks.
5. The geometry of repair can be conceptualized as vector adjustments for o[1D[K
object networks or topological transformations for discourse processes.
6. A unified model reconciling object-based stability with process-based dy[2D[K
dynamism enhances understanding of discourse coherence.
7. Objects function as *compressed histories*, summarizing past states whil[4D[K
while requiring continual reinforcement to remain distinct.
8. Persistence of linguistic elements is an active process rather than a pa[2D[K
passive attribute, necessitating dynamic maintenance for identity preservat[9D[K
preservation.
9. Distinctions serve as foundational units of structural semantics, deline[6D[K
delineating boundaries that separate one set of linguistic elements from an[2D[K
another.
10. Recursive distinctions allow higher-order distinctions to encapsulate l[1D[K
lower-level ones in a nested hierarchy, aligning with both object-based sta[3D[K
stability and process-based dynamism.
11. Distinction geometry visualizes distinctions as points or vectors in mu[2D[K
multidimensional space, where spatial relationships mirror the dynamics of [K
linguistic repair.
12. **Information without Representation**: Information is conceptualized a[1D[K
as a constraint delineating permissible states within a system, independent[11D[K
independent of any specific representational form, aligning with admissibil[10D[K
admissibility criteria.
13. **Structural Semantics and Repair**: Meaning emerges from repair operat[6D[K
operations that reconstruct anticipated patterns after disruptions, emphasi[7D[K
emphasizing the dynamic nature of meaning construction.
14. **Entropy and Distinctions**: Entropy reflects the loss or reduction of[2D[K
of permissible distinctions within a system, increasing uncertainty and nec[3D[K
necessitating higher reconstruction costs to restore clarity.
15. **Repair Before Identity**: Repair mechanisms must precede identity est[3D[K
establishment to ensure coherent meaning continuity across discourse contex[6D[K
contexts.

## Open Questions
1. How can empirical validations of the geometric repair model be conducted[9D[K
conducted across diverse multilingual and multimodal contexts?
2. What specific metrics can quantify spatial proximity and topological con[3D[K
continuity in real-time discourse analysis?
3. Are there inherent limitations to reconciling object-based and process-b[9D[K
process-based ontologies within a single geometric framework?
4. How do individual differences in language proficiency influence the admi[4D[K
admissibility of repair operations according to this model?
5. Can the geometry of repair be extended to non-linguistic communication m[1D[K
modalities (e.g., gestures, sign languages)?
6. What mechanisms allow process-based ontologies to effectively maintain m[1D[K
meaning persistence across evolving discourse contexts?
7. How does integrating biological and computational analogies enhance our [K
understanding of linguistic repair dynamics?
8. How do recursive distinctions influence the interpretation and repair of[2D[K
of complex sentences in real-time discourse?
9. How does the concept of information without representation impact the ad[2D[K
admissibility criteria for repair operations?
10. What are the implications of entropy on the geometry of repair, particu[7D[K
particularly in contexts with high ambiguity or redundancy?
11. How can the framework of **Repair Before Identity** be empirically test[4D[K
tested to validate its predictive power across various linguistic domains?

### Admissibility

The concept of admissibility within structural semantics and repair mechani[7D[K
mechanisms is crucial for determining how linguistic elements can be modifi[6D[K
modified or restored without violating constraints that govern meaning cont[4D[K
continuity. This section examines admissibility criteria through a geometri[8D[K
geometric perspective, outlining permissible pathways for repairs across bo[2D[K
both object‑based stability and process‑based dynamism.

#### 5.1 Constraint Manifolds

Constraint manifolds are multidimensional surfaces defining viable repair o[1D[K
operations within the framework of structural semantics. They are delineate[9D[K
delineated by admissibility criteria that ensure modifications align with e[1D[K
existing structural relationships, preserving distinction integrity. In an [K
object‑based ontology, these manifolds may specify allowable vector adjustm[7D[K
adjustments to syntactic trees, maintaining referential stability (Claim 4)[9D[K
(Claim 4). Conversely, in a process‑based ontology, they could outline perm[4D[K
permissible topological transformations in discourse events, sustaining pra[3D[K
pragmatic coherence (Claim 5).

**Example:**  
For the sentence *“The cat sat on the mat,”* substituting “sat” with “lay” [K
remains admissible within an object‑based manifold if both verbs convey a r[1D[K
resting state without introducing ambiguity. The operation aligns with perm[4D[K
permissible verbal replacements.

#### 5.2 Reachable States

Reachable states represent linguistic configurations achievable through val[3D[K
valid repair trajectories originating from a given state. These states are [K
constrained by distinction geometry, visualizing distinctions as points or [K
vectors in multidimensional space (Distinction Geometry). A trajectory's ad[2D[K
admissibility depends on its ability to traverse only within regions deline[6D[K
delineated by constraint manifolds, adhering to established criteria.

**Example:**  
In *“He gave her the book,”* correcting “her” to “him” is admissible if the[3D[K
the manifold permits gender reassignment without violating core referential[11D[K
referential relations. If excluded due to identity constraints, an alternat[8D[K
alternative correction (e.g., clarifying pronoun context) is necessary.

#### 5.3 Repair Trajectories

Repair trajectories are paths through possible linguistic states from an in[2D[K
initial configuration to a repaired state. Their admissibility is evaluated[9D[K
evaluated by alignment with both object‑based stability and process‑based d[1D[K
dynamism. Object‑based trajectories prioritize minimal vector adjustments, [K
preserving intrinsic properties of syntactic objects (Claim 7). Process‑bas[11D[K
Process‑based trajectories emphasize continuous transformations aligning wi[2D[K
with evolving discourse contexts, ensuring dynamic meaning persistence (Cla[4D[K
(Claim 8).

**Example:**  
In *“I will meet you at the café,”* correcting “café” to “restaurant” is ad[2D[K
admissible if it maintains temporal coherence and referential clarity. The [K
geometric path must navigate through manifolds allowing semantic expansion [K
without disrupting pragmatic continuity.

#### 5.4 Continuation versus Termination

The decision between continuation and termination of a repair trajectory hi[2D[K
hinges on whether further modifications are necessary or if the current con[3D[K
configuration satisfies all constraints. Continuation implies ongoing repai[5D[K
repairs, reflecting dynamic interactions in process‑based ontologies (Claim[6D[K
(Claim 9). Termination signifies reaching an admissible state where no furt[4D[K
further repairs are required, aligning with object‑based stability and the [K
notion of objects as compressed histories (Claim 7).

**Example:**  
In *“Despite the rain, she decided to go for a walk, but her friend opted t[1D[K
to stay indoors,”* addressing ambiguity in “but” may continue by refining t[1D[K
temporal relations or terminate once a clear conjunction is established wit[3D[K
within permissible manifolds. Termination confirms admissible meaning conti[5D[K
continuity if subsequent discourse reveals no further ambiguity.

---

**Conclusion**

Analyzing admissibility criteria through constraint manifolds, reachable st[2D[K
states, repair trajectories, and the dichotomy between continuation and ter[3D[K
termination provides a comprehensive framework for evaluating linguistic re[2D[K
repairs across object‑based stability and process‑based dynamism. By aligni[6D[K
aligning with established claims such as objects being compressed histories[9D[K
histories (Claim 7) and the necessity of **Repair Before Identity** (Claim [7D[K
(Claim 15), this section highlights the importance of geometric visualizati[11D[K
visualization of distinctions in maintaining discourse coherence. This inte[4D[K
integration ensures repair mechanisms are feasible and effective, preservin[9D[K
preserving meaning continuity in dynamic linguistic environments.

*Note: This revision adheres to formal academic prose, respects the provide[7D[K
provided outline, and integrates consistency with the project memory.*

